<html>
<body>
<pre>
<h1>µVision Build Log</h1>
<h2>Project:</h2>
E:\123\±êÇ©²âÊÔ\tag_soft\a7139_huanxing_new-»½ÐÑÓÐ¼ä¸ô\MDK-ARM\STM32F051R8_Demo.uvproj
Project File Date:  09/25/2015

<h2>Output:</h2>
Build target 'tag_wakeup_model'
linking...
Program Size: Code=6216 RO-data=248 RW-data=168 ZI-data=1280  
FromELF: creating hex file...
".\out\a7139_bugle.axf" - 0 Errors, 0 Warning(s).
Load "E:\\123\\±êÇ©²âÊÔ\\tag_soft\\a7139_huanxing_new-»½ÐÑÓÐ¼ä¸ô\\MDK-ARM\\out\\a7139_bugle.axf" 
Set JLink Project File to "E:\123\±êÇ©²âÊÔ\tag_soft\a7139_huanxing_new-»½ÐÑÓÐ¼ä¸ô\MDK-ARM\JLinkSettings.ini"
* JLink Info: Device "STM32F051R8" selected (64 KB flash, 8 KB RAM).
 
JLink info:
------------
DLL: V4.72a, compiled Jun 26 2013 11:49:14
Firmware: J-Link ARM V8 compiled Nov 14 2012 22:34:52
Hardware: V8.00
Feature(s) : RDI,FlashDL,FlashBP,JFlash,GDBFULL 
 
Load "E:\\123\\±êÇ©²âÊÔ\\tag_soft\\a7139_huanxing_new-»½ÐÑÓÐ¼ä¸ô\\MDK-ARM\\out\\a7139_bugle.axf" 
Set JLink Project File to "E:\123\±êÇ©²âÊÔ\tag_soft\a7139_huanxing_new-»½ÐÑÓÐ¼ä¸ô\MDK-ARM\JLinkSettings.ini"
* JLink Info: Device "STM32F051R8" selected (64 KB flash, 8 KB RAM).
 
JLink info:
------------
DLL: V4.72a, compiled Jun 26 2013 11:49:14
Firmware: J-Link ARM V8 compiled Nov 14 2012 22:34:52
Hardware: V8.00
Feature(s) : RDI,FlashDL,FlashBP,JFlash,GDBFULL 
 
Load "E:\\123\\±êÇ©²âÊÔ\\tag_soft\\a7139_huanxing_new-»½ÐÑÓÐ¼ä¸ô\\MDK-ARM\\out\\a7139_bugle.axf" 
Set JLink Project File to "E:\123\±êÇ©²âÊÔ\tag_soft\a7139_huanxing_new-»½ÐÑÓÐ¼ä¸ô\MDK-ARM\JLinkSettings.ini"
* JLink Info: Device "STM32F051R8" selected (64 KB flash, 8 KB RAM).
 
JLink info:
------------
DLL: V4.72a, compiled Jun 26 2013 11:49:14
Firmware: J-Link ARM V8 compiled Nov 14 2012 22:34:52
Hardware: V8.00
Feature(s) : RDI,FlashDL,FlashBP,JFlash,GDBFULL 
 
* JLink Info: Found SWD-DP with ID 0x0BB11477
* JLink Info: FPUnit: 4 code (BP) slots and 0 literal slots
* JLink Info: Found Cortex-M0 r0p0, Little endian.
ROMTableAddr = 0xE00FF003
 
Target info:
------------
Device: STM32F051R8
VTarget = 3.280V
State of Pins: 
TCK: 0, TDI: 0, TDO: 0, TMS: 1, TRES: 1, TRST: 0
Hardware-Breakpoints: 4
Software-Breakpoints: 8192
Watchpoints:          2
JTAG speed: 2000 kHz
 
***JLink Error: Can not read register 15 (R15) while CPU is running
**JLink Warning: CPU could not be halted
***JLink Error: Could not read memory location 0x20000000 when trying to clear soft RAM BP
***JLink Error: Can not read register 20 (CFBP) while CPU is running
Erase Failed!
Load "E:\\123\\±êÇ©²âÊÔ\\tag_soft\\a7139_huanxing_new-»½ÐÑÓÐ¼ä¸ô\\MDK-ARM\\out\\a7139_bugle.axf" 
Set JLink Project File to "E:\123\±êÇ©²âÊÔ\tag_soft\a7139_huanxing_new-»½ÐÑÓÐ¼ä¸ô\MDK-ARM\JLinkSettings.ini"
* JLink Info: Device "STM32F051R8" selected (64 KB flash, 8 KB RAM).
 
JLink info:
------------
DLL: V4.72a, compiled Jun 26 2013 11:49:14
Firmware: J-Link ARM V8 compiled Nov 14 2012 22:34:52
Hardware: V8.00
Feature(s) : RDI,FlashDL,FlashBP,JFlash,GDBFULL 
 
* JLink Info: Found SWD-DP with ID 0x0BB11477
***JLink Error: Could not read flash patch control register.
Load "E:\\123\\±êÇ©²âÊÔ\\tag_soft\\a7139_huanxing_new-»½ÐÑÓÐ¼ä¸ô\\MDK-ARM\\out\\a7139_bugle.axf" 
Set JLink Project File to "E:\123\±êÇ©²âÊÔ\tag_soft\a7139_huanxing_new-»½ÐÑÓÐ¼ä¸ô\MDK-ARM\JLinkSettings.ini"
* JLink Info: Device "STM32F051R8" selected (64 KB flash, 8 KB RAM).
 
JLink info:
------------
DLL: V4.72a, compiled Jun 26 2013 11:49:14
Firmware: J-Link ARM V8 compiled Nov 14 2012 22:34:52
Hardware: V8.00
Feature(s) : RDI,FlashDL,FlashBP,JFlash,GDBFULL 
 
Load "E:\\123\\±êÇ©²âÊÔ\\tag_soft\\a7139_huanxing_new-»½ÐÑÓÐ¼ä¸ô\\MDK-ARM\\out\\a7139_bugle.axf" 
Set JLink Project File to "E:\123\±êÇ©²âÊÔ\tag_soft\a7139_huanxing_new-»½ÐÑÓÐ¼ä¸ô\MDK-ARM\JLinkSettings.ini"
* JLink Info: Device "STM32F051R8" selected (64 KB flash, 8 KB RAM).
 
JLink info:
------------
DLL: V4.72a, compiled Jun 26 2013 11:49:14
Firmware: J-Link ARM V8 compiled Nov 14 2012 22:34:52
Hardware: V8.00
Feature(s) : RDI,FlashDL,FlashBP,JFlash,GDBFULL 
 
* JLink Info: Found SWD-DP with ID 0x0BB11477
* JLink Info: FPUnit: 4 code (BP) slots and 0 literal slots
* JLink Info: Found Cortex-M0 r0p0, Little endian.
ROMTableAddr = 0xE00FF003
 
Target info:
------------
Device: STM32F051R8
VTarget = 3.280V
State of Pins: 
TCK: 0, TDI: 0, TDO: 0, TMS: 1, TRES: 1, TRST: 0
Hardware-Breakpoints: 4
Software-Breakpoints: 8192
Watchpoints:          2
JTAG speed: 2000 kHz
 
Erase Done.
Programming Done.
Verify OK.
Application running ...
