<html>
<body>
<pre>
<h1>µVision Build Log</h1>
<h2>Project:</h2>
E:\123\±Í«©≤‚ ‘\tag_soft\a7139_huanxing_new-ªΩ–—”–º‰∏Ù\MDK-ARM\STM32F051R8_Demo.uvproj
Project File Date:  09/25/2015

<h2>Output:</h2>
Build target 'tag_wakeup_model'
compiling main.c...
..\src\main.c(19): warning:  #1295-D: Deprecated declaration IWDG_Init - give arg types
..\src\main.c(20): warning:  #1295-D: Deprecated declaration Feed_IWDG - give arg types
..\src\main.c(30): warning:  #223-D: function "InitRF" declared implicitly
..\src\main.c(48): warning:  #223-D: function "Tag_state_check" declared implicitly
..\src\main.c(91): warning:  #223-D: function "tag_timeout_handler" declared implicitly
..\src\main.c(98): warning:  #223-D: function "uart_buffer_clean" declared implicitly
compiling app_msg.c...
..\src\app_msg.c(14): warning:  #223-D: function "memcpy" declared implicitly
..\src\app_msg.c(81): warning:  #223-D: function "cmd_handle" declared implicitly
compiling sleep_wake.c...
..\sleep_wake\sleep_wake.c(84): warning:  #223-D: function "A7139_SetChn" declared implicitly
..\sleep_wake\sleep_wake.c(89): warning:  #223-D: function "memset" declared implicitly
..\sleep_wake\sleep_wake.c(152): warning:  #223-D: function "A7139_Send_Msg" declared implicitly
..\sleep_wake\sleep_wake.c(182): warning:  #223-D: function "cal_crc16" declared implicitly
..\sleep_wake\sleep_wake.c(186): warning:  #223-D: function "A7139_Fill_FIFO" declared implicitly
..\sleep_wake\sleep_wake.c(210): warning:  #223-D: function "A7139_SetChn" declared implicitly
..\sleep_wake\sleep_wake.c(196): warning:  #177-D: variable "ret" was declared but never referenced
..\sleep_wake\sleep_wake.c(245): warning:  #223-D: function "USART2_Send" declared implicitly
linking...
Program Size: Code=6216 RO-data=248 RW-data=168 ZI-data=1280  
FromELF: creating hex file...
".\out\a7139_bugle.axf" - 0 Errors, 16 Warning(s).
Build target 'tag_wakeup_model'
linking...
Program Size: Code=6216 RO-data=248 RW-data=168 ZI-data=1280  
FromELF: creating hex file...
".\out\a7139_bugle.axf" - 0 Errors, 0 Warning(s).
