ARM Linker, 5.03 [Build 76] [MDK-ARM Standard]

==============================================================================

Section Cross References

    startup_stm32f0xx.o(RESET) refers to startup_stm32f0xx.o(STACK) for __initial_sp
    startup_stm32f0xx.o(RESET) refers to startup_stm32f0xx.o(.text) for Reset_Handler
    startup_stm32f0xx.o(RESET) refers to stm32f0xx_it.o(.text) for NMI_Handler
    startup_stm32f0xx.o(RESET) refers to bsp_usart2.o(.text) for USART2_IRQHandler
    startup_stm32f0xx.o(.text) refers to system_stm32f0xx.o(.text) for SystemInit
    startup_stm32f0xx.o(.text) refers to entry.o(.ARM.Collect$$$$00000000) for __main
    main.o(.text) refers to bsp_usart2.o(.text) for USART2_Init
    main.o(.text) refers to bsp.o(.text) for Board_Init
    main.o(.text) refers to app_gui.o(.text) for load_tag_logo
    main.o(.text) refers to engineer_mode.o(.text) for tag_self_test
    main.o(.text) refers to app_key.o(.text) for key_state_change
    main.o(.text) refers to app_algo.o(.text) for App_init_process
    main.o(.text) refers to app_state.o(.text) for tag_app_sync_pkt
    system_stm32f0xx.o(.text) refers to uidiv.o(.text) for __aeabi_uidivmod
    system_stm32f0xx.o(.text) refers to system_stm32f0xx.o(.data) for .data
    stm32f0xx_it.o(.text) refers to bsp.o(.text) for SysTime_handle
    stm32f0xx_it.o(.text) refers to usr_lowpower.o(.text) for WakeUp_Init
    stm32f0xx_it.o(.text) refers to stm32f0xx_exti.o(.text) for EXTI_GetITStatus
    stm32f0xx_it.o(.text) refers to a7139_api.o(.text) for a7139_recv_handle
    stm32f0xx_it.o(.text) refers to usr_rtc.o(.text) for RTC_GetITStatus
    stm32f0xx_it.o(.text) refers to app_algo.o(.bss) for system_flag
    bsp.o(.text) refers to uidiv.o(.text) for __aeabi_uidivmod
    bsp.o(.text) refers to uread4.o(.text) for __aeabi_uread4
    bsp.o(.text) refers to uwrite4.o(.text) for __aeabi_uwrite4
    bsp.o(.text) refers to app_algo.o(.text) for len_on_timer_handler
    bsp.o(.text) refers to stm32f0xx_rcc.o(.text) for RCC_AHBPeriphClockCmd
    bsp.o(.text) refers to stm32f0xx_gpio.o(.text) for GPIO_SetBits
    bsp.o(.text) refers to stm32f0xx_dma.o(.text) for DMA_DeInit
    bsp.o(.text) refers to stm32f0xx_adc.o(.text) for ADC_DMARequestModeConfig
    bsp.o(.text) refers to stm32f0xx_misc.o(.text) for NVIC_Init
    bsp.o(.text) refers to stm32f0xx_syscfg.o(.text) for SYSCFG_EXTILineConfig
    bsp.o(.text) refers to stm32f0xx_exti.o(.text) for EXTI_ClearITPendingBit
    bsp.o(.text) refers to system_stm32f0xx.o(.data) for SystemCoreClock
    bsp.o(.text) refers to app_algo.o(.bss) for system_flag
    bsp.o(.text) refers to bsp.o(.constdata) for .constdata
    bsp.o(.text) refers to bsp.o(.data) for .data
    bsp.o(.text) refers to ep12864.o(.text) for Init_EPaper
    bsp.o(.text) refers to usr_rtc.o(.text) for RTC_LSE_Config
    bsp.o(.text) refers to a7139_api.o(.text) for InitRF
    bsp.o(.text) refers to memcpya.o(.text) for __aeabi_memcpy
    bsp.o(.text) refers to app_algo.o(.data) for tag_mac_Addr
    bsp_usart2.o(.text) refers to stm32f0xx_rcc.o(.text) for RCC_AHBPeriphClockCmd
    bsp_usart2.o(.text) refers to stm32f0xx_gpio.o(.text) for GPIO_PinAFConfig
    bsp_usart2.o(.text) refers to stm32f0xx_usart.o(.text) for USART_Init
    usr_rtc.o(.text) refers to stm32f0xx_rcc.o(.text) for RCC_APB1PeriphClockCmd
    usr_rtc.o(.text) refers to stm32f0xx_pwr.o(.text) for PWR_BackupAccessCmd
    usr_rtc.o(.text) refers to stm32f0xx_exti.o(.text) for EXTI_ClearITPendingBit
    usr_rtc.o(.text) refers to stm32f0xx_misc.o(.text) for NVIC_Init
    usr_rtc.o(.text) refers to uidiv.o(.text) for __aeabi_uidivmod
    usr_lowpower.o(.text) refers to stm32f0xx_gpio.o(.text) for GPIO_Init
    usr_lowpower.o(.text) refers to system_stm32f0xx.o(.text) for SystemInit
    usr_lowpower.o(.text) refers to bsp.o(.text) for SysTick_Init
    usr_lowpower.o(.text) refers to ep12864.o(.text) for Init_EPaper
    usr_lowpower.o(.text) refers to a7139.o(.text) for a7139_GPIO_Init
    usr_lowpower.o(.text) refers to app_flash.o(.text) for Flash_ReadTagInfo
    usr_lowpower.o(.text) refers to bsp_usart2.o(.text) for USART2_Init
    usr_lowpower.o(.text) refers to a7139_api.o(.text) for a7139_entry_sleep_mode
    usr_lowpower.o(.text) refers to app_algo.o(.text) for sys_info_print
    usr_lowpower.o(.text) refers to usr_rtc.o(.text) for generate_alarm_Interrupt
    usr_lowpower.o(.text) refers to stm32f0xx_pwr.o(.text) for PWR_EnterSTOPMode
    usr_lowpower.o(.text) refers to app_algo.o(.bss) for system_flag
    menu.o(.text) refers to memseta.o(.text) for __aeabi_memclr4
    menu.o(.text) refers to memcpya.o(.text) for __aeabi_memcpy
    menu.o(.text) refers to ep12864.o(.text) for Graph_Change
    menu.o(.text) refers to app_gui.o(.text) for Write_GUI
    menu.o(.text) refers to printf5.o(i.__0sprintf$5) for __2sprintf
    menu.o(.text) refers to uread4.o(.text) for __aeabi_uread4
    menu.o(.text) refers to strlen.o(.text) for strlen
[...]
    ../fplib/microlib/fpepilogue.c           0x00000000   Number         0  depilogue.o ABSOLUTE
    ../fplib/microlib/fpepilogue.c           0x00000000   Number         0  fepilogue.o ABSOLUTE
    ../fplib/microlib/fpfix.c                0x00000000   Number         0  dfixul.o ABSOLUTE
    ../fplib/microlib/fpfix.c                0x00000000   Number         0  ffixui.o ABSOLUTE
    ../fplib/microlib/fpflt.c                0x00000000   Number         0  ffltui.o ABSOLUTE
    ../fplib/microlib/fpmul.c                0x00000000   Number         0  dmul.o ABSOLUTE
    ../fplib/microlib/fpmul.c                0x00000000   Number         0  fmul.o ABSOLUTE
    ..\..\Libraries\STM32F0xx_StdPeriph_Driver\src\stm32f0xx_adc.c 0x00000000   Number         0  stm32f0xx_adc.o ABSOLUTE
    ..\..\Libraries\STM32F0xx_StdPeriph_Driver\src\stm32f0xx_dma.c 0x00000000   Number         0  stm32f0xx_dma.o ABSOLUTE
    ..\..\Libraries\STM32F0xx_StdPeriph_Driver\src\stm32f0xx_exti.c 0x00000000   Number         0  stm32f0xx_exti.o ABSOLUTE
    ..\..\Libraries\STM32F0xx_StdPeriph_Driver\src\stm32f0xx_flash.c 0x00000000   Number         0  stm32f0xx_flash.o ABSOLUTE
    ..\..\Libraries\STM32F0xx_StdPeriph_Driver\src\stm32f0xx_gpio.c 0x00000000   Number         0  stm32f0xx_gpio.o ABSOLUTE
    ..\..\Libraries\STM32F0xx_StdPeriph_Driver\src\stm32f0xx_iwdg.c 0x00000000   Number         0  stm32f0xx_iwdg.o ABSOLUTE
    ..\..\Libraries\STM32F0xx_StdPeriph_Driver\src\stm32f0xx_misc.c 0x00000000   Number         0  stm32f0xx_misc.o ABSOLUTE
    ..\..\Libraries\STM32F0xx_StdPeriph_Driver\src\stm32f0xx_pwr.c 0x00000000   Number         0  stm32f0xx_pwr.o ABSOLUTE
    ..\..\Libraries\STM32F0xx_StdPeriph_Driver\src\stm32f0xx_rcc.c 0x00000000   Number         0  stm32f0xx_rcc.o ABSOLUTE
    ..\..\Libraries\STM32F0xx_StdPeriph_Driver\src\stm32f0xx_syscfg.c 0x00000000   Number         0  stm32f0xx_syscfg.o ABSOLUTE
    ..\..\Libraries\STM32F0xx_StdPeriph_Driver\src\stm32f0xx_usart.c 0x00000000   Number         0  stm32f0xx_usart.o ABSOLUTE
    ..\..\Libraries\a7139\a7139.c            0x00000000   Number         0  a7139.o ABSOLUTE
    ..\..\Libraries\a7139\a7139_api.c        0x00000000   Number         0  a7139_api.o ABSOLUTE
    ..\..\Src\BSP_USART2.c                   0x00000000   Number         0  bsp_usart2.o ABSOLUTE
    ..\..\Src\app_algo.c                     0x00000000   Number         0  app_algo.o ABSOLUTE
    ..\..\Src\app_flash.c                    0x00000000   Number         0  app_flash.o ABSOLUTE
    ..\..\Src\app_gui.c                      0x00000000   Number         0  app_gui.o ABSOLUTE
    ..\..\Src\app_key.c                      0x00000000   Number         0  app_key.o ABSOLUTE
    ..\..\Src\app_msg.c                      0x00000000   Number         0  app_msg.o ABSOLUTE
    ..\..\Src\app_state.c                    0x00000000   Number         0  app_state.o ABSOLUTE
    ..\..\Src\app_usr_function.c             0x00000000   Number         0  app_usr_function.o ABSOLUTE
    ..\..\Src\app_wrscreen.c                 0x00000000   Number         0  app_wrscreen.o ABSOLUTE
    ..\..\Src\bsp.c                          0x00000000   Number         0  bsp.o ABSOLUTE
    ..\..\Src\crc16.c                        0x00000000   Number         0  crc16.o ABSOLUTE
    ..\..\Src\engineer_mode.c                0x00000000   Number         0  engineer_mode.o ABSOLUTE
    ..\..\Src\ep12864.c                      0x00000000   Number         0  ep12864.o ABSOLUTE
    ..\..\Src\main.c                         0x00000000   Number         0  main.o ABSOLUTE
    ..\..\Src\menu.c                         0x00000000   Number         0  menu.o ABSOLUTE
    ..\..\Src\pkt_build.c                    0x00000000   Number         0  pkt_build.o ABSOLUTE
    ..\..\Src\pmw_led.c                      0x00000000   Number         0  pmw_led.o ABSOLUTE
    ..\..\Src\stm32f0xx_it.c                 0x00000000   Number         0  stm32f0xx_it.o ABSOLUTE
    ..\..\Src\system_stm32f0xx.c             0x00000000   Number         0  system_stm32f0xx.o ABSOLUTE
    ..\..\Src\usr_lowpower.c                 0x00000000   Number         0  usr_lowpower.o ABSOLUTE
    ..\..\Src\usr_rtc.c                      0x00000000   Number         0  usr_rtc.o ABSOLUTE
    ..\\..\\Libraries\\STM32F0xx_StdPeriph_Driver\\src\\stm32f0xx_adc.c 0x00000000   Number         0  stm32f0xx_adc.o ABSOLUTE
    ..\\..\\Libraries\\STM32F0xx_StdPeriph_Driver\\src\\stm32f0xx_dma.c 0x00000000   Number         0  stm32f0xx_dma.o ABSOLUTE
    ..\\..\\Libraries\\STM32F0xx_StdPeriph_Driver\\src\\stm32f0xx_exti.c 0x00000000   Number         0  stm32f0xx_exti.o ABSOLUTE
    ..\\..\\Libraries\\STM32F0xx_StdPeriph_Driver\\src\\stm32f0xx_flash.c 0x00000000   Number         0  stm32f0xx_flash.o ABSOLUTE
    ..\\..\\Libraries\\STM32F0xx_StdPeriph_Driver\\src\\stm32f0xx_gpio.c 0x00000000   Number         0  stm32f0xx_gpio.o ABSOLUTE
    ..\\..\\Libraries\\STM32F0xx_StdPeriph_Driver\\src\\stm32f0xx_iwdg.c 0x00000000   Number         0  stm32f0xx_iwdg.o ABSOLUTE
    ..\\..\\Libraries\\STM32F0xx_StdPeriph_Driver\\src\\stm32f0xx_misc.c 0x00000000   Number         0  stm32f0xx_misc.o ABSOLUTE
    ..\\..\\Libraries\\STM32F0xx_StdPeriph_Driver\\src\\stm32f0xx_pwr.c 0x00000000   Number         0  stm32f0xx_pwr.o ABSOLUTE
    ..\\..\\Libraries\\STM32F0xx_StdPeriph_Driver\\src\\stm32f0xx_rcc.c 0x00000000   Number         0  stm32f0xx_rcc.o ABSOLUTE
    ..\\..\\Libraries\\STM32F0xx_StdPeriph_Driver\\src\\stm32f0xx_syscfg.c 0x00000000   Number         0  stm32f0xx_syscfg.o ABSOLUTE
    ..\\..\\Libraries\\STM32F0xx_StdPeriph_Driver\\src\\stm32f0xx_usart.c 0x00000000   Number         0  stm32f0xx_usart.o ABSOLUTE
    ..\\..\\Libraries\\a7139\\a7139.c        0x00000000   Number         0  a7139.o ABSOLUTE
    ..\\..\\Libraries\\a7139\\a7139_api.c    0x00000000   Number         0  a7139_api.o ABSOLUTE
    ..\\..\\Src\\BSP_USART2.c                0x00000000   Number         0  bsp_usart2.o ABSOLUTE
    ..\\..\\Src\\app_algo.c                  0x00000000   Number         0  app_algo.o ABSOLUTE
    ..\\..\\Src\\app_flash.c                 0x00000000   Number         0  app_flash.o ABSOLUTE
    ..\\..\\Src\\app_gui.c                   0x00000000   Number         0  app_gui.o ABSOLUTE
    ..\\..\\Src\\app_key.c                   0x00000000   Number         0  app_key.o ABSOLUTE
    ..\\..\\Src\\app_msg.c                   0x00000000   Number         0  app_msg.o ABSOLUTE
    ..\\..\\Src\\app_state.c                 0x00000000   Number         0  app_state.o ABSOLUTE
    ..\\..\\Src\\app_usr_function.c          0x00000000   Number         0  app_usr_function.o ABSOLUTE
    ..\\..\\Src\\app_wrscreen.c              0x00000000   Number         0  app_wrscreen.o ABSOLUTE
    ..\\..\\Src\\bsp.c                       0x00000000   Number         0  bsp.o ABSOLUTE
    ..\\..\\Src\\crc16.c                     0x00000000   Number         0  crc16.o ABSOLUTE
    ..\\..\\Src\\engineer_mode.c             0x00000000   Number         0  engineer_mode.o ABSOLUTE
    ..\\..\\Src\\ep12864.c                   0x00000000   Number         0  ep12864.o ABSOLUTE
    ..\\..\\Src\\main.c                      0x00000000   Number         0  main.o ABSOLUTE
    ..\\..\\Src\\menu.c                      0x00000000   Number         0  menu.o ABSOLUTE
    ..\\..\\Src\\pkt_build.c                 0x00000000   Number         0  pkt_build.o ABSOLUTE
    ..\\..\\Src\\pmw_led.c                   0x00000000   Number         0  pmw_led.o ABSOLUTE
    ..\\..\\Src\\stm32f0xx_it.c              0x00000000   Number         0  stm32f0xx_it.o ABSOLUTE
    ..\\..\\Src\\system_stm32f0xx.c          0x00000000   Number         0  system_stm32f0xx.o ABSOLUTE
    ..\\..\\Src\\usr_lowpower.c              0x00000000   Number         0  usr_lowpower.o ABSOLUTE
    ..\\..\\Src\\usr_rtc.c                   0x00000000   Number         0  usr_rtc.o ABSOLUTE
    cdrcmple.s                               0x00000000   Number         0  cdrcmple.o ABSOLUTE
    dc.s                                     0x00000000   Number         0  dc.o ABSOLUTE
    handlers.s                               0x00000000   Number         0  handlers.o ABSOLUTE
    init.s                                   0x00000000   Number         0  init.o ABSOLUTE
    startup_stm32f0xx.s                      0x00000000   Number         0  startup_stm32f0xx.o ABSOLUTE
    RESET                                    0x08001400   Section      192  startup_stm32f0xx.o(RESET)
    .ARM.Collect$$$$00000000                 0x080014c0   Section        0  entry.o(.ARM.Collect$$$$00000000)
    .ARM.Collect$$$$00000001                 0x080014c0   Section        4  entry2.o(.ARM.Collect$$$$00000001)
    .ARM.Collect$$$$00000004                 0x080014c4   Section        4  entry5.o(.ARM.Collect$$$$00000004)
    .ARM.Collect$$$$00000008                 0x080014c8   Section        0  entry7b.o(.ARM.Collect$$$$00000008)
    .ARM.Collect$$$$0000000A                 0x080014c8   Section        0  entry8b.o(.ARM.Collect$$$$0000000A)
    .ARM.Collect$$$$0000000B                 0x080014c8   Section        8  entry9a.o(.ARM.Collect$$$$0000000B)
    .ARM.Collect$$$$0000000D                 0x080014d0   Section        0  entry10a.o(.ARM.Collect$$$$0000000D)
    .ARM.Collect$$$$0000000F                 0x080014d0   Section        0  entry11a.o(.ARM.Collect$$$$0000000F)
    .ARM.Collect$$$$00002712                 0x080014d0   Section        4  entry2.o(.ARM.Collect$$$$00002712)
    __lit__00000000                          0x080014d0   Data           4  entry2.o(.ARM.Collect$$$$00002712)
    .text                                    0x080014d4   Section       28  startup_stm32f0xx.o(.text)
    .text                                    0x080014f0   Section        0  main.o(.text)
    .text                                    0x0800152c   Section        0  system_stm32f0xx.o(.text)
    SetSysClock                              0x080015db   Thumb Code   142  system_stm32f0xx.o(.text)
    .text                                    0x08001684   Section        0  stm32f0xx_it.o(.text)
    .text                                    0x080017b8   Section        0  bsp.o(.text)
    SysTick_Config                           0x08001cb9   Thumb Code    44  bsp.o(.text)
    .text                                    0x08001d00   Section        0  bsp_usart2.o(.text)
    .text                                    0x08001dc8   Section        0  usr_rtc.o(.text)
    RTC_ByteToBcd2                           0x08002247   Thumb Code    24  usr_rtc.o(.text)
    RTC_Bcd2ToByte                           0x0800225f   Thumb Code    16  usr_rtc.o(.text)
    .text                                    0x08002274   Section        0  usr_lowpower.o(.text)
    Sleep_Init                               0x08002275   Thumb Code   204  usr_lowpower.o(.text)
    .text                                    0x08002428   Section        0  crc16.o(.text)
    .text                                    0x080024a0   Section        0  menu.o(.text)
    .text                                    0x080027dc   Section        0  engineer_mode.o(.text)
    .text                                    0x08002bf8   Section        0  pmw_led.o(.text)
    .text                                    0x08002e8c   Section        0  app_msg.o(.text)
    App_recvAckRsp                           0x08003055   Thumb Code   342  app_msg.o(.text)
    App_recvQueryRsp                         0x080031ab   Thumb Code   616  app_msg.o(.text)
    .text                                    0x08003b18   Section        0  pkt_build.o(.text)
    RfBuildHeader                            0x08003b19   Thumb Code   146  pkt_build.o(.text)
    .text                                    0x08003dc8   Section        0  app_algo.o(.text)
    App_data_Init                            0x080042e1   Thumb Code   140  app_algo.o(.text)
    .text                                    0x08004394   Section        0  app_gui.o(.text)
    .text                                    0x08004574   Section        0  app_state.o(.text)
    App_Find_Run                             0x080046df   Thumb Code    56  app_state.o(.text)
    App_Join_Run                             0x08004717   Thumb Code    64  app_state.o(.text)
    App_Listen_Run                           0x08004757   Thumb Code    90  app_state.o(.text)
    App_Standby_Run                          0x080047b1   Thumb Code    98  app_state.o(.text)
    .text                                    0x080048a8   Section        0  app_wrscreen.o(.text)
    back_up_block_info_to_flash              0x08004d1f   Thumb Code   296  app_wrscreen.o(.text)
    .text                                    0x0800504c   Section        0  app_flash.o(.text)
    .text                                    0x080054d8   Section        0  app_key.o(.text)
    .text                                    0x0800558c   Section        0  app_usr_function.o(.text)
    .text                                    0x0800583c   Section        0  ep12864.o(.text)
    com_out                                  0x0800583d   Thumb Code    90  ep12864.o(.text)
    data_out                                 0x08005a1b   Thumb Code    88  ep12864.o(.text)
    Set_Page_Address                         0x08005d0d   Thumb Code    12  ep12864.o(.text)
    Set_Column_Address                       0x08005d19   Thumb Code    22  ep12864.o(.text)
    .text                                    0x08005d30   Section        0  stm32f0xx_rcc.o(.text)
    .text                                    0x0800613c   Section        0  stm32f0xx_flash.o(.text)
    .text                                    0x08006588   Section        0  stm32f0xx_gpio.o(.text)
    .text                                    0x080066e4   Section        0  stm32f0xx_pwr.o(.text)
    .text                                    0x080067c4   Section        0  stm32f0xx_exti.o(.text)
    .text                                    0x08006898   Section        0  stm32f0xx_syscfg.o(.text)
    .text                                    0x08006930   Section        0  stm32f0xx_misc.o(.text)
    .text                                    0x080069ac   Section        0  stm32f0xx_adc.o(.text)
    .text                                    0x08006bd0   Section        0  stm32f0xx_dma.o(.text)
    .text                                    0x08006cf4   Section        0  stm32f0xx_usart.o(.text)
    .text                                    0x0800715c   Section        0  a7139.o(.text)
    .text                                    0x080076a8   Section        0  a7139_api.o(.text)
    .text                                    0x08007b10   Section        0  uidiv.o(.text)
    .text                                    0x08007b3c   Section        0  idiv.o(.text)
    .text                                    0x08007b64   Section        0  rand.o(.text)
    .text                                    0x08007b88   Section        0  memcpya.o(.text)
    .text                                    0x08007bac   Section        0  memseta.o(.text)
    .text                                    0x08007bd0   Section        0  strlen.o(.text)
    .text                                    0x08007bde   Section        0  memcmp.o(.text)
    .text                                    0x08007bf8   Section        0  uread4.o(.text)
    .text                                    0x08007c0c   Section        0  uwrite4.o(.text)
    .text                                    0x08007c1e   Section        0  fmul.o(.text)
    .text                                    0x08007c98   Section        0  fdiv.o(.text)
    .text                                    0x08007d14   Section        0  ffltui.o(.text)
    .text                                    0x08007d22   Section        0  ffixui.o(.text)
    .text                                    0x08007d4a   Section        0  uldiv.o(.text)
    .text                                    0x08007daa   Section        0  fepilogue.o(.text)
    .text                                    0x08007daa   Section        0  iusefp.o(.text)
    .text                                    0x08007e30   Section       36  init.o(.text)
    .text                                    0x08007e54   Section        0  llshl.o(.text)
    .text                                    0x08007e74   Section        0  llushr.o(.text)
    i.__0sprintf$5                           0x08007e98   Section        0  printf5.o(i.__0sprintf$5)
    i.__ARM_common_switch8                   0x08007ec0   Section        0  app_msg.o(i.__ARM_common_switch8)
    i.__scatterload_copy                     0x08007eda   Section       14  handlers.o(i.__scatterload_copy)
    i.__scatterload_null                     0x08007ee8   Section        2  handlers.o(i.__scatterload_null)
    i.__scatterload_zeroinit                 0x08007eea   Section       14  handlers.o(i.__scatterload_zeroinit)
    i._printf_core                           0x08007ef8   Section        0  printf5.o(i._printf_core)
    _printf_core                             0x08007ef9   Thumb Code   688  printf5.o(i._printf_core)
    i._sputc                                 0x080081d4   Section        0  printf5.o(i._sputc)
    _sputc                                   0x080081d5   Thumb Code    10  printf5.o(i._sputc)
    .constdata                               0x080081e0   Section       52  bsp.o(.constdata)
    .constdata                               0x08008214   Section       24  a7139.o(.constdata)
    .data                                    0x200000c0   Section       20  system_stm32f0xx.o(.data)
    .data                                    0x200000d4   Section       64  bsp.o(.data)
    .data                                    0x20000114   Section        4  bsp.o(.data)
    .data                                    0x20000118   Section        8  menu.o(.data)
    .data                                    0x20000120   Section        8  engineer_mode.o(.data)
    test_recv_times                          0x20000122   Data           2  engineer_mode.o(.data)
    test_rssi_max                            0x20000124   Data           2  engineer_mode.o(.data)
    test_rssi_min                            0x20000126   Data           2  engineer_mode.o(.data)
    .data                                    0x20000128   Section        1  pmw_led.o(.data)
    .data                                    0x2000012c   Section        8  app_msg.o(.data)
    check_sum                                0x20000130   Data           4  app_msg.o(.data)
    .data                                    0x20000134   Section       15  app_algo.o(.data)
    .data                                    0x20000144   Section        2  app_gui.o(.data)
    .data                                    0x20000146   Section        2  app_wrscreen.o(.data)
    last_char_block                          0x20000146   Data           1  app_wrscreen.o(.data)
    last_dig_block                           0x20000147   Data           1  app_wrscreen.o(.data)
    .data                                    0x20000148   Section        1  app_key.o(.data)
    key_state                                0x20000148   Data           1  app_key.o(.data)
    .data                                    0x20000149   Section        2  app_usr_function.o(.data)
    .data                                    0x2000014b   Section       16  stm32f0xx_rcc.o(.data)
    APBAHBPrescTable                         0x2000014b   Data          16  stm32f0xx_rcc.o(.data)
    .data                                    0x2000015c   Section      100  a7139.o(.data)
    .data                                    0x200001c0   Section        8  a7139_api.o(.data)
    .data                                    0x200001c8   Section        4  rand.o(.data)
    _rand_state                              0x200001c8   Data           4  rand.o(.data)
    .bss                                     0x200001cc   Section       15  app_msg.o(.bss)
    .bss                                     0x200001db   Section      989  app_algo.o(.bss)
    .bss                                     0x200005b8   Section       34  app_algo.o(.bss)
    .bss                                     0x200005da   Section     1024  app_gui.o(.bss)
    .bss                                     0x200009da   Section     2053  app_gui.o(.bss)
    STACK                                    0x200011e0   Section     2048  startup_stm32f0xx.o(STACK)

    Global Symbols

    Symbol Name                              Value     Ov Type        Size  Object(Section)

    BuildAttributes$$THM_ISAv3M$S$PE$A:L22$X:L11$S22$IEEE1$IW$USESV6$~STKCKD$USESV7$~SHL$OTIME$ROPI$EBA8$MICROLIB$REQ8$PRES8$EABIv2 0x00000000   Number         0  anon$$obj.o ABSOLUTE
    __ARM_use_no_argv                        0x00000000   Number         0  main.o ABSOLUTE
    _printf_a                                0x00000000   Number         0  stubs.o ABSOLUTE
    _printf_c                                0x00000000   Number         0  stubs.o ABSOLUTE
    _printf_charcount                        0x00000000   Number         0  stubs.o ABSOLUTE
    _printf_d                                0x00000000   Number         0  stubs.o ABSOLUTE
    _printf_e                                0x00000000   Number         0  stubs.o ABSOLUTE
    _printf_f                                0x00000000   Number         0  stubs.o ABSOLUTE
    _printf_flags                            0x00000000   Number         0  stubs.o ABSOLUTE
    _printf_fp_dec                           0x00000000   Number         0  stubs.o ABSOLUTE
    _printf_fp_hex                           0x00000000   Number         0  stubs.o ABSOLUTE
    _printf_g                                0x00000000   Number         0  stubs.o ABSOLUTE
    _printf_i                                0x00000000   Number         0  stubs.o ABSOLUTE
    _printf_int_dec                          0x00000000   Number         0  stubs.o ABSOLUTE
    _printf_l                                0x00000000   Number         0  stubs.o ABSOLUTE
    _printf_lc                               0x00000000   Number         0  stubs.o ABSOLUTE
    _printf_ll                               0x00000000   Number         0  stubs.o ABSOLUTE
    _printf_lld                              0x00000000   Number         0  stubs.o ABSOLUTE
    _printf_lli                              0x00000000   Number         0  stubs.o ABSOLUTE
    _printf_llo                              0x00000000   Number         0  stubs.o ABSOLUTE
    _printf_llu                              0x00000000   Number         0  stubs.o ABSOLUTE
    _printf_llx                              0x00000000   Number         0  stubs.o ABSOLUTE
    _printf_longlong_dec                     0x00000000   Number         0  stubs.o ABSOLUTE
    _printf_longlong_hex                     0x00000000   Number         0  stubs.o ABSOLUTE
    _printf_longlong_oct                     0x00000000   Number         0  stubs.o ABSOLUTE
    _printf_ls                               0x00000000   Number         0  stubs.o ABSOLUTE
    _printf_mbtowc                           0x00000000   Number         0  stubs.o ABSOLUTE
    _printf_n                                0x00000000   Number         0  stubs.o ABSOLUTE
    _printf_o                                0x00000000   Number         0  stubs.o ABSOLUTE
    _printf_p                                0x00000000   Number         0  stubs.o ABSOLUTE
    _printf_percent                          0x00000000   Number         0  stubs.o ABSOLUTE
    _printf_pre_padding                      0x00000000   Number         0  stubs.o ABSOLUTE
    _printf_return_value                     0x00000000   Number         0  stubs.o ABSOLUTE
    _printf_s                                0x00000000   Number         0  stubs.o ABSOLUTE
    _printf_sizespec                         0x00000000   Number         0  stubs.o ABSOLUTE
    _printf_str                              0x00000000   Number         0  stubs.o ABSOLUTE
    _printf_truncate_signed                  0x00000000   Number         0  stubs.o ABSOLUTE
    _printf_truncate_unsigned                0x00000000   Number         0  stubs.o ABSOLUTE
    _printf_u                                0x00000000   Number         0  stubs.o ABSOLUTE
    _printf_wc                               0x00000000   Number         0  stubs.o ABSOLUTE
    _printf_wctomb                           0x00000000   Number         0  stubs.o ABSOLUTE
    _printf_widthprec                        0x00000000   Number         0  stubs.o ABSOLUTE
    _printf_x                                0x00000000   Number         0  stubs.o ABSOLUTE
    __cpp_initialize__aeabi_                  - Undefined Weak Reference
    __cxa_finalize                            - Undefined Weak Reference
    __decompress                              - Undefined Weak Reference
    _clock_init                               - Undefined Weak Reference
    _microlib_exit                            - Undefined Weak Reference
    __Vectors_Size                           0x000000c0   Number         0  startup_stm32f0xx.o ABSOLUTE
    __Vectors                                0x08001400   Data           4  startup_stm32f0xx.o(RESET)
    __Vectors_End                            0x080014c0   Data           0  startup_stm32f0xx.o(RESET)
    __main                                   0x080014c1   Thumb Code     0  entry.o(.ARM.Collect$$$$00000000)
    _main_stk                                0x080014c1   Thumb Code     0  entry2.o(.ARM.Collect$$$$00000001)
    _main_scatterload                        0x080014c5   Thumb Code     0  entry5.o(.ARM.Collect$$$$00000004)
    __main_after_scatterload                 0x080014c9   Thumb Code     0  entry5.o(.ARM.Collect$$$$00000004)
    _main_clock                              0x080014c9   Thumb Code     0  entry7b.o(.ARM.Collect$$$$00000008)
    _main_cpp_init                           0x080014c9   Thumb Code     0  entry8b.o(.ARM.Collect$$$$0000000A)
    _main_init                               0x080014c9   Thumb Code     0  entry9a.o(.ARM.Collect$$$$0000000B)
    __rt_final_cpp                           0x080014d1   Thumb Code     0  entry10a.o(.ARM.Collect$$$$0000000D)
    __rt_final_exit                          0x080014d1   Thumb Code     0  entry11a.o(.ARM.Collect$$$$0000000F)
    Reset_Handler                            0x080014d5   Thumb Code     8  startup_stm32f0xx.o(.text)
    ADC1_COMP_IRQHandler                     0x080014e7   Thumb Code     0  startup_stm32f0xx.o(.text)
    CEC_IRQHandler                           0x080014e7   Thumb Code     0  startup_stm32f0xx.o(.text)
    DMA1_Channel1_IRQHandler                 0x080014e7   Thumb Code     0  startup_stm32f0xx.o(.text)
    DMA1_Channel2_3_IRQHandler               0x080014e7   Thumb Code     0  startup_stm32f0xx.o(.text)
    DMA1_Channel4_5_IRQHandler               0x080014e7   Thumb Code     0  startup_stm32f0xx.o(.text)
    FLASH_IRQHandler                         0x080014e7   Thumb Code     0  startup_stm32f0xx.o(.text)
    I2C1_IRQHandler                          0x080014e7   Thumb Code     0  startup_stm32f0xx.o(.text)
    I2C2_IRQHandler                          0x080014e7   Thumb Code     0  startup_stm32f0xx.o(.text)
    PVD_IRQHandler                           0x080014e7   Thumb Code     0  startup_stm32f0xx.o(.text)
    RCC_IRQHandler                           0x080014e7   Thumb Code     0  startup_stm32f0xx.o(.text)
    SPI1_IRQHandler                          0x080014e7   Thumb Code     0  startup_stm32f0xx.o(.text)
    SPI2_IRQHandler                          0x080014e7   Thumb Code     0  startup_stm32f0xx.o(.text)
    TIM14_IRQHandler                         0x080014e7   Thumb Code     0  startup_stm32f0xx.o(.text)
    TIM15_IRQHandler                         0x080014e7   Thumb Code     0  startup_stm32f0xx.o(.text)
    TIM16_IRQHandler                         0x080014e7   Thumb Code     0  startup_stm32f0xx.o(.text)
    TIM17_IRQHandler                         0x080014e7   Thumb Code     0  startup_stm32f0xx.o(.text)
    TIM1_BRK_UP_TRG_COM_IRQHandler           0x080014e7   Thumb Code     0  startup_stm32f0xx.o(.text)
    TIM1_CC_IRQHandler                       0x080014e7   Thumb Code     0  startup_stm32f0xx.o(.text)
    TIM2_IRQHandler                          0x080014e7   Thumb Code     0  startup_stm32f0xx.o(.text)
    TIM3_IRQHandler                          0x080014e7   Thumb Code     0  startup_stm32f0xx.o(.text)
    TIM6_DAC_IRQHandler                      0x080014e7   Thumb Code     0  startup_stm32f0xx.o(.text)
    TS_IRQHandler                            0x080014e7   Thumb Code     0  startup_stm32f0xx.o(.text)
    USART1_IRQHandler                        0x080014e7   Thumb Code     0  startup_stm32f0xx.o(.text)
    WWDG_IRQHandler                          0x080014e7   Thumb Code     0  startup_stm32f0xx.o(.text)
    main                                     0x080014f1   Thumb Code    56  main.o(.text)
    SystemInit                               0x0800152d   Thumb Code    84  system_stm32f0xx.o(.text)
    SystemCoreClockUpdate                    0x08001581   Thumb Code    90  system_stm32f0xx.o(.text)
    NMI_Handler                              0x08001685   Thumb Code     2  stm32f0xx_it.o(.text)
    HardFault_Handler                        0x08001687   Thumb Code     2  stm32f0xx_it.o(.text)
    SVC_Handler                              0x08001689   Thumb Code     2  stm32f0xx_it.o(.text)
    PendSV_Handler                           0x0800168b   Thumb Code     2  stm32f0xx_it.o(.text)
    SysTick_Handler                          0x0800168d   Thumb Code     8  stm32f0xx_it.o(.text)
    EXTI0_1_IRQHandler                       0x08001695   Thumb Code    66  stm32f0xx_it.o(.text)
    EXTI2_3_IRQHandler                       0x080016d7   Thumb Code    54  stm32f0xx_it.o(.text)
    EXTI4_15_IRQHandler                      0x0800170d   Thumb Code   116  stm32f0xx_it.o(.text)
    RTC_IRQHandler                           0x08001781   Thumb Code    50  stm32f0xx_it.o(.text)
    SysTick_Init                             0x080017b9   Thumb Code    26  bsp.o(.text)
    SysTime_handle                           0x080017d3   Thumb Code    72  bsp.o(.text)
    Delay_ms                                 0x0800181b   Thumb Code    18  bsp.o(.text)
    Delay100us                               0x0800182d   Thumb Code    34  bsp.o(.text)
    Rcc_Init                                 0x0800184f   Thumb Code    36  bsp.o(.text)
    Rcc_DeInit                               0x08001873   Thumb Code     2  bsp.o(.text)
    Set_LedOn                                0x08001875   Thumb Code    20  bsp.o(.text)
    Set_LedOff                               0x08001889   Thumb Code    20  bsp.o(.text)
    dis_play_led                             0x0800189d   Thumb Code    54  bsp.o(.text)
    turn_all_led_off                         0x080018d3   Thumb Code    28  bsp.o(.text)
    turn_on_led                              0x080018ef   Thumb Code     2  bsp.o(.text)
    Led_toggle                               0x080018f1   Thumb Code    36  bsp.o(.text)
    LED_Init                                 0x08001915   Thumb Code    32  bsp.o(.text)
    Key_ReadValue                            0x08001935   Thumb Code    24  bsp.o(.text)
    Button_Init                              0x0800194d   Thumb Code    46  bsp.o(.text)
    EP12865_IO_Init                          0x0800197b   Thumb Code    42  bsp.o(.text)
    EP12864_IO_SetBit                        0x080019a5   Thumb Code    24  bsp.o(.text)
    EP12864_IO_RstBit                        0x080019bd   Thumb Code    24  bsp.o(.text)
    EP12864_Init                             0x080019d5   Thumb Code    64  bsp.o(.text)
    Power_ADC_Init                           0x08001a15   Thumb Code   334  bsp.o(.text)
    nvic_rf_rx                               0x08001b63   Thumb Code    22  bsp.o(.text)
    GPIO_Exti_Init                           0x08001b79   Thumb Code   202  bsp.o(.text)
    IAP_Set                                  0x08001c43   Thumb Code    42  bsp.o(.text)
    system_reset                             0x08001c6d   Thumb Code    16  bsp.o(.text)
    Board_Init                               0x08001c7d   Thumb Code    60  bsp.o(.text)
    USART2_Init                              0x08001d01   Thumb Code   114  bsp_usart2.o(.text)
    USART2_IRQHandler                        0x08001d73   Thumb Code    36  bsp_usart2.o(.text)
    USART2_Send                              0x08001d97   Thumb Code    40  bsp_usart2.o(.text)
    RTC_AlarmCmd                             0x08001dc9   Thumb Code    74  usr_rtc.o(.text)
    RTC_ITConfig                             0x08001e13   Thumb Code    56  usr_rtc.o(.text)
    RTC_ClearITPendingBit                    0x08001e4b   Thumb Code    22  usr_rtc.o(.text)
    RTC_SetAlarm                             0x08001e61   Thumb Code   130  usr_rtc.o(.text)
    ConfigRTC_Alarm                          0x08001ee3   Thumb Code   112  usr_rtc.o(.text)
    CloseRTC_Alarm                           0x08001f53   Thumb Code     8  usr_rtc.o(.text)
    RTC_GetTime                              0x08001f5b   Thumb Code    70  usr_rtc.o(.text)
    RTC_WaitForSynchro                       0x08001fa1   Thumb Code    74  usr_rtc.o(.text)
    RTC_ExitInitMode                         0x08001feb   Thumb Code    12  usr_rtc.o(.text)
    RTC_EnterInitMode                        0x08001ff7   Thumb Code    56  usr_rtc.o(.text)
    RTC_SetTime                              0x0800202f   Thumb Code   142  usr_rtc.o(.text)
    RTC_setTime                              0x080020bd   Thumb Code    24  usr_rtc.o(.text)
    RTC_Init                                 0x080020d5   Thumb Code    68  usr_rtc.o(.text)
    RTC_LSE_Config                           0x08002119   Thumb Code   128  usr_rtc.o(.text)
    generate_alarm_Interrupt                 0x08002199   Thumb Code   118  usr_rtc.o(.text)
    cancel_alarm_Interrupt                   0x0800220f   Thumb Code     2  usr_rtc.o(.text)
    RTC_GetITStatus                          0x08002211   Thumb Code    54  usr_rtc.o(.text)
    WakeUp_InitTEST                          0x08002341   Thumb Code    16  usr_lowpower.o(.text)
    WakeUp_Init                              0x08002351   Thumb Code    60  usr_lowpower.o(.text)
    SystemSleep_s                            0x0800238d   Thumb Code    56  usr_lowpower.o(.text)
    SystemSleep_wakeBy_WorAndKey             0x080023c5   Thumb Code    40  usr_lowpower.o(.text)
    crc_step                                 0x08002429   Thumb Code    50  crc16.o(.text)
    crc_finish                               0x0800245b   Thumb Code    30  crc16.o(.text)
    cal_crc16                                0x08002479   Thumb Code    32  crc16.o(.text)
    item_show_msg                            0x080024a1   Thumb Code   242  menu.o(.text)
    get_test_recv_time                       0x08002593   Thumb Code    14  menu.o(.text)
    tag_test_print                           0x080025a1   Thumb Code   164  menu.o(.text)
    display_sleep_time                       0x08002645   Thumb Code    54  menu.o(.text)
    test_recv_time_dis                       0x0800267b   Thumb Code    68  menu.o(.text)
    test_recv_time                           0x080026bf   Thumb Code    30  menu.o(.text)
    display_qrcode                           0x080026dd   Thumb Code   114  menu.o(.text)
    tag_test_wait_key                        0x080027dd   Thumb Code   110  engineer_mode.o(.text)
    cale_send_and_recv                       0x0800284b   Thumb Code    50  engineer_mode.o(.text)
    tag_self_test                            0x0800287d   Thumb Code   594  engineer_mode.o(.text)
    TIM_TimeBaseInit                         0x08002bf9   Thumb Code    88  pmw_led.o(.text)
    TIM_OC1Init                              0x08002c51   Thumb Code   104  pmw_led.o(.text)
    TIM_Cmd                                  0x08002cb9   Thumb Code    20  pmw_led.o(.text)
    TIM_CtrlPWMOutputs                       0x08002ccd   Thumb Code    24  pmw_led.o(.text)
    TIM_SetCompare1                          0x08002ce5   Thumb Code     4  pmw_led.o(.text)
    PWM_LED_On                               0x08002ce9   Thumb Code   170  pmw_led.o(.text)
    pmw_led_on                               0x08002d93   Thumb Code     4  pmw_led.o(.text)
    pmw_led_off                              0x08002d97   Thumb Code    84  pmw_led.o(.text)
    yest_led                                 0x08002deb   Thumb Code    98  pmw_led.o(.text)
    App_SendNetworkSearchMsg                 0x08002e8d   Thumb Code    90  app_msg.o(.text)
    App_RecvNetworkSearchMsgRsp              0x08002ee7   Thumb Code    98  app_msg.o(.text)
    App_SendJoinRequestMsg                   0x08002f49   Thumb Code   108  app_msg.o(.text)
    App_RecvJoinRequestMsgRsp                0x08002fb5   Thumb Code   160  app_msg.o(.text)
    App_RecvStandByMsgRsp                    0x08003413   Thumb Code   100  app_msg.o(.text)
    App_SendEventRsp                         0x08003477   Thumb Code   126  app_msg.o(.text)
    App_SendRetransReqMsg                    0x080034f5   Thumb Code   112  app_msg.o(.text)
    App_SendQueryMsg                         0x08003565   Thumb Code   106  app_msg.o(.text)
    App_SendTransparentMsg                   0x080035cf   Thumb Code   214  app_msg.o(.text)
    App_SendBuzziEventRsp                    0x080036a5   Thumb Code   214  app_msg.o(.text)
    App_SendEventRspMsg                      0x0800377b   Thumb Code   120  app_msg.o(.text)
    App_RecvWriteFirmwareToflash             0x080037f3   Thumb Code   380  app_msg.o(.text)
    App_RecvWriteScreenReq                   0x0800396f   Thumb Code   262  app_msg.o(.text)
    App_Write_RecvProcess                    0x08003a75   Thumb Code    54  app_msg.o(.text)
    RfSendPacket                             0x08003bab   Thumb Code   122  pkt_build.o(.text)
    wake_up_msg_check                        0x08003c25   Thumb Code    60  pkt_build.o(.text)
    buss_pkt_handle                          0x08003c61   Thumb Code   204  pkt_build.o(.text)
    wakeup_pkt_handle                        0x08003d2d   Thumb Code    36  pkt_build.o(.text)
    frame_pkt_handle                         0x08003d51   Thumb Code    54  pkt_build.o(.text)
    sys_info_print                           0x08003dc9   Thumb Code    30  app_algo.o(.text)
    get_random                               0x08003de7   Thumb Code    28  app_algo.o(.text)
    rf_para_clean                            0x08003e03   Thumb Code    20  app_algo.o(.text)
    get_ledn_on                              0x08003e17   Thumb Code    78  app_algo.o(.text)
    system_Goto_sleep                        0x08003e65   Thumb Code   198  app_algo.o(.text)
    AppRF_turn                               0x08003f2b   Thumb Code    94  app_algo.o(.text)
    App_init_process                         0x08003f89   Thumb Code   226  app_algo.o(.text)
    len_on_timer_handler                     0x0800406b   Thumb Code    64  app_algo.o(.text)
    rf_on_timer_handler                      0x080040ab   Thumb Code    36  app_algo.o(.text)
    longdata_wait_timer_handler              0x080040cf   Thumb Code    26  app_algo.o(.text)
    recv_data_reset_timer                    0x080040e9   Thumb Code    16  app_algo.o(.text)
    set_awake_time_after_send                0x080040f9   Thumb Code    10  app_algo.o(.text)
    Key_detect_Run                           0x08004103   Thumb Code    98  app_algo.o(.text)
    App_GetEnergy                            0x08004165   Thumb Code   256  app_algo.o(.text)
    App_Maintance                            0x08004265   Thumb Code    48  app_algo.o(.text)
    tag_app_update                           0x08004295   Thumb Code    76  app_algo.o(.text)
    gui_backgroud_clean                      0x08004395   Thumb Code    14  app_gui.o(.text)
    sum_check_cal32                          0x080043a3   Thumb Code    24  app_gui.o(.text)
    Write_GUI                                0x080043bb   Thumb Code    40  app_gui.o(.text)
    load_tag_logo                            0x080043e3   Thumb Code    38  app_gui.o(.text)
    dis_play_state                           0x08004409   Thumb Code   126  app_gui.o(.text)
    restore_screen_context_data              0x08004487   Thumb Code    14  app_gui.o(.text)
    backup_current_screen_context_data       0x08004495   Thumb Code    54  app_gui.o(.text)
    refresh_screen_by_code                   0x080044cb   Thumb Code    18  app_gui.o(.text)
    screen_turn_to_default                   0x080044dd   Thumb Code    32  app_gui.o(.text)
    turn_gui_pages                           0x080044fd   Thumb Code    68  app_gui.o(.text)
    AppState_Run                             0x08004575   Thumb Code   242  app_state.o(.text)
    tag_app_sync_pkt                         0x08004667   Thumb Code   120  app_state.o(.text)
    refresh_screen                           0x080048a9   Thumb Code    28  app_wrscreen.o(.text)
    fill_disp_buffer                         0x080048c5   Thumb Code  1114  app_wrscreen.o(.text)
    Write_EPaper                             0x08004e47   Thumb Code   250  app_wrscreen.o(.text)
    Erase_Indic_block                        0x08004f41   Thumb Code   234  app_wrscreen.o(.text)
    Flash_WriteData                          0x0800504d   Thumb Code    56  app_flash.o(.text)
    Flash_SaveTagInfo                        0x08005085   Thumb Code    76  app_flash.o(.text)
    Flash_ReadTagInfo                        0x080050d1   Thumb Code    16  app_flash.o(.text)
    Flash_SaveTagState                       0x080050e1   Thumb Code    62  app_flash.o(.text)
    Flash_ReadTagState                       0x0800511f   Thumb Code    14  app_flash.o(.text)
    Flash_Read                               0x0800512d   Thumb Code    24  app_flash.o(.text)
    Flash_Write                              0x08005145   Thumb Code    36  app_flash.o(.text)
    Flash_Erase                              0x08005169   Thumb Code    36  app_flash.o(.text)
    update_find_NetWorkInfo                  0x0800518d   Thumb Code    38  app_flash.o(.text)
    update_join_NetWorkInfo                  0x080051b3   Thumb Code    38  app_flash.o(.text)
    restore_screen_idx_tb_from_flash         0x080051d9   Thumb Code    44  app_flash.o(.text)
    backup_idx_info_to_flash                 0x08005205   Thumb Code    34  app_flash.o(.text)
    update_ack_info                          0x08005227   Thumb Code    30  app_flash.o(.text)
    update_led_spark_paras                   0x08005245   Thumb Code    36  app_flash.o(.text)
    back_up_sleeptime_to_flash               0x08005269   Thumb Code    32  app_flash.o(.text)
    back_up_reportflag_to_flash              0x08005289   Thumb Code    26  app_flash.o(.text)
    back_up_InventoryMode_information        0x080052a3   Thumb Code    30  app_flash.o(.text)
    back_up_gui_screen_num_to_flash          0x080052c1   Thumb Code    34  app_flash.o(.text)
    Flash_SaveLastGUI                        0x080052e3   Thumb Code    76  app_flash.o(.text)
    store_gui_page                           0x0800532f   Thumb Code    86  app_flash.o(.text)
    read_backed_screen_context_from_flash    0x08005385   Thumb Code    20  app_flash.o(.text)
    back_up_screen_context_to_flash          0x08005399   Thumb Code     2  app_flash.o(.text)
    load_usr_gui                             0x0800539b   Thumb Code    84  app_flash.o(.text)
    store_usr_gui_to_flash                   0x080053ef   Thumb Code    12  app_flash.o(.text)
    store_software_flash_clean               0x080053fb   Thumb Code    50  app_flash.o(.text)
    store_software_copy                      0x0800542d   Thumb Code   168  app_flash.o(.text)
    key_state_change                         0x080054d9   Thumb Code     6  app_key.o(.text)
    key_reset_system                         0x080054df   Thumb Code     8  app_key.o(.text)
    put_key_to_set_all_led_off               0x080054e7   Thumb Code    22  app_key.o(.text)
    key_sync_func                            0x080054fd   Thumb Code   100  app_key.o(.text)
    InventoryMode_math_mi                    0x0800558d   Thumb Code    20  app_usr_function.o(.text)
    update_curret_cur_offset_max             0x080055a1   Thumb Code    32  app_usr_function.o(.text)
    update_screen_id                         0x080055c1   Thumb Code    48  app_usr_function.o(.text)
    update_InventoryMode_num                 0x080055f1   Thumb Code    64  app_usr_function.o(.text)
    InventoryMode_Key_Plus                   0x08005631   Thumb Code   126  app_usr_function.o(.text)
    InventoryMode_Key_minus                  0x080056af   Thumb Code   128  app_usr_function.o(.text)
    InventoryMode_Key_mode                   0x0800572f   Thumb Code    74  app_usr_function.o(.text)
    Usr_Event_Report                         0x08005779   Thumb Code    46  app_usr_function.o(.text)
    InventoryMode_Key_Confirm                0x080057a7   Thumb Code    26  app_usr_function.o(.text)
    InventoryMode_Key_ReStart                0x080057c1   Thumb Code    16  app_usr_function.o(.text)
    app_func_InventoryMode_Enter             0x080057d1   Thumb Code    22  app_usr_function.o(.text)
    app_func_InventoryMode_Quit              0x080057e7   Thumb Code    28  app_usr_function.o(.text)
    app_func_Normal_Enter                    0x08005803   Thumb Code    10  app_usr_function.o(.text)
    active_screen_type_function              0x0800580d   Thumb Code    26  app_usr_function.o(.text)
    usr_key_event_report                     0x08005827   Thumb Code     6  app_usr_function.o(.text)
    Init_EPaper                              0x08005897   Thumb Code   290  ep12864.o(.text)
    lcd_sleep_mode                           0x080059b9   Thumb Code    64  ep12864.o(.text)
    update_disp_screen                       0x080059f9   Thumb Code    34  ep12864.o(.text)
    Clear_EPaper                             0x08005a73   Thumb Code    98  ep12864.o(.text)
    Write_EPaper_GUI                         0x08005ad5   Thumb Code   104  ep12864.o(.text)
    Set_Block                                0x08005b3d   Thumb Code   240  ep12864.o(.text)
    Graph_Change                             0x08005c2d   Thumb Code   158  ep12864.o(.text)
    Write_EPaper_RAM                         0x08005ccb   Thumb Code    66  ep12864.o(.text)
    RCC_DeInit                               0x08005d31   Thumb Code    78  stm32f0xx_rcc.o(.text)
    RCC_HSEConfig                            0x08005d7f   Thumb Code    10  stm32f0xx_rcc.o(.text)
    RCC_GetFlagStatus                        0x08005d89   Thumb Code    48  stm32f0xx_rcc.o(.text)
    RCC_WaitForHSEStartUp                    0x08005db9   Thumb Code    44  stm32f0xx_rcc.o(.text)
    RCC_AdjustHSICalibrationValue            0x08005de5   Thumb Code    16  stm32f0xx_rcc.o(.text)
    RCC_HSICmd                               0x08005df5   Thumb Code    22  stm32f0xx_rcc.o(.text)
    RCC_AdjustHSI14CalibrationValue          0x08005e0b   Thumb Code    16  stm32f0xx_rcc.o(.text)
    RCC_HSI14Cmd                             0x08005e1b   Thumb Code    22  stm32f0xx_rcc.o(.text)
    RCC_HSI14ADCRequestCmd                   0x08005e31   Thumb Code    20  stm32f0xx_rcc.o(.text)
    RCC_LSEConfig                            0x08005e45   Thumb Code    26  stm32f0xx_rcc.o(.text)
    RCC_LSEDriveConfig                       0x08005e5f   Thumb Code    18  stm32f0xx_rcc.o(.text)
    RCC_LSICmd                               0x08005e71   Thumb Code    22  stm32f0xx_rcc.o(.text)
    RCC_PLLConfig                            0x08005e87   Thumb Code    24  stm32f0xx_rcc.o(.text)
    RCC_PLLCmd                               0x08005e9f   Thumb Code    22  stm32f0xx_rcc.o(.text)
    RCC_PREDIV1Config                        0x08005eb5   Thumb Code    14  stm32f0xx_rcc.o(.text)
    RCC_ClockSecuritySystemCmd               0x08005ec3   Thumb Code    22  stm32f0xx_rcc.o(.text)
    RCC_MCOConfig                            0x08005ed9   Thumb Code     6  stm32f0xx_rcc.o(.text)
    RCC_SYSCLKConfig                         0x08005edf   Thumb Code    14  stm32f0xx_rcc.o(.text)
    RCC_GetSYSCLKSource                      0x08005eed   Thumb Code    10  stm32f0xx_rcc.o(.text)
    RCC_HCLKConfig                           0x08005ef7   Thumb Code    14  stm32f0xx_rcc.o(.text)
    RCC_PCLKConfig                           0x08005f05   Thumb Code    16  stm32f0xx_rcc.o(.text)
    RCC_ADCCLKConfig                         0x08005f15   Thumb Code    38  stm32f0xx_rcc.o(.text)
    RCC_CECCLKConfig                         0x08005f3b   Thumb Code    18  stm32f0xx_rcc.o(.text)
    RCC_I2CCLKConfig                         0x08005f4d   Thumb Code    18  stm32f0xx_rcc.o(.text)
    RCC_USARTCLKConfig                       0x08005f5f   Thumb Code    18  stm32f0xx_rcc.o(.text)
    RCC_GetClocksFreq                        0x08005f71   Thumb Code   208  stm32f0xx_rcc.o(.text)
    RCC_RTCCLKConfig                         0x08006041   Thumb Code    10  stm32f0xx_rcc.o(.text)
    RCC_RTCCLKCmd                            0x0800604b   Thumb Code    20  stm32f0xx_rcc.o(.text)
    RCC_BackupResetCmd                       0x0800605f   Thumb Code    22  stm32f0xx_rcc.o(.text)
    RCC_AHBPeriphClockCmd                    0x08006075   Thumb Code    18  stm32f0xx_rcc.o(.text)
    RCC_APB2PeriphClockCmd                   0x08006087   Thumb Code    18  stm32f0xx_rcc.o(.text)
    RCC_APB1PeriphClockCmd                   0x08006099   Thumb Code    18  stm32f0xx_rcc.o(.text)
    RCC_AHBPeriphResetCmd                    0x080060ab   Thumb Code    18  stm32f0xx_rcc.o(.text)
    RCC_APB2PeriphResetCmd                   0x080060bd   Thumb Code    18  stm32f0xx_rcc.o(.text)
    RCC_APB1PeriphResetCmd                   0x080060cf   Thumb Code    18  stm32f0xx_rcc.o(.text)
    RCC_ITConfig                             0x080060e1   Thumb Code    18  stm32f0xx_rcc.o(.text)
    RCC_ClearFlag                            0x080060f3   Thumb Code    14  stm32f0xx_rcc.o(.text)
    RCC_GetITStatus                          0x08006101   Thumb Code    48  stm32f0xx_rcc.o(.text)
    RCC_ClearITPendingBit                    0x08006131   Thumb Code     6  stm32f0xx_rcc.o(.text)
    FLASH_SetLatency                         0x0800613d   Thumb Code    14  stm32f0xx_flash.o(.text)
    FLASH_PrefetchBufferCmd                  0x0800614b   Thumb Code    20  stm32f0xx_flash.o(.text)
    FLASH_GetPrefetchBufferStatus            0x0800615f   Thumb Code    14  stm32f0xx_flash.o(.text)
    FLASH_Unlock                             0x0800616d   Thumb Code    18  stm32f0xx_flash.o(.text)
    FLASH_Lock                               0x0800617f   Thumb Code    12  stm32f0xx_flash.o(.text)
    FLASH_GetStatus                          0x0800618b   Thumb Code    34  stm32f0xx_flash.o(.text)
    FLASH_WaitForLastOperation               0x080061ad   Thumb Code    34  stm32f0xx_flash.o(.text)
    FLASH_ErasePage                          0x080061cf   Thumb Code    52  stm32f0xx_flash.o(.text)
    FLASH_EraseAllPages                      0x08006203   Thumb Code    48  stm32f0xx_flash.o(.text)
    FLASH_ProgramWord                        0x08006233   Thumb Code    70  stm32f0xx_flash.o(.text)
    FLASH_ProgramHalfWord                    0x08006279   Thumb Code    48  stm32f0xx_flash.o(.text)
    FLASH_OB_Unlock                          0x080062a9   Thumb Code    18  stm32f0xx_flash.o(.text)
    FLASH_OB_Lock                            0x080062bb   Thumb Code    12  stm32f0xx_flash.o(.text)
    FLASH_OB_Launch                          0x080062c7   Thumb Code    14  stm32f0xx_flash.o(.text)
    FLASH_OB_GetRDP                          0x080062d5   Thumb Code    16  stm32f0xx_flash.o(.text)
    FLASH_OB_Erase                           0x080062e5   Thumb Code   106  stm32f0xx_flash.o(.text)
    FLASH_OB_EnableWRP                       0x0800634f   Thumb Code    80  stm32f0xx_flash.o(.text)
    FLASH_OB_RDPConfig                       0x0800639f   Thumb Code    82  stm32f0xx_flash.o(.text)
    FLASH_OB_UserConfig                      0x080063f1   Thumb Code    64  stm32f0xx_flash.o(.text)
    FLASH_OB_BOOTConfig                      0x08006431   Thumb Code    54  stm32f0xx_flash.o(.text)
    FLASH_OB_VDDAConfig                      0x08006467   Thumb Code    54  stm32f0xx_flash.o(.text)
    FLASH_OB_SRAMParityConfig                0x0800649d   Thumb Code    54  stm32f0xx_flash.o(.text)
    FLASH_OB_WriteUser                       0x080064d3   Thumb Code    54  stm32f0xx_flash.o(.text)
    FLASH_ProgramOptionByteData              0x08006509   Thumb Code    68  stm32f0xx_flash.o(.text)
    FLASH_OB_GetUser                         0x0800654d   Thumb Code    10  stm32f0xx_flash.o(.text)
    FLASH_OB_GetWRP                          0x08006557   Thumb Code     6  stm32f0xx_flash.o(.text)
    FLASH_ITConfig                           0x0800655d   Thumb Code    18  stm32f0xx_flash.o(.text)
    FLASH_GetFlagStatus                      0x0800656f   Thumb Code    16  stm32f0xx_flash.o(.text)
    FLASH_ClearFlag                          0x0800657f   Thumb Code     6  stm32f0xx_flash.o(.text)
    GPIO_DeInit                              0x08006589   Thumb Code    78  stm32f0xx_gpio.o(.text)
    GPIO_Init                                0x080065d7   Thumb Code   112  stm32f0xx_gpio.o(.text)
    GPIO_StructInit                          0x08006647   Thumb Code    18  stm32f0xx_gpio.o(.text)
    GPIO_PinLockConfig                       0x08006659   Thumb Code    26  stm32f0xx_gpio.o(.text)
    GPIO_ReadInputDataBit                    0x08006673   Thumb Code    14  stm32f0xx_gpio.o(.text)
    GPIO_ReadInputData                       0x08006681   Thumb Code     4  stm32f0xx_gpio.o(.text)
    GPIO_ReadOutputDataBit                   0x08006685   Thumb Code    14  stm32f0xx_gpio.o(.text)
    GPIO_ReadOutputData                      0x08006693   Thumb Code     4  stm32f0xx_gpio.o(.text)
    GPIO_SetBits                             0x08006697   Thumb Code     4  stm32f0xx_gpio.o(.text)
    GPIO_ResetBits                           0x0800669b   Thumb Code     4  stm32f0xx_gpio.o(.text)
    GPIO_WriteBit                            0x0800669f   Thumb Code    12  stm32f0xx_gpio.o(.text)
    GPIO_Write                               0x080066ab   Thumb Code     4  stm32f0xx_gpio.o(.text)
    GPIO_PinAFConfig                         0x080066af   Thumb Code    32  stm32f0xx_gpio.o(.text)
    PWR_DeInit                               0x080066e5   Thumb Code    22  stm32f0xx_pwr.o(.text)
    PWR_BackupAccessCmd                      0x080066fb   Thumb Code    20  stm32f0xx_pwr.o(.text)
    PWR_PVDLevelConfig                       0x0800670f   Thumb Code    14  stm32f0xx_pwr.o(.text)
    PWR_PVDCmd                               0x0800671d   Thumb Code    20  stm32f0xx_pwr.o(.text)
    PWR_WakeUpPinCmd                         0x08006731   Thumb Code    18  stm32f0xx_pwr.o(.text)
    PWR_EnterSleepMode                       0x08006743   Thumb Code    22  stm32f0xx_pwr.o(.text)
    PWR_EnterSTOPMode                        0x08006759   Thumb Code    40  stm32f0xx_pwr.o(.text)
    PWR_EnterSTANDBYMode                     0x08006781   Thumb Code    30  stm32f0xx_pwr.o(.text)
    PWR_GetFlagStatus                        0x0800679f   Thumb Code    16  stm32f0xx_pwr.o(.text)
    PWR_ClearFlag                            0x080067af   Thumb Code    12  stm32f0xx_pwr.o(.text)
    EXTI_DeInit                              0x080067c5   Thumb Code    20  stm32f0xx_exti.o(.text)
    EXTI_Init                                0x080067d9   Thumb Code   102  stm32f0xx_exti.o(.text)
    EXTI_StructInit                          0x0800683f   Thumb Code    14  stm32f0xx_exti.o(.text)
    EXTI_GenerateSWInterrupt                 0x0800684d   Thumb Code    10  stm32f0xx_exti.o(.text)
    EXTI_GetFlagStatus                       0x08006857   Thumb Code    16  stm32f0xx_exti.o(.text)
    EXTI_ClearFlag                           0x08006867   Thumb Code     6  stm32f0xx_exti.o(.text)
    EXTI_GetITStatus                         0x0800686d   Thumb Code    24  stm32f0xx_exti.o(.text)
    EXTI_ClearITPendingBit                   0x08006885   Thumb Code     6  stm32f0xx_exti.o(.text)
    SYSCFG_DeInit                            0x08006899   Thumb Code    30  stm32f0xx_syscfg.o(.text)
    SYSCFG_MemoryRemapConfig                 0x080068b7   Thumb Code    14  stm32f0xx_syscfg.o(.text)
    SYSCFG_DMAChannelRemapConfig             0x080068c5   Thumb Code    18  stm32f0xx_syscfg.o(.text)
    SYSCFG_I2CFastModePlusConfig             0x080068d7   Thumb Code    18  stm32f0xx_syscfg.o(.text)
    SYSCFG_EXTILineConfig                    0x080068e9   Thumb Code    34  stm32f0xx_syscfg.o(.text)
    SYSCFG_BreakConfig                       0x0800690b   Thumb Code    10  stm32f0xx_syscfg.o(.text)
    SYSCFG_GetFlagStatus                     0x08006915   Thumb Code    14  stm32f0xx_syscfg.o(.text)
    SYSCFG_ClearFlag                         0x08006923   Thumb Code    10  stm32f0xx_syscfg.o(.text)
    NVIC_Init                                0x08006931   Thumb Code    70  stm32f0xx_misc.o(.text)
    NVIC_SystemLPConfig                      0x08006977   Thumb Code    18  stm32f0xx_misc.o(.text)
    SysTick_CLKSourceConfig                  0x08006989   Thumb Code    20  stm32f0xx_misc.o(.text)
    ADC_DeInit                               0x080069ad   Thumb Code    28  stm32f0xx_adc.o(.text)
    ADC_Init                                 0x080069c9   Thumb Code    38  stm32f0xx_adc.o(.text)
    ADC_StructInit                           0x080069ef   Thumb Code    16  stm32f0xx_adc.o(.text)
    ADC_Cmd                                  0x080069ff   Thumb Code    18  stm32f0xx_adc.o(.text)
    ADC_JitterCmd                            0x08006a11   Thumb Code    16  stm32f0xx_adc.o(.text)
    ADC_AutoPowerOffCmd                      0x08006a21   Thumb Code    20  stm32f0xx_adc.o(.text)
    ADC_WaitModeCmd                          0x08006a35   Thumb Code    20  stm32f0xx_adc.o(.text)
    ADC_AnalogWatchdogCmd                    0x08006a49   Thumb Code    20  stm32f0xx_adc.o(.text)
    ADC_AnalogWatchdogThresholdsConfig       0x08006a5d   Thumb Code     8  stm32f0xx_adc.o(.text)
    ADC_AnalogWatchdogSingleChannelConfig    0x08006a65   Thumb Code    14  stm32f0xx_adc.o(.text)
    ADC_AnalogWatchdogSingleChannelCmd       0x08006a73   Thumb Code    20  stm32f0xx_adc.o(.text)
    ADC_TempSensorCmd                        0x08006a87   Thumb Code    22  stm32f0xx_adc.o(.text)
    ADC_VrefintCmd                           0x08006a9d   Thumb Code    22  stm32f0xx_adc.o(.text)
    ADC_VbatCmd                              0x08006ab3   Thumb Code    22  stm32f0xx_adc.o(.text)
    ADC_ChannelConfig                        0x08006ac9   Thumb Code    10  stm32f0xx_adc.o(.text)
    ADC_ContinuousModeCmd                    0x08006ad3   Thumb Code    20  stm32f0xx_adc.o(.text)
    ADC_DiscModeCmd                          0x08006ae7   Thumb Code    20  stm32f0xx_adc.o(.text)
    ADC_OverrunModeCmd                       0x08006afb   Thumb Code    20  stm32f0xx_adc.o(.text)
    ADC_GetCalibrationFactor                 0x08006b0f   Thumb Code    46  stm32f0xx_adc.o(.text)
    ADC_StopOfConversion                     0x08006b3d   Thumb Code    10  stm32f0xx_adc.o(.text)
    ADC_StartOfConversion                    0x08006b47   Thumb Code    10  stm32f0xx_adc.o(.text)
    ADC_GetConversionValue                   0x08006b51   Thumb Code     6  stm32f0xx_adc.o(.text)
    ADC_DMACmd                               0x08006b57   Thumb Code    20  stm32f0xx_adc.o(.text)
    ADC_DMARequestModeConfig                 0x08006b6b   Thumb Code    16  stm32f0xx_adc.o(.text)
    ADC_ITConfig                             0x08006b7b   Thumb Code    16  stm32f0xx_adc.o(.text)
    ADC_GetFlagStatus                        0x08006b8b   Thumb Code    28  stm32f0xx_adc.o(.text)
    ADC_ClearFlag                            0x08006ba7   Thumb Code     4  stm32f0xx_adc.o(.text)
    ADC_GetITStatus                          0x08006bab   Thumb Code    22  stm32f0xx_adc.o(.text)
    ADC_ClearITPendingBit                    0x08006bc1   Thumb Code     4  stm32f0xx_adc.o(.text)
    DMA_DeInit                               0x08006bd1   Thumb Code   100  stm32f0xx_dma.o(.text)
    DMA_Init                                 0x08006c35   Thumb Code    56  stm32f0xx_dma.o(.text)
    DMA_StructInit                           0x08006c6d   Thumb Code    26  stm32f0xx_dma.o(.text)
    DMA_Cmd                                  0x08006c87   Thumb Code    20  stm32f0xx_dma.o(.text)
    DMA_SetCurrDataCounter                   0x08006c9b   Thumb Code     4  stm32f0xx_dma.o(.text)
    DMA_GetCurrDataCounter                   0x08006c9f   Thumb Code     6  stm32f0xx_dma.o(.text)
    DMA_ITConfig                             0x08006ca5   Thumb Code    16  stm32f0xx_dma.o(.text)
    DMA_GetFlagStatus                        0x08006cb5   Thumb Code    18  stm32f0xx_dma.o(.text)
    DMA_ClearFlag                            0x08006cc7   Thumb Code     8  stm32f0xx_dma.o(.text)
    DMA_GetITStatus                          0x08006ccf   Thumb Code    18  stm32f0xx_dma.o(.text)
    DMA_ClearITPendingBit                    0x08006ce1   Thumb Code     8  stm32f0xx_dma.o(.text)
    USART_DeInit                             0x08006cf5   Thumb Code    54  stm32f0xx_usart.o(.text)
    USART_Init                               0x08006d2b   Thumb Code   166  stm32f0xx_usart.o(.text)
    USART_StructInit                         0x08006dd1   Thumb Code    22  stm32f0xx_usart.o(.text)
    USART_ClockInit                          0x08006de7   Thumb Code    30  stm32f0xx_usart.o(.text)
    USART_ClockStructInit                    0x08006e05   Thumb Code    12  stm32f0xx_usart.o(.text)
    USART_Cmd                                0x08006e11   Thumb Code    20  stm32f0xx_usart.o(.text)
    USART_DirectionModeCmd                   0x08006e25   Thumb Code    16  stm32f0xx_usart.o(.text)
    USART_OverSampling8Cmd                   0x08006e35   Thumb Code    20  stm32f0xx_usart.o(.text)
    USART_OneBitMethodCmd                    0x08006e49   Thumb Code    20  stm32f0xx_usart.o(.text)
    USART_MSBFirstCmd                        0x08006e5d   Thumb Code    20  stm32f0xx_usart.o(.text)
    USART_DataInvCmd                         0x08006e71   Thumb Code    20  stm32f0xx_usart.o(.text)
    USART_InvPinCmd                          0x08006e85   Thumb Code    16  stm32f0xx_usart.o(.text)
    USART_SWAPPinCmd                         0x08006e95   Thumb Code    20  stm32f0xx_usart.o(.text)
    USART_ReceiverTimeOutCmd                 0x08006ea9   Thumb Code    20  stm32f0xx_usart.o(.text)
    USART_SetReceiverTimeOut                 0x08006ebd   Thumb Code    16  stm32f0xx_usart.o(.text)
    USART_SetPrescaler                       0x08006ecd   Thumb Code    16  stm32f0xx_usart.o(.text)
    USART_STOPModeCmd                        0x08006edd   Thumb Code    18  stm32f0xx_usart.o(.text)
    USART_StopModeWakeUpSourceConfig         0x08006eef   Thumb Code    18  stm32f0xx_usart.o(.text)
    USART_AutoBaudRateCmd                    0x08006f01   Thumb Code    20  stm32f0xx_usart.o(.text)
    USART_AutoBaudRateConfig                 0x08006f15   Thumb Code    18  stm32f0xx_usart.o(.text)
    USART_AutoBaudRateNewRequest             0x08006f27   Thumb Code    12  stm32f0xx_usart.o(.text)
    USART_SendData                           0x08006f33   Thumb Code     8  stm32f0xx_usart.o(.text)
    USART_ReceiveData                        0x08006f3b   Thumb Code     8  stm32f0xx_usart.o(.text)
    USART_SetAddress                         0x08006f43   Thumb Code    18  stm32f0xx_usart.o(.text)
    USART_MuteModeCmd                        0x08006f55   Thumb Code    20  stm32f0xx_usart.o(.text)
    USART_MuteModeWakeUpConfig               0x08006f69   Thumb Code    18  stm32f0xx_usart.o(.text)
    USART_AddressDetectionConfig             0x08006f7b   Thumb Code    16  stm32f0xx_usart.o(.text)
    USART_LINBreakDetectLengthConfig         0x08006f8b   Thumb Code    16  stm32f0xx_usart.o(.text)
    USART_LINCmd                             0x08006f9b   Thumb Code    20  stm32f0xx_usart.o(.text)
    USART_HalfDuplexCmd                      0x08006faf   Thumb Code    18  stm32f0xx_usart.o(.text)
    USART_SetGuardTime                       0x08006fc1   Thumb Code    16  stm32f0xx_usart.o(.text)
    USART_SmartCardCmd                       0x08006fd1   Thumb Code    18  stm32f0xx_usart.o(.text)
    USART_SmartCardNACKCmd                   0x08006fe3   Thumb Code    18  stm32f0xx_usart.o(.text)
    USART_SetAutoRetryCount                  0x08006ff5   Thumb Code    20  stm32f0xx_usart.o(.text)
    USART_SetBlockLength                     0x08007009   Thumb Code    18  stm32f0xx_usart.o(.text)
    USART_IrDAConfig                         0x0800701b   Thumb Code    16  stm32f0xx_usart.o(.text)
    USART_IrDACmd                            0x0800702b   Thumb Code    18  stm32f0xx_usart.o(.text)
    USART_DECmd                              0x0800703d   Thumb Code    20  stm32f0xx_usart.o(.text)
    USART_DEPolarityConfig                   0x08007051   Thumb Code    18  stm32f0xx_usart.o(.text)
    USART_SetDEAssertionTime                 0x08007063   Thumb Code    20  stm32f0xx_usart.o(.text)
    USART_SetDEDeassertionTime               0x08007077   Thumb Code    20  stm32f0xx_usart.o(.text)
    USART_DMACmd                             0x0800708b   Thumb Code    16  stm32f0xx_usart.o(.text)
    USART_DMAReceptionErrorConfig            0x0800709b   Thumb Code    18  stm32f0xx_usart.o(.text)
    USART_ITConfig                           0x080070ad   Thumb Code    56  stm32f0xx_usart.o(.text)
    USART_RequestCmd                         0x080070e5   Thumb Code    16  stm32f0xx_usart.o(.text)
    USART_OverrunDetectionConfig             0x080070f5   Thumb Code    18  stm32f0xx_usart.o(.text)
    USART_GetFlagStatus                      0x08007107   Thumb Code    14  stm32f0xx_usart.o(.text)
    USART_ClearFlag                          0x08007115   Thumb Code     4  stm32f0xx_usart.o(.text)
    USART_GetITStatus                        0x08007119   Thumb Code    56  stm32f0xx_usart.o(.text)
    USART_ClearITPendingBit                  0x08007151   Thumb Code    10  stm32f0xx_usart.o(.text)
    a7139_GPIO_Init                          0x0800715d   Thumb Code    76  a7139.o(.text)
    SetSDIO_Output                           0x080071a9   Thumb Code    44  a7139.o(.text)
    A7139_IO_SetBit                          0x080071d5   Thumb Code    20  a7139.o(.text)
    A7139_IO_ReSetBit                        0x080071e9   Thumb Code    20  a7139.o(.text)
    A7139_IO_Read_Bit                        0x080071fd   Thumb Code    20  a7139.o(.text)
    A7139_RX_Exti                            0x08007211   Thumb Code    28  a7139.o(.text)
    A7139_Exti_Init                          0x0800722d   Thumb Code    54  a7139.o(.text)
    RFEN_Action                              0x08007263   Thumb Code    22  a7139.o(.text)
    StrobeCMD                                0x08007279   Thumb Code    66  a7139.o(.text)
    ByteSend                                 0x080072bb   Thumb Code    54  a7139.o(.text)
    ByteRead                                 0x080072f1   Thumb Code    68  a7139.o(.text)
    A7139_WriteReg                           0x08007335   Thumb Code   114  a7139.o(.text)
    A7139_ReadReg                            0x080073a7   Thumb Code   136  a7139.o(.text)
    A7139_WritePageA                         0x0800742f   Thumb Code    32  a7139.o(.text)
    A7139_ReadPageA                          0x0800744f   Thumb Code    28  a7139.o(.text)
    A7139_WritePageB                         0x0800746b   Thumb Code    30  a7139.o(.text)
    A7139_ReadPageB                          0x08007489   Thumb Code    26  a7139.o(.text)
    Err_State                                0x080074a3   Thumb Code     2  a7139.o(.text)
    A7139_Config                             0x080074a5   Thumb Code   110  a7139.o(.text)
    A7139_WriteID                            0x08007513   Thumb Code   144  a7139.o(.text)
    A7139_Cal                                0x080075a3   Thumb Code   194  a7139.o(.text)
    RCOSC_Cal                                0x08007665   Thumb Code    58  a7139.o(.text)
    GIO2_wait                                0x080076a9   Thumb Code    62  a7139_api.o(.text)
    A7139_GetRSSI                            0x080076e7   Thumb Code    56  a7139_api.o(.text)
    a7139_entry_sleep_mode                   0x0800771f   Thumb Code    34  a7139_api.o(.text)
    a7139_wake_up_from_sleep_mode            0x08007741   Thumb Code    34  a7139_api.o(.text)
    WOR_enable_by_sync                       0x08007763   Thumb Code    84  a7139_api.o(.text)
    WOR_enable                               0x080077b7   Thumb Code    20  a7139_api.o(.text)
    WOR_disable                              0x080077cb   Thumb Code    48  a7139_api.o(.text)
    A7139_SetSleepTime                       0x080077fb   Thumb Code    26  a7139_api.o(.text)
    A7139_SetChn                             0x08007815   Thumb Code   156  a7139_api.o(.text)
    cca_detect                               0x080078b1   Thumb Code    46  a7139_api.o(.text)
    csma_detect                              0x080078df   Thumb Code    64  a7139_api.o(.text)
    A7139_Send_Msg                           0x0800791f   Thumb Code   140  a7139_api.o(.text)
    a7139_recv_handle                        0x080079ab   Thumb Code   190  a7139_api.o(.text)
    Enter_RX                                 0x08007a69   Thumb Code    16  a7139_api.o(.text)
    InitRF                                   0x08007a79   Thumb Code   146  a7139_api.o(.text)
    __aeabi_uidiv                            0x08007b11   Thumb Code     0  uidiv.o(.text)
    __aeabi_uidivmod                         0x08007b11   Thumb Code    44  uidiv.o(.text)
    __aeabi_idiv                             0x08007b3d   Thumb Code     0  idiv.o(.text)
    __aeabi_idivmod                          0x08007b3d   Thumb Code    40  idiv.o(.text)
    rand                                     0x08007b65   Thumb Code    18  rand.o(.text)
    srand                                    0x08007b77   Thumb Code     6  rand.o(.text)
    __aeabi_memcpy                           0x08007b89   Thumb Code    36  memcpya.o(.text)
    __aeabi_memcpy4                          0x08007b89   Thumb Code     0  memcpya.o(.text)
    __aeabi_memcpy8                          0x08007b89   Thumb Code     0  memcpya.o(.text)
    __aeabi_memset                           0x08007bad   Thumb Code    14  memseta.o(.text)
    __aeabi_memset4                          0x08007bad   Thumb Code     0  memseta.o(.text)
    __aeabi_memset8                          0x08007bad   Thumb Code     0  memseta.o(.text)
    __aeabi_memclr                           0x08007bbb   Thumb Code     4  memseta.o(.text)
    __aeabi_memclr4                          0x08007bbb   Thumb Code     0  memseta.o(.text)
    __aeabi_memclr8                          0x08007bbb   Thumb Code     0  memseta.o(.text)
    _memset$wrapper                          0x08007bbf   Thumb Code    18  memseta.o(.text)
    strlen                                   0x08007bd1   Thumb Code    14  strlen.o(.text)
    memcmp                                   0x08007bdf   Thumb Code    26  memcmp.o(.text)
    __aeabi_uread4                           0x08007bf9   Thumb Code    20  uread4.o(.text)
    __rt_uread4                              0x08007bf9   Thumb Code     0  uread4.o(.text)
    _uread4                                  0x08007bf9   Thumb Code     0  uread4.o(.text)
    __aeabi_uwrite4                          0x08007c0d   Thumb Code    18  uwrite4.o(.text)
    __rt_uwrite4                             0x08007c0d   Thumb Code     0  uwrite4.o(.text)
    _uwrite4                                 0x08007c0d   Thumb Code     0  uwrite4.o(.text)
    __aeabi_fmul                             0x08007c1f   Thumb Code   122  fmul.o(.text)
    __aeabi_fdiv                             0x08007c99   Thumb Code   124  fdiv.o(.text)
    __aeabi_ui2f                             0x08007d15   Thumb Code    14  ffltui.o(.text)
    __aeabi_f2uiz                            0x08007d23   Thumb Code    40  ffixui.o(.text)
    __aeabi_uldivmod                         0x08007d4b   Thumb Code    96  uldiv.o(.text)
    __I$use$fp                               0x08007dab   Thumb Code     0  iusefp.o(.text)
    _float_round                             0x08007dab   Thumb Code    16  fepilogue.o(.text)
    _float_epilogue                          0x08007dbb   Thumb Code   116  fepilogue.o(.text)
    __scatterload                            0x08007e31   Thumb Code    28  init.o(.text)
    __scatterload_rt2                        0x08007e31   Thumb Code     0  init.o(.text)
    __aeabi_llsl                             0x08007e55   Thumb Code    32  llshl.o(.text)
    _ll_shift_l                              0x08007e55   Thumb Code     0  llshl.o(.text)
    __aeabi_llsr                             0x08007e75   Thumb Code    34  llushr.o(.text)
    _ll_ushift_r                             0x08007e75   Thumb Code     0  llushr.o(.text)
    __0sprintf$5                             0x08007e99   Thumb Code    36  printf5.o(i.__0sprintf$5)
    __1sprintf$5                             0x08007e99   Thumb Code     0  printf5.o(i.__0sprintf$5)
    __2sprintf                               0x08007e99   Thumb Code     0  printf5.o(i.__0sprintf$5)
    __ARM_common_switch8                     0x08007ec1   Thumb Code    26  app_msg.o(i.__ARM_common_switch8)
    __scatterload_copy                       0x08007edb   Thumb Code    14  handlers.o(i.__scatterload_copy)
    __scatterload_null                       0x08007ee9   Thumb Code     2  handlers.o(i.__scatterload_null)
    __scatterload_zeroinit                   0x08007eeb   Thumb Code    14  handlers.o(i.__scatterload_zeroinit)
    LED_GPIO_PIN                             0x080081e0   Data          16  bsp.o(.constdata)
    KEY_GPIO_PIN                             0x080081f0   Data          16  bsp.o(.constdata)
    EP12864_GPIO_PIN                         0x08008200   Data          20  bsp.o(.constdata)
    A7139_GPIO_PIN                           0x08008214   Data          24  a7139.o(.constdata)
    Region$$Table$$Base                      0x0800822c   Number         0  anon$$obj.o(Region$$Table)
    Region$$Table$$Limit                     0x0800824c   Number         0  anon$$obj.o(Region$$Table)
    SystemCoreClock                          0x200000c0   Data           4  system_stm32f0xx.o(.data)
    AHBPrescTable                            0x200000c4   Data          16  system_stm32f0xx.o(.data)
    led_save                                 0x200000d4   Data           4  bsp.o(.data)
    led_s                                    0x200000d8   Data           4  bsp.o(.data)
    RegularConvData_Tab                      0x200000dc   Data           4  bsp.o(.data)
    LED_GPIO_PORT                            0x200000e0   Data          16  bsp.o(.data)
    KEY_GPIO_PORT                            0x200000f0   Data          16  bsp.o(.data)
    EP12864_GPIO_PORT                        0x20000100   Data          20  bsp.o(.data)
    LED_PIN_SOURCE                           0x20000114   Data           4  bsp.o(.data)
    test_ms                                  0x20000118   Data           8  menu.o(.data)
    test_mode_timeout                        0x20000120   Data           2  engineer_mode.o(.data)
    led_value                                0x20000128   Data           1  pmw_led.o(.data)
    bz_resp                                  0x2000012c   Data           2  app_msg.o(.data)
    TxState                                  0x20000134   Data           7  app_algo.o(.data)
    tag_mac_Addr                             0x2000013b   Data           8  app_algo.o(.data)
    req_slice                                0x20000144   Data           2  app_gui.o(.data)
    curret_cur_offset                        0x20000149   Data           1  app_usr_function.o(.data)
    curret_cur_offset_max                    0x2000014a   Data           1  app_usr_function.o(.data)
    A7139Config                              0x2000015c   Data          32  a7139.o(.data)
    A7139Config_PageA                        0x2000017c   Data          32  a7139.o(.data)
    A7139Config_PageB                        0x2000019c   Data          10  a7139.o(.data)
    A7139_GPIO_PORT                          0x200001a8   Data          24  a7139.o(.data)
    rssi_max                                 0x200001c0   Data           1  a7139_api.o(.data)
    rssi_min                                 0x200001c1   Data           1  a7139_api.o(.data)
    times                                    0x200001c2   Data           1  a7139_api.o(.data)
    csma_delay                               0x200001c4   Data           2  a7139_api.o(.data)
    delay_max                                0x200001c6   Data           2  a7139_api.o(.data)
    firmware                                 0x200001cc   Data          15  app_msg.o(.bss)
    system_flag                              0x200001db   Data          53  app_algo.o(.bss)
    tag_flash_info                           0x20000210   Data         334  app_algo.o(.bss)
    tag_state                                0x2000035e   Data          84  app_algo.o(.bss)
    TxMpdu                                   0x200003b2   Data         136  app_algo.o(.bss)
    RxMpdu                                   0x2000043a   Data         382  app_algo.o(.bss)
    state_para                               0x200005b8   Data          34  app_algo.o(.bss)
    backgroud                                0x200005da   Data        1024  app_gui.o(.bss)
    screen                                   0x200009da   Data        2053  app_gui.o(.bss)
    __initial_sp                             0x200019e0   Data           0  startup_stm32f0xx.o(STACK)



==============================================================================

Memory Map of the image

  Image Entry point : 0x080014c1

  Load Region LR_IROM1 (Base: 0x08001400, Size: 0x00006f58, Max: 0x00007400, ABSOLUTE)

    Execution Region ER_IROM1 (Base: 0x08001400, Size: 0x00006e4c, Max: 0x00007400, ABSOLUTE)

    Base Addr    Size         Type   Attr      Idx    E Section Name        Object

    0x08001400   0x000000c0   Data   RO            3    RESET               startup_stm32f0xx.o
    0x080014c0   0x00000000   Code   RO          968  * .ARM.Collect$$$$00000000  mc_p.l(entry.o)
    0x080014c0   0x00000004   Code   RO         1261    .ARM.Collect$$$$00000001  mc_p.l(entry2.o)
    0x080014c4   0x00000004   Code   RO         1264    .ARM.Collect$$$$00000004  mc_p.l(entry5.o)
    0x080014c8   0x00000000   Code   RO         1266    .ARM.Collect$$$$00000008  mc_p.l(entry7b.o)
    0x080014c8   0x00000000   Code   RO         1268    .ARM.Collect$$$$0000000A  mc_p.l(entry8b.o)
    0x080014c8   0x00000008   Code   RO         1269    .ARM.Collect$$$$0000000B  mc_p.l(entry9a.o)
    0x080014d0   0x00000000   Code   RO         1271    .ARM.Collect$$$$0000000D  mc_p.l(entry10a.o)
    0x080014d0   0x00000000   Code   RO         1273    .ARM.Collect$$$$0000000F  mc_p.l(entry11a.o)
    0x080014d0   0x00000004   Code   RO         1262    .ARM.Collect$$$$00002712  mc_p.l(entry2.o)
    0x080014d4   0x0000001c   Code   RO            4    .text               startup_stm32f0xx.o
    0x080014f0   0x0000003c   Code   RO           12    .text               main.o
    0x0800152c   0x00000158   Code   RO          172    .text               system_stm32f0xx.o
    0x08001684   0x00000134   Code   RO          198    .text               stm32f0xx_it.o
    0x080017b8   0x00000548   Code   RO          225    .text               bsp.o
    0x08001d00   0x000000c8   Code   RO          259    .text               bsp_usart2.o
    0x08001dc8   0x000004ac   Code   RO          286    .text               usr_rtc.o
    0x08002274   0x000001b4   Code   RO          307    .text               usr_lowpower.o
    0x08002428   0x00000078   Code   RO          327    .text               crc16.o
    0x080024a0   0x0000033c   Code   RO          351    .text               menu.o
    0x080027dc   0x0000041c   Code   RO          378    .text               engineer_mode.o
    0x08002bf8   0x00000294   Code   RO          401    .text               pmw_led.o
    0x08002e8c   0x00000c8c   Code   RO          425    .text               app_msg.o
    0x08003b18   0x000002b0   Code   RO          454    .text               pkt_build.o
    0x08003dc8   0x000005cc   Code   RO          474    .text               app_algo.o
    0x08004394   0x000001e0   Code   RO          522    .text               app_gui.o
    0x08004574   0x00000334   Code   RO          554    .text               app_state.o
    0x080048a8   0x000007a4   Code   RO          574    .text               app_wrscreen.o
    0x0800504c   0x0000048c   Code   RO          603    .text               app_flash.o
    0x080054d8   0x000000b4   Code   RO          624    .text               app_key.o
    0x0800558c   0x000002b0   Code   RO          649    .text               app_usr_function.o
    0x0800583c   0x000004f2   Code   RO          673    .text               ep12864.o
    0x08005d2e   0x00000002   PAD
    0x08005d30   0x0000040c   Code   RO          713    .text               stm32f0xx_rcc.o
    0x0800613c   0x0000044c   Code   RO          735    .text               stm32f0xx_flash.o
    0x08006588   0x0000015c   Code   RO          756    .text               stm32f0xx_gpio.o
    0x080066e4   0x000000e0   Code   RO          776    .text               stm32f0xx_pwr.o
    0x080067c4   0x000000d4   Code   RO          796    .text               stm32f0xx_exti.o
    0x08006898   0x00000098   Code   RO          816    .text               stm32f0xx_syscfg.o
    0x08006930   0x0000007c   Code   RO          836    .text               stm32f0xx_misc.o
    0x080069ac   0x00000224   Code   RO          856    .text               stm32f0xx_adc.o
    0x08006bd0   0x00000124   Code   RO          876    .text               stm32f0xx_dma.o
    0x08006cf4   0x00000466   Code   RO          896    .text               stm32f0xx_usart.o
    0x0800715a   0x00000002   PAD
    0x0800715c   0x0000054c   Code   RO          916    .text               a7139.o
    0x080076a8   0x00000468   Code   RO          947    .text               a7139_api.o
    0x08007b10   0x0000002c   Code   RO          971    .text               mc_p.l(uidiv.o)
    0x08007b3c   0x00000028   Code   RO          973    .text               mc_p.l(idiv.o)
    0x08007b64   0x00000024   Code   RO          975    .text               mc_p.l(rand.o)
    0x08007b88   0x00000024   Code   RO          978    .text               mc_p.l(memcpya.o)
    0x08007bac   0x00000024   Code   RO          980    .text               mc_p.l(memseta.o)
    0x08007bd0   0x0000000e   Code   RO          982    .text               mc_p.l(strlen.o)
    0x08007bde   0x0000001a   Code   RO          984    .text               mc_p.l(memcmp.o)
    0x08007bf8   0x00000014   Code   RO         1249    .text               mc_p.l(uread4.o)
    0x08007c0c   0x00000012   Code   RO         1251    .text               mc_p.l(uwrite4.o)
    0x08007c1e   0x0000007a   Code   RO         1253    .text               mf_p.l(fmul.o)
    0x08007c98   0x0000007c   Code   RO         1255    .text               mf_p.l(fdiv.o)
    0x08007d14   0x0000000e   Code   RO         1257    .text               mf_p.l(ffltui.o)
    0x08007d22   0x00000028   Code   RO         1259    .text               mf_p.l(ffixui.o)
    0x08007d4a   0x00000060   Code   RO         1278    .text               mc_p.l(uldiv.o)
    0x08007daa   0x00000000   Code   RO         1280    .text               mc_p.l(iusefp.o)
    0x08007daa   0x00000084   Code   RO         1281    .text               mf_p.l(fepilogue.o)
    0x08007e2e   0x00000002   PAD
    0x08007e30   0x00000024   Code   RO         1293    .text               mc_p.l(init.o)
    0x08007e54   0x00000020   Code   RO         1296    .text               mc_p.l(llshl.o)
    0x08007e74   0x00000022   Code   RO         1298    .text               mc_p.l(llushr.o)
    0x08007e96   0x00000002   PAD
    0x08007e98   0x00000028   Code   RO         1123    i.__0sprintf$5      mc_p.l(printf5.o)
    0x08007ec0   0x0000001a   Code   RO          444    i.__ARM_common_switch8  app_msg.o
    0x08007eda   0x0000000e   Code   RO         1309    i.__scatterload_copy  mc_p.l(handlers.o)
    0x08007ee8   0x00000002   Code   RO         1310    i.__scatterload_null  mc_p.l(handlers.o)
    0x08007eea   0x0000000e   Code   RO         1311    i.__scatterload_zeroinit  mc_p.l(handlers.o)
    0x08007ef8   0x000002dc   Code   RO         1128    i._printf_core      mc_p.l(printf5.o)
    0x080081d4   0x0000000a   Code   RO         1130    i._sputc            mc_p.l(printf5.o)
    0x080081de   0x00000002   PAD
    0x080081e0   0x00000034   Data   RO          226    .constdata          bsp.o
    0x08008214   0x00000018   Data   RO          917    .constdata          a7139.o
    0x0800822c   0x00000020   Data   RO         1307    Region$$Table       anon$$obj.o


    Execution Region RW_IRAM1 (Base: 0x200000c0, Size: 0x00001920, Max: 0x00002000, ABSOLUTE)

    Base Addr    Size         Type   Attr      Idx    E Section Name        Object

    0x200000c0   0x00000014   Data   RW          173    .data               system_stm32f0xx.o
    0x200000d4   0x00000040   Data   RW          228    .data               bsp.o
    0x20000114   0x00000004   Data   RW          229    .data               bsp.o
    0x20000118   0x00000008   Data   RW          352    .data               menu.o
    0x20000120   0x00000008   Data   RW          379    .data               engineer_mode.o
    0x20000128   0x00000001   Data   RW          402    .data               pmw_led.o
    0x20000129   0x00000003   PAD
    0x2000012c   0x00000008   Data   RW          427    .data               app_msg.o
    0x20000134   0x0000000f   Data   RW          477    .data               app_algo.o
    0x20000143   0x00000001   PAD
    0x20000144   0x00000002   Data   RW          525    .data               app_gui.o
    0x20000146   0x00000002   Data   RW          577    .data               app_wrscreen.o
    0x20000148   0x00000001   Data   RW          625    .data               app_key.o
    0x20000149   0x00000002   Data   RW          650    .data               app_usr_function.o
    0x2000014b   0x00000010   Data   RW          714    .data               stm32f0xx_rcc.o
    0x2000015b   0x00000001   PAD
    0x2000015c   0x00000064   Data   RW          918    .data               a7139.o
    0x200001c0   0x00000008   Data   RW          948    .data               a7139_api.o
    0x200001c8   0x00000004   Data   RW          976    .data               mc_p.l(rand.o)
    0x200001cc   0x0000000f   Zero   RW          426    .bss                app_msg.o
    0x200001db   0x000003dd   Zero   RW          475    .bss                app_algo.o
    0x200005b8   0x00000022   Zero   RW          476    .bss                app_algo.o
    0x200005da   0x00000400   Zero   RW          523    .bss                app_gui.o
    0x200009da   0x00000805   Zero   RW          524    .bss                app_gui.o
    0x200011df   0x00000001   PAD
    0x200011e0   0x00000800   Zero   RW            1    STACK               startup_stm32f0xx.o


==============================================================================

Image component sizes


      Code (inc. data)   RO Data    RW Data    ZI Data      Debug   Object Name

      1356         30         24        100          0       7278   a7139.o
      1128         42          0          8          0       4528   a7139_api.o
      1484        242          0         15       1023      14258   app_algo.o
      1164         44          0          0          0       5897   app_flash.o
       480         52          0          2       3077       2996   app_gui.o
       180         44          0          1          0       1241   app_key.o
      3238        278          0          8         15       8432   app_msg.o
       820        162          0          0          0       2324   app_state.o
       688         16          0          2          0       3818   app_usr_function.o
      1956         54          0          2          0       4968   app_wrscreen.o
      1352         64         52         68          0      14835   bsp.o
       200         10          0          0          0       1176   bsp_usart2.o
       120          8          0          0          0       1242   crc16.o
      1052        298          0          8          0       1865   engineer_mode.o
      1266          0          0          0          0       4118   ep12864.o
        60          4          0          0          0     177048   main.o
       828        142          0          8          0       2578   menu.o
       688         66          0          0          0       2880   pkt_build.o
       660         64          0          1          0       3047   pmw_led.o
        28          8        192          0       2048        580   startup_stm32f0xx.o
       548         12          0          0          0       5903   stm32f0xx_adc.o
       292         12          0          0          0       3198   stm32f0xx_dma.o
       212         14          0          0          0       2143   stm32f0xx_exti.o
      1100         20          0          0          0       6754   stm32f0xx_flash.o
       348         22          0          0          0       3241   stm32f0xx_gpio.o
       308          6          0          0          0       1568   stm32f0xx_it.o
       124         16          0          0          0       1336   stm32f0xx_misc.o
       224         10          0          0          0       1958   stm32f0xx_pwr.o
      1036         38          0         16          0       7666   stm32f0xx_rcc.o
       152          4          0          0          0       1790   stm32f0xx_syscfg.o
      1126         14          0          0          0      10131   stm32f0xx_usart.o
       344         28          0         20          0       1591   system_stm32f0xx.o
       436         60          0          0          0       1269   usr_lowpower.o
      1196         22          0          0          0       5542   usr_rtc.o

    ----------------------------------------------------------------------
     26198       1906        300        264       6164     319199   Object Totals
         0          0         32          0          0          0   (incl. Generated)
         4          0          0          5          1          0   (incl. Padding)

    ----------------------------------------------------------------------

      Code (inc. data)   RO Data    RW Data    ZI Data      Debug   Library Member Name

         0          0          0          0          0          0   entry.o
         0          0          0          0          0          0   entry10a.o
         0          0          0          0          0          0   entry11a.o
         8          4          0          0          0          0   entry2.o
         4          0          0          0          0          0   entry5.o
         0          0          0          0          0          0   entry7b.o
         0          0          0          0          0          0   entry8b.o
         8          4          0          0          0          0   entry9a.o
        30          0          0          0          0          0   handlers.o
        40          0          0          0          0         72   idiv.o
        36          8          0          0          0         68   init.o
         0          0          0          0          0          0   iusefp.o
        32          0          0          0          0         68   llshl.o
        34          0          0          0          0         68   llushr.o
        26          0          0          0          0         72   memcmp.o
        36          0          0          0          0         60   memcpya.o
        36          0          0          0          0        100   memseta.o
       782         48          0          0          0        228   printf5.o
        36         12          0          4          0        120   rand.o
        14          0          0          0          0         60   strlen.o
        44          0          0          0          0         72   uidiv.o
        96          0          0          0          0         84   uldiv.o
        20          0          0          0          0         60   uread4.o
        18          0          0          0          0         60   uwrite4.o
       124          0          0          0          0         72   fdiv.o
       132          0          0          0          0        144   fepilogue.o
        40          0          0          0          0         60   ffixui.o
        14          0          0          0          0         68   ffltui.o
       122          0          0          0          0         72   fmul.o

    ----------------------------------------------------------------------
      1738         76          0          4          0       1608   Library Totals
         6          0          0          0          0          0   (incl. Padding)

    ----------------------------------------------------------------------

      Code (inc. data)   RO Data    RW Data    ZI Data      Debug   Library Name

      1300         76          0          4          0       1192   mc_p.l
       432          0          0          0          0        416   mf_p.l

    ----------------------------------------------------------------------
      1738         76          0          4          0       1608   Library Totals

    ----------------------------------------------------------------------

==============================================================================


      Code (inc. data)   RO Data    RW Data    ZI Data      Debug   

     27936       1982        300        268       6164     316619   Grand Totals
     27936       1982        300        268       6164     316619   ELF Image Totals
     27936       1982        300        268          0          0   ROM Totals

==============================================================================

    Total RO  Size (Code + RO Data)                28236 (  27.57kB)
    Total RW  Size (RW Data + ZI Data)              6432 (   6.28kB)
    Total ROM Size (Code + RO Data + RW Data)      28504 (  27.84kB)

==============================================================================

