<html>
<body>
<pre>
<h1>µVision Build Log</h1>
<h2>Project:</h2>
E:\My WorkPlace\NEW_TAG\sleep_wake\a7139_touchuan_new\MDK-ARM\STM32F051R8_Demo.uvproj
Project File Date:  06/30/2015

<h2>Output:</h2>
Build target 'a7139_touchuan'
compiling stm32f0xx_it.c...
..\stm32f0xx_it.c(64): warning:  #223-D: function "SysTime_handle" declared implicitly
..\stm32f0xx_it.c(83): warning:  #223-D: function "a7139_recv_handle" declared implicitly
compiling main.c...
..\src\main.c(52): warning:  #223-D: function "send_alive_cmd_to_master" declared implicitly
..\src\main.c(60): warning:  #223-D: function "uart_buffer_clean" declared implicitly
..\src\main.c(73): warning:  #223-D: function "InitRF" declared implicitly
..\src\main.c(78): warning:  #223-D: function "send_alive_cmd_to_master" declared implicitly
..\src\main.c(80): warning:  #223-D: function "A7139_SetChn" declared implicitly
..\src\main.c(87): warning:  #223-D: function "rf_get_usart_buffer_ops" declared implicitly
..\src\main.c(88): warning:  #223-D: function "USART2_Send" declared implicitly
..\src\main.c(94): warning:  #223-D: function "get_usart_buffer_ops" declared implicitly
..\src\main.c(100): warning:  #223-D: function "Model_Config" declared implicitly
..\src\main.c(106): warning:  #223-D: function "A7139_Send_Msg" declared implicitly
compiling app_msg.c...
..\src\app_msg.c(13): warning:  #223-D: function "memcpy" declared implicitly
..\src\app_msg.c(37): warning:  #223-D: function "memcpy" declared implicitly
..\src\app_msg.c(61): warning:  #223-D: function "memset" declared implicitly
..\src\app_msg.c(104): warning:  #223-D: function "memcpy" declared implicitly
..\src\app_msg.c(106): warning:  #223-D: function "USART2_Send" declared implicitly
..\src\app_msg.c(129): warning:  #223-D: function "A7139_SetChn" declared implicitly
..\src\app_msg.c(112): warning:  #177-D: variable "ret" was declared but never referenced
compiling a7139.c...
..\a7139\a7139.c(138): warning:  #177-D: variable "GPIO_InitStruct" was declared but never referenced
..\a7139\a7139.c(169): warning:  #223-D: function "Delay_ms" declared implicitly
..\a7139\a7139.c(460): warning:  #550-D: variable "fb" was set but never used
..\a7139\a7139.c(460): warning:  #550-D: variable "fcd" was set but never used
..\a7139\a7139.c(461): warning:  #550-D: variable "vb" was set but never used
..\a7139\a7139.c(462): warning:  #550-D: variable "vcb" was set but never used
compiling a7139_api.c...
..\a7139\a7139_api.c(69): warning:  #223-D: function "Delay10us" declared implicitly
..\a7139\a7139_api.c(87): warning:  #223-D: function "RCOSC_Cal" declared implicitly
..\a7139\a7139_api.c(109): warning:  #223-D: function "Delay_ms" declared implicitly
..\a7139\a7139_api.c(112): warning:  #940-D: missing return statement at end of non-void function "A7139_SetChn1"
..\a7139\a7139_api.c(130): warning:  #223-D: function "Delay_ms" declared implicitly
..\a7139\a7139_api.c(116): warning:  #550-D: variable "vb" was set but never used
..\a7139\a7139_api.c(117): warning:  #177-D: variable "vcb" was declared but never referenced
..\a7139\a7139_api.c(117): warning:  #177-D: variable "vccf" was declared but never referenced
..\a7139\a7139_api.c(184): warning:  #223-D: function "Delay10us" declared implicitly
..\a7139\a7139_api.c(236): warning:  #223-D: function "rf_data_into_buffer" declared implicitly
..\a7139\a7139_api.c(256): warning:  #223-D: function "Delay_ms" declared implicitly
..\a7139\a7139_api.c(268): warning:  #223-D: function "Delay10us" declared implicitly
linking...
Program Size: Code=5728 RO-data=332 RW-data=84 ZI-data=2372  
FromELF: creating hex file...
".\out\IO_Toggle.axf" - 0 Errors, 37 Warning(s).
Rebuild target 'a7139_touchuan'
compiling stm32f0xx_it.c...
..\stm32f0xx_it.c(64): warning:  #223-D: function "SysTime_handle" declared implicitly
..\stm32f0xx_it.c(83): warning:  #223-D: function "a7139_recv_handle" declared implicitly
compiling system_stm32f0xx.c...
compiling main.c...
..\src\main.c(52): warning:  #223-D: function "send_alive_cmd_to_master" declared implicitly
..\src\main.c(60): warning:  #223-D: function "uart_buffer_clean" declared implicitly
..\src\main.c(73): warning:  #223-D: function "InitRF" declared implicitly
..\src\main.c(78): warning:  #223-D: function "send_alive_cmd_to_master" declared implicitly
..\src\main.c(80): warning:  #223-D: function "A7139_SetChn" declared implicitly
..\src\main.c(87): warning:  #223-D: function "rf_get_usart_buffer_ops" declared implicitly
..\src\main.c(88): warning:  #223-D: function "USART2_Send" declared implicitly
..\src\main.c(94): warning:  #223-D: function "get_usart_buffer_ops" declared implicitly
..\src\main.c(100): warning:  #223-D: function "Model_Config" declared implicitly
..\src\main.c(106): warning:  #223-D: function "A7139_Send_Msg" declared implicitly
compiling app_msg.c...
..\src\app_msg.c(13): warning:  #223-D: function "memcpy" declared implicitly
..\src\app_msg.c(37): warning:  #223-D: function "memcpy" declared implicitly
..\src\app_msg.c(61): warning:  #223-D: function "memset" declared implicitly
..\src\app_msg.c(104): warning:  #223-D: function "memcpy" declared implicitly
..\src\app_msg.c(106): warning:  #223-D: function "USART2_Send" declared implicitly
..\src\app_msg.c(129): warning:  #223-D: function "A7139_SetChn" declared implicitly
..\src\app_msg.c(112): warning:  #177-D: variable "ret" was declared but never referenced
compiling BSP_USART2.c...
..\src\BSP_USART2.c(64): warning:  #223-D: function "usart_data_handle" declared implicitly
assembling startup_stm32f0xx.s...
compiling stm32f0xx_adc.c...
compiling stm32f0xx_cec.c...
compiling stm32f0xx_comp.c...
compiling stm32f0xx_crc.c...
compiling stm32f0xx_dac.c...
compiling stm32f0xx_dbgmcu.c...
compiling stm32f0xx_dma.c...
compiling stm32f0xx_exti.c...
compiling stm32f0xx_flash.c...
compiling stm32f0xx_gpio.c...
compiling stm32f0xx_i2c.c...
compiling stm32f0xx_iwdg.c...
compiling stm32f0xx_misc.c...
compiling stm32f0xx_pwr.c...
compiling stm32f0xx_rcc.c...
compiling stm32f0xx_rtc.c...
compiling stm32f0xx_spi.c...
compiling stm32f0xx_syscfg.c...
compiling stm32f0xx_tim.c...
compiling stm32f0xx_usart.c...
compiling stm32f0xx_wwdg.c...
compiling a7139.c...
..\a7139\a7139.c(138): warning:  #177-D: variable "GPIO_InitStruct" was declared but never referenced
..\a7139\a7139.c(169): warning:  #223-D: function "Delay_ms" declared implicitly
..\a7139\a7139.c(460): warning:  #550-D: variable "fb" was set but never used
..\a7139\a7139.c(460): warning:  #550-D: variable "fcd" was set but never used
..\a7139\a7139.c(461): warning:  #550-D: variable "vb" was set but never used
..\a7139\a7139.c(462): warning:  #550-D: variable "vcb" was set but never used
compiling a7139_api.c...
..\a7139\a7139_api.c(69): warning:  #223-D: function "Delay10us" declared implicitly
..\a7139\a7139_api.c(87): warning:  #223-D: function "RCOSC_Cal" declared implicitly
..\a7139\a7139_api.c(109): warning:  #223-D: function "Delay_ms" declared implicitly
..\a7139\a7139_api.c(112): warning:  #940-D: missing return statement at end of non-void function "A7139_SetChn1"
..\a7139\a7139_api.c(130): warning:  #223-D: function "Delay_ms" declared implicitly
..\a7139\a7139_api.c(116): warning:  #550-D: variable "vb" was set but never used
..\a7139\a7139_api.c(117): warning:  #177-D: variable "vcb" was declared but never referenced
..\a7139\a7139_api.c(117): warning:  #177-D: variable "vccf" was declared but never referenced
..\a7139\a7139_api.c(184): warning:  #223-D: function "Delay10us" declared implicitly
..\a7139\a7139_api.c(236): warning:  #223-D: function "rf_data_into_buffer" declared implicitly
..\a7139\a7139_api.c(256): warning:  #223-D: function "Delay_ms" declared implicitly
..\a7139\a7139_api.c(268): warning:  #223-D: function "Delay10us" declared implicitly
linking...
Program Size: Code=5728 RO-data=332 RW-data=84 ZI-data=2372  
FromELF: creating hex file...
".\out\A7139_touchuan.axf" - 0 Errors, 38 Warning(s).
