ARM Linker, 5.03 [Build 76] [MDK-ARM Standard]

==============================================================================

Section Cross References

    stm32f0xx_it.o(i.EXTI4_15_IRQHandler) refers to stm32f0xx_exti.o(i.EXTI_GetITStatus) for EXTI_GetITStatus
    stm32f0xx_it.o(i.EXTI4_15_IRQHandler) refers to a7139_api.o(i.a7139_recv_handle) for a7139_recv_handle
    stm32f0xx_it.o(i.EXTI4_15_IRQHandler) refers to stm32f0xx_exti.o(i.EXTI_ClearITPendingBit) for EXTI_ClearITPendingBit
    stm32f0xx_it.o(i.SysTick_Handler) refers to main.o(i.SysTime_handle) for SysTime_handle
    system_stm32f0xx.o(i.SystemCoreClockUpdate) refers to uidiv.o(.text) for __aeabi_uidivmod
    system_stm32f0xx.o(i.SystemCoreClockUpdate) refers to system_stm32f0xx.o(.data) for SystemCoreClock
    system_stm32f0xx.o(i.SystemInit) refers to system_stm32f0xx.o(i.SetSysClock) for SetSysClock
    main.o(i.Delay_ms) refers to main.o(.data) for sysTimeDelay
    main.o(i.Feed_IWDG) refers to stm32f0xx_iwdg.o(i.IWDG_ReloadCounter) for IWDG_ReloadCounter
    main.o(i.IWDG_Init) refers to stm32f0xx_iwdg.o(i.IWDG_WriteAccessCmd) for IWDG_WriteAccessCmd
    main.o(i.IWDG_Init) refers to stm32f0xx_iwdg.o(i.IWDG_SetPrescaler) for IWDG_SetPrescaler
    main.o(i.IWDG_Init) refers to stm32f0xx_iwdg.o(i.IWDG_SetReload) for IWDG_SetReload
    main.o(i.IWDG_Init) refers to stm32f0xx_iwdg.o(i.IWDG_ReloadCounter) for IWDG_ReloadCounter
    main.o(i.IWDG_Init) refers to stm32f0xx_iwdg.o(i.IWDG_Enable) for IWDG_Enable
    main.o(i.RCC_Init) refers to stm32f0xx_rcc.o(i.RCC_AHBPeriphClockCmd) for RCC_AHBPeriphClockCmd
    main.o(i.SysTick_Init) refers to uidiv.o(.text) for __aeabi_uidivmod
    main.o(i.SysTick_Init) refers to main.o(i.NVIC_SetPriority) for NVIC_SetPriority
    main.o(i.SysTick_Init) refers to system_stm32f0xx.o(.data) for SystemCoreClock
    main.o(i.SysTime_handle) refers to sleep_wake.o(i.tag_timeout_handler) for tag_timeout_handler
    main.o(i.SysTime_handle) refers to app_msg.o(i.uart_buffer_clean) for uart_buffer_clean
    main.o(i.SysTime_handle) refers to main.o(.data) for sysTimeDelay
    main.o(i.main) refers to main.o(i.SysTick_Init) for SysTick_Init
    main.o(i.main) refers to main.o(i.RCC_Init) for RCC_Init
    main.o(i.main) refers to bsp_usart2.o(i.USART2_Init) for USART2_Init
    main.o(i.main) refers to a7139_api.o(i.InitRF) for InitRF
    main.o(i.main) refers to sleep_wake.o(i.Tag_Init) for Tag_Init
    main.o(i.main) refers to main.o(i.IWDG_Init) for IWDG_Init
    main.o(i.main) refers to uidiv.o(.text) for __aeabi_uidivmod
    main.o(i.main) refers to main.o(i.Feed_IWDG) for Feed_IWDG
    main.o(i.main) refers to app_msg.o(i.usart_msg_handle) for usart_msg_handle
    main.o(i.main) refers to sleep_wake.o(i.Tag_state_check) for Tag_state_check
    main.o(i.main) refers to sleep_wake.o(i.SendWakeMsg) for SendWakeMsg
    main.o(i.main) refers to main.o(.data) for sysTime1ms
    app_msg.o(i.data_into_buffer) refers to memcpya.o(.text) for __aeabi_memcpy
    app_msg.o(i.data_into_buffer) refers to app_msg.o(.bss) for Data_from_Uart_buffer
    app_msg.o(i.get_usart_buffer_ops) refers to app_msg.o(.bss) for Data_from_Uart_buffer
    app_msg.o(i.uart_buffer_clean) refers to main.o(.data) for uart_buff_clean_delay
    app_msg.o(i.uart_buffer_clean) refers to app_msg.o(.data) for uart_recv_count
    app_msg.o(i.usart_data_handle) refers to app_msg.o(i.uart_buffer_clean) for uart_buffer_clean
    app_msg.o(i.usart_data_handle) refers to app_msg.o(i.data_into_buffer) for data_into_buffer
    app_msg.o(i.usart_data_handle) refers to app_msg.o(.data) for uart_recv_count
    app_msg.o(i.usart_msg_handle) refers to app_msg.o(i.get_usart_buffer_ops) for get_usart_buffer_ops
    app_msg.o(i.usart_msg_handle) refers to sleep_wake.o(i.cmd_handle) for cmd_handle
    app_msg.o(i.usart_msg_handle) refers to app_msg.o(.bss) for Data_from_Uart_buffer
    sleep_wake.o(i.SendWakeMsg) refers to a7139_api.o(i.A7139_Send_Msg) for A7139_Send_Msg
    sleep_wake.o(i.SendWakeMsg) refers to sleep_wake.o(.data) for send_state
    sleep_wake.o(i.SendWakeMsg) refers to sleep_wake.o(.bss) for send_msg_buf
    sleep_wake.o(i.Tag_Init) refers to a7139_api.o(i.A7139_SetChn) for A7139_SetChn
    sleep_wake.o(i.Tag_Init) refers to sleep_wake.o(.data) for RfConfig
    sleep_wake.o(i.Tag_state_check) refers to sleep_wake.o(i.build_wakeup_msg) for build_wakeup_msg
    sleep_wake.o(i.Tag_state_check) refers to sleep_wake.o(i.report_timeout_to_master) for report_timeout_to_master
    sleep_wake.o(i.Tag_state_check) refers to sleep_wake.o(.bss) for wake_tag_list
    sleep_wake.o(i.build_wakeup_msg) refers to crc16.o(i.cal_crc16) for cal_crc16
    sleep_wake.o(i.build_wakeup_msg) refers to a7139_api.o(i.A7139_Fill_FIFO) for A7139_Fill_FIFO
    sleep_wake.o(i.build_wakeup_msg) refers to sleep_wake.o(.bss) for wake_tag_list
    sleep_wake.o(i.build_wakeup_msg) refers to sleep_wake.o(.data) for RfConfig
[...]
    a7139.o(i.ByteSend) refers to a7139.o(i.A7139_IO_SetBit) for A7139_IO_SetBit
    a7139.o(i.ByteSend) refers to a7139.o(i.A7139_IO_ReSetBit) for A7139_IO_ReSetBit
    a7139.o(i.RCOSC_Cal) refers to a7139.o(i.A7139_WritePageA) for A7139_WritePageA
    a7139.o(i.RCOSC_Cal) refers to a7139.o(i.A7139_ReadPageA) for A7139_ReadPageA
    a7139.o(i.RCOSC_Cal) refers to a7139.o(.data) for A7139Config_PageA
    a7139.o(i.SetSDIO_Output) refers to stm32f0xx_gpio.o(i.GPIO_Init) for GPIO_Init
    a7139.o(i.StrobeCMD) refers to a7139.o(i.A7139_IO_ReSetBit) for A7139_IO_ReSetBit
    a7139.o(i.StrobeCMD) refers to a7139.o(i.A7139_IO_SetBit) for A7139_IO_SetBit
    a7139.o(i.a7139_GPIO_Init) refers to stm32f0xx_rcc.o(i.RCC_AHBPeriphClockCmd) for RCC_AHBPeriphClockCmd
    a7139.o(i.a7139_GPIO_Init) refers to stm32f0xx_gpio.o(i.GPIO_Init) for GPIO_Init
    a7139_api.o(i.A7139_Fill_FIFO) refers to a7139.o(i.StrobeCMD) for StrobeCMD
    a7139_api.o(i.A7139_Fill_FIFO) refers to a7139_api.o(i.GIO2_wait) for GIO2_wait
    a7139_api.o(i.A7139_Fill_FIFO) refers to a7139_api.o(i.A7139_fillFifo) for A7139_fillFifo
    a7139_api.o(i.A7139_GetRSSI) refers to a7139.o(i.A7139_RX_Exti) for A7139_RX_Exti
    a7139_api.o(i.A7139_GetRSSI) refers to a7139.o(i.A7139_ReadReg) for A7139_ReadReg
    a7139_api.o(i.A7139_GetRSSI) refers to a7139_api.o(.data) for rssi_min
    a7139_api.o(i.A7139_Send_Msg) refers to a7139.o(i.StrobeCMD) for StrobeCMD
    a7139_api.o(i.A7139_Send_Msg) refers to a7139_api.o(i.GIO2_wait) for GIO2_wait
    a7139_api.o(i.A7139_SetChn) refers to a7139.o(i.A7139_RX_Exti) for A7139_RX_Exti
    a7139_api.o(i.A7139_SetChn) refers to a7139.o(i.StrobeCMD) for StrobeCMD
    a7139_api.o(i.A7139_SetChn) refers to a7139_api.o(i.GIO2_wait) for GIO2_wait
    a7139_api.o(i.A7139_SetChn) refers to a7139.o(i.A7139_WriteReg) for A7139_WriteReg
    a7139_api.o(i.A7139_SetChn) refers to a7139.o(i.A7139_WritePageB) for A7139_WritePageB
    a7139_api.o(i.A7139_SetChn) refers to main.o(i.Delay_ms) for Delay_ms
    a7139_api.o(i.A7139_SetChn) refers to a7139.o(.data) for A7139Config
    a7139_api.o(i.A7139_fillFifo) refers to crc16.o(i.cal_crc16) for cal_crc16
    a7139_api.o(i.A7139_fillFifo) refers to a7139.o(i.StrobeCMD) for StrobeCMD
    a7139_api.o(i.A7139_fillFifo) refers to a7139.o(i.A7139_IO_ReSetBit) for A7139_IO_ReSetBit
    a7139_api.o(i.A7139_fillFifo) refers to a7139.o(i.ByteSend) for ByteSend
    a7139_api.o(i.A7139_fillFifo) refers to a7139.o(i.A7139_IO_SetBit) for A7139_IO_SetBit
    a7139_api.o(i.GIO2_wait) refers to a7139.o(i.A7139_IO_Read_Bit) for A7139_IO_Read_Bit
    a7139_api.o(i.InitRF) refers to a7139.o(i.a7139_GPIO_Init) for a7139_GPIO_Init
    a7139_api.o(i.InitRF) refers to a7139.o(i.A7139_IO_SetBit) for A7139_IO_SetBit
    a7139_api.o(i.InitRF) refers to a7139.o(i.A7139_IO_ReSetBit) for A7139_IO_ReSetBit
    a7139_api.o(i.InitRF) refers to a7139.o(i.StrobeCMD) for StrobeCMD
    a7139_api.o(i.InitRF) refers to main.o(i.Delay_ms) for Delay_ms
    a7139_api.o(i.InitRF) refers to a7139.o(i.A7139_Config) for A7139_Config
    a7139_api.o(i.InitRF) refers to a7139.o(i.A7139_WriteID) for A7139_WriteID
    a7139_api.o(i.InitRF) refers to a7139.o(i.A7139_Cal) for A7139_Cal
    a7139_api.o(i.WOR_disable) refers to a7139.o(i.A7139_RX_Exti) for A7139_RX_Exti
    a7139_api.o(i.WOR_disable) refers to a7139.o(i.StrobeCMD) for StrobeCMD
    a7139_api.o(i.WOR_disable) refers to a7139_api.o(i.GIO2_wait) for GIO2_wait
    a7139_api.o(i.WOR_disable) refers to a7139.o(i.A7139_WriteReg) for A7139_WriteReg
    a7139_api.o(i.WOR_disable) refers to main.o(i.Delay_ms) for Delay_ms
    a7139_api.o(i.WOR_disable) refers to a7139.o(.data) for A7139Config
    a7139_api.o(i.WOR_enable) refers to a7139.o(i.A7139_WriteReg) for A7139_WriteReg
    a7139_api.o(i.WOR_enable) refers to a7139.o(.data) for A7139Config
    a7139_api.o(i.WOR_enable_by_sync) refers to a7139.o(i.A7139_RX_Exti) for A7139_RX_Exti
    a7139_api.o(i.WOR_enable_by_sync) refers to a7139.o(i.StrobeCMD) for StrobeCMD
    a7139_api.o(i.WOR_enable_by_sync) refers to a7139_api.o(i.GIO2_wait) for GIO2_wait
    a7139_api.o(i.WOR_enable_by_sync) refers to a7139.o(i.A7139_WritePageA) for A7139_WritePageA
    a7139_api.o(i.WOR_enable_by_sync) refers to a7139.o(i.RCOSC_Cal) for RCOSC_Cal
    a7139_api.o(i.WOR_enable_by_sync) refers to a7139.o(i.A7139_WriteReg) for A7139_WriteReg
    a7139_api.o(i.WOR_enable_by_sync) refers to a7139.o(.data) for A7139Config_PageA
    a7139_api.o(i.a7139_entry_sleep_mode) refers to a7139.o(i.A7139_RX_Exti) for A7139_RX_Exti
    a7139_api.o(i.a7139_entry_sleep_mode) refers to a7139.o(i.StrobeCMD) for StrobeCMD
    a7139_api.o(i.a7139_entry_sleep_mode) refers to main.o(i.Delay_ms) for Delay_ms
    a7139_api.o(i.a7139_wake_up_from_sleep_mode) refers to a7139.o(i.StrobeCMD) for StrobeCMD
    a7139_api.o(i.a7139_wake_up_from_sleep_mode) refers to main.o(i.Delay_ms) for Delay_ms
    a7139_api.o(i.a7139_wake_up_from_sleep_mode) refers to a7139.o(i.A7139_RX_Exti) for A7139_RX_Exti
    entry.o(.ARM.Collect$$$$00000000) refers (Special) to entry10a.o(.ARM.Collect$$$$0000000D) for __rt_final_cpp
    entry.o(.ARM.Collect$$$$00000000) refers (Special) to entry11a.o(.ARM.Collect$$$$0000000F) for __rt_final_exit
    entry.o(.ARM.Collect$$$$00000000) refers (Special) to entry7b.o(.ARM.Collect$$$$00000008) for _main_clock
    entry.o(.ARM.Collect$$$$00000000) refers (Special) to entry8b.o(.ARM.Collect$$$$0000000A) for _main_cpp_init
    entry.o(.ARM.Collect$$$$00000000) refers (Special) to entry9a.o(.ARM.Collect$$$$0000000B) for _main_init
    entry.o(.ARM.Collect$$$$00000000) refers (Special) to entry5.o(.ARM.Collect$$$$00000004) for _main_scatterload
    entry.o(.ARM.Collect$$$$00000000) refers (Special) to entry2.o(.ARM.Collect$$$$00000001) for _main_stk
    entry2.o(.ARM.Collect$$$$00000001) refers to entry2.o(.ARM.Collect$$$$00002712) for __lit__00000000
    entry2.o(.ARM.Collect$$$$00002712) refers to startup_stm32f0xx.o(STACK) for __initial_sp
    entry2.o(__vectab_stack_and_reset_area) refers to startup_stm32f0xx.o(STACK) for __initial_sp
    entry2.o(__vectab_stack_and_reset_area) refers to entry.o(.ARM.Collect$$$$00000000) for __main
    entry5.o(.ARM.Collect$$$$00000004) refers to init.o(.text) for __scatterload
    entry9a.o(.ARM.Collect$$$$0000000B) refers to main.o(i.main) for main
    entry9b.o(.ARM.Collect$$$$0000000C) refers to main.o(i.main) for main
    init.o(.text) refers to entry5.o(.ARM.Collect$$$$00000004) for __main_after_scatterload


==============================================================================

Removing Unused input sections from the image.

    Removing stm32f0xx_it.o(.rev16_text), (4 bytes).
    Removing stm32f0xx_it.o(.revsh_text), (4 bytes).
    Removing system_stm32f0xx.o(.rev16_text), (4 bytes).
    Removing system_stm32f0xx.o(.revsh_text), (4 bytes).
    Removing system_stm32f0xx.o(i.SystemCoreClockUpdate), (176 bytes).
    Removing main.o(.rev16_text), (4 bytes).
    Removing main.o(.revsh_text), (4 bytes).
    Removing main.o(i.Delay), (10 bytes).
    Removing main.o(i.Delay10us), (28 bytes).
    Removing app_msg.o(.rev16_text), (4 bytes).
    Removing app_msg.o(.revsh_text), (4 bytes).
    Removing sleep_wake.o(.rev16_text), (4 bytes).
    Removing sleep_wake.o(.revsh_text), (4 bytes).
    Removing sleep_wake.o(i.send_alive_cmd_to_master), (76 bytes).
    Removing crc16.o(.rev16_text), (4 bytes).
    Removing crc16.o(.revsh_text), (4 bytes).
    Removing bsp_usart2.o(.rev16_text), (4 bytes).
    Removing bsp_usart2.o(.revsh_text), (4 bytes).
    Removing bsp_usart2.o(i.fputc), (36 bytes).
    Removing startup_stm32f0xx.o(HEAP), (512 bytes).
    Removing stm32f0xx_adc.o(.rev16_text), (4 bytes).
    Removing stm32f0xx_adc.o(.revsh_text), (4 bytes).
    Removing stm32f0xx_adc.o(i.ADC_AnalogWatchdogCmd), (28 bytes).
    Removing stm32f0xx_adc.o(i.ADC_AnalogWatchdogSingleChannelCmd), (28 bytes).
    Removing stm32f0xx_adc.o(i.ADC_AnalogWatchdogSingleChannelConfig), (28 bytes).
    Removing stm32f0xx_adc.o(i.ADC_AnalogWatchdogThresholdsConfig), (8 bytes).
    Removing stm32f0xx_adc.o(i.ADC_AutoPowerOffCmd), (28 bytes).
    Removing stm32f0xx_adc.o(i.ADC_ChannelConfig), (24 bytes).
    Removing stm32f0xx_adc.o(i.ADC_ClearFlag), (4 bytes).
    Removing stm32f0xx_adc.o(i.ADC_ClearITPendingBit), (4 bytes).
    Removing stm32f0xx_adc.o(i.ADC_Cmd), (24 bytes).
    Removing stm32f0xx_adc.o(i.ADC_ContinuousModeCmd), (28 bytes).
    Removing stm32f0xx_adc.o(i.ADC_DMACmd), (24 bytes).
    Removing stm32f0xx_adc.o(i.ADC_DMARequestModeConfig), (16 bytes).
    Removing stm32f0xx_adc.o(i.ADC_DeInit), (32 bytes).
    Removing stm32f0xx_adc.o(i.ADC_DiscModeCmd), (28 bytes).
    Removing stm32f0xx_adc.o(i.ADC_GetCalibrationFactor), (58 bytes).
    Removing stm32f0xx_adc.o(i.ADC_GetConversionValue), (8 bytes).
    Removing stm32f0xx_adc.o(i.ADC_GetFlagStatus), (44 bytes).
    Removing stm32f0xx_adc.o(i.ADC_GetITStatus), (32 bytes).
    Removing stm32f0xx_adc.o(i.ADC_ITConfig), (20 bytes).
    Removing stm32f0xx_adc.o(i.ADC_Init), (44 bytes).
    Removing stm32f0xx_adc.o(i.ADC_JitterCmd), (20 bytes).
    Removing stm32f0xx_adc.o(i.ADC_OverrunModeCmd), (28 bytes).
    Removing stm32f0xx_adc.o(i.ADC_StartOfConversion), (10 bytes).
    Removing stm32f0xx_adc.o(i.ADC_StopOfConversion), (10 bytes).
    Removing stm32f0xx_adc.o(i.ADC_StructInit), (16 bytes).
    Removing stm32f0xx_adc.o(i.ADC_TempSensorCmd), (40 bytes).
    Removing stm32f0xx_adc.o(i.ADC_VbatCmd), (40 bytes).
    Removing stm32f0xx_adc.o(i.ADC_VrefintCmd), (40 bytes).
    Removing stm32f0xx_adc.o(i.ADC_WaitModeCmd), (28 bytes).
    Removing stm32f0xx_cec.o(.rev16_text), (4 bytes).
    Removing stm32f0xx_cec.o(.revsh_text), (4 bytes).
    Removing stm32f0xx_cec.o(i.CEC_ClearFlag), (12 bytes).
    Removing stm32f0xx_cec.o(i.CEC_ClearITPendingBit), (12 bytes).
    Removing stm32f0xx_cec.o(i.CEC_Cmd), (36 bytes).
    Removing stm32f0xx_cec.o(i.CEC_DeInit), (22 bytes).
    Removing stm32f0xx_cec.o(i.CEC_EndOfMessage), (20 bytes).
    Removing stm32f0xx_cec.o(i.CEC_GetFlagStatus), (24 bytes).
    Removing stm32f0xx_cec.o(i.CEC_GetITStatus), (40 bytes).
    Removing stm32f0xx_cec.o(i.CEC_ITConfig), (36 bytes).
    Removing stm32f0xx_cec.o(i.CEC_Init), (52 bytes).
    Removing stm32f0xx_cec.o(i.CEC_ListenModeCmd), (40 bytes).
    Removing stm32f0xx_cec.o(i.CEC_OwnAddressClear), (12 bytes).
    Removing stm32f0xx_cec.o(i.CEC_OwnAddressConfig), (28 bytes).
    Removing stm32f0xx_cec.o(i.CEC_ReceiveData), (12 bytes).
    Removing stm32f0xx_cec.o(i.CEC_SendData), (12 bytes).
    Removing stm32f0xx_cec.o(i.CEC_StartOfMessage), (20 bytes).
    Removing stm32f0xx_cec.o(i.CEC_StructInit), (18 bytes).
    Removing stm32f0xx_comp.o(.rev16_text), (4 bytes).
    Removing stm32f0xx_comp.o(.revsh_text), (4 bytes).
    Removing stm32f0xx_comp.o(i.COMP_Cmd), (40 bytes).
    Removing stm32f0xx_comp.o(i.COMP_DeInit), (12 bytes).
    Removing stm32f0xx_comp.o(i.COMP_GetOutputLevel), (32 bytes).
    Removing stm32f0xx_comp.o(i.COMP_Init), (56 bytes).
    Removing stm32f0xx_comp.o(i.COMP_LockConfig), (24 bytes).
    Removing stm32f0xx_comp.o(i.COMP_StructInit), (16 bytes).
    Removing stm32f0xx_comp.o(i.COMP_SwitchCmd), (36 bytes).
    Removing stm32f0xx_comp.o(i.COMP_WindowCmd), (40 bytes).
    Removing stm32f0xx_crc.o(.rev16_text), (4 bytes).
    Removing stm32f0xx_crc.o(.revsh_text), (4 bytes).
    Removing stm32f0xx_crc.o(i.CRC_CalcBlockCRC), (36 bytes).
    Removing stm32f0xx_crc.o(i.CRC_CalcCRC), (16 bytes).
    Removing stm32f0xx_crc.o(i.CRC_DeInit), (28 bytes).
    Removing stm32f0xx_crc.o(i.CRC_GetCRC), (12 bytes).
    Removing stm32f0xx_crc.o(i.CRC_GetIDRegister), (12 bytes).
    Removing stm32f0xx_crc.o(i.CRC_ResetDR), (12 bytes).
    Removing stm32f0xx_crc.o(i.CRC_ReverseInputDataSelect), (32 bytes).
    Removing stm32f0xx_crc.o(i.CRC_ReverseOutputDataCmd), (36 bytes).
    Removing stm32f0xx_crc.o(i.CRC_SetIDRegister), (12 bytes).
    Removing stm32f0xx_crc.o(i.CRC_SetInitRegister), (12 bytes).
    Removing stm32f0xx_dac.o(.rev16_text), (4 bytes).
    Removing stm32f0xx_dac.o(.revsh_text), (4 bytes).
    Removing stm32f0xx_dac.o(i.DAC_ClearFlag), (16 bytes).
    Removing stm32f0xx_dac.o(i.DAC_ClearITPendingBit), (16 bytes).
    Removing stm32f0xx_dac.o(i.DAC_Cmd), (40 bytes).
    Removing stm32f0xx_dac.o(i.DAC_DMACmd), (44 bytes).
    Removing stm32f0xx_dac.o(i.DAC_DeInit), (22 bytes).
    Removing stm32f0xx_dac.o(i.DAC_GetDataOutputValue), (36 bytes).
    Removing stm32f0xx_dac.o(i.DAC_GetFlagStatus), (32 bytes).
    Removing stm32f0xx_dac.o(i.DAC_GetITStatus), (48 bytes).
    Removing stm32f0xx_dac.o(i.DAC_ITConfig), (44 bytes).
    Removing stm32f0xx_dac.o(i.DAC_Init), (44 bytes).
    Removing stm32f0xx_dac.o(i.DAC_SetChannel1Data), (32 bytes).
    Removing stm32f0xx_dac.o(i.DAC_SoftwareTriggerCmd), (48 bytes).
    Removing stm32f0xx_dac.o(i.DAC_StructInit), (8 bytes).
    Removing stm32f0xx_dbgmcu.o(.rev16_text), (4 bytes).
    Removing stm32f0xx_dbgmcu.o(.revsh_text), (4 bytes).
    Removing stm32f0xx_dbgmcu.o(i.DBGMCU_APB1PeriphConfig), (32 bytes).
    Removing stm32f0xx_dbgmcu.o(i.DBGMCU_APB2PeriphConfig), (32 bytes).
    Removing stm32f0xx_dbgmcu.o(i.DBGMCU_Config), (32 bytes).
    Removing stm32f0xx_dbgmcu.o(i.DBGMCU_GetDEVID), (16 bytes).
    Removing stm32f0xx_dbgmcu.o(i.DBGMCU_GetREVID), (12 bytes).
    Removing stm32f0xx_dma.o(.rev16_text), (4 bytes).
    Removing stm32f0xx_dma.o(.revsh_text), (4 bytes).
    Removing stm32f0xx_dma.o(i.DMA_ClearFlag), (12 bytes).
    Removing stm32f0xx_dma.o(i.DMA_ClearITPendingBit), (12 bytes).
    Removing stm32f0xx_dma.o(i.DMA_Cmd), (28 bytes).
    Removing stm32f0xx_dma.o(i.DMA_DeInit), (160 bytes).
    Removing stm32f0xx_dma.o(i.DMA_GetCurrDataCounter), (8 bytes).
    Removing stm32f0xx_dma.o(i.DMA_GetFlagStatus), (24 bytes).
    Removing stm32f0xx_dma.o(i.DMA_GetITStatus), (24 bytes).
    Removing stm32f0xx_dma.o(i.DMA_ITConfig), (20 bytes).
    Removing stm32f0xx_dma.o(i.DMA_Init), (64 bytes).
    Removing stm32f0xx_dma.o(i.DMA_SetCurrDataCounter), (4 bytes).
    Removing stm32f0xx_dma.o(i.DMA_StructInit), (26 bytes).
    Removing stm32f0xx_exti.o(.rev16_text), (4 bytes).
    Removing stm32f0xx_exti.o(.revsh_text), (4 bytes).
    Removing stm32f0xx_exti.o(i.EXTI_ClearFlag), (12 bytes).
    Removing stm32f0xx_exti.o(i.EXTI_DeInit), (32 bytes).
    Removing stm32f0xx_exti.o(i.EXTI_GenerateSWInterrupt), (16 bytes).
    Removing stm32f0xx_exti.o(i.EXTI_GetFlagStatus), (24 bytes).
    Removing stm32f0xx_exti.o(i.EXTI_Init), (136 bytes).
    Removing stm32f0xx_exti.o(i.EXTI_StructInit), (16 bytes).
    Removing stm32f0xx_flash.o(.rev16_text), (4 bytes).
    Removing stm32f0xx_flash.o(.revsh_text), (4 bytes).
    Removing stm32f0xx_flash.o(i.FLASH_ClearFlag), (12 bytes).
    Removing stm32f0xx_flash.o(i.FLASH_EraseAllPages), (72 bytes).
    Removing stm32f0xx_flash.o(i.FLASH_ErasePage), (76 bytes).
    Removing stm32f0xx_flash.o(i.FLASH_GetFlagStatus), (24 bytes).
    Removing stm32f0xx_flash.o(i.FLASH_GetPrefetchBufferStatus), (24 bytes).
    Removing stm32f0xx_flash.o(i.FLASH_GetStatus), (52 bytes).
    Removing stm32f0xx_flash.o(i.FLASH_ITConfig), (32 bytes).
    Removing stm32f0xx_flash.o(i.FLASH_Lock), (20 bytes).
    Removing stm32f0xx_flash.o(i.FLASH_OB_BOOTConfig), (80 bytes).
    Removing stm32f0xx_flash.o(i.FLASH_OB_EnableWRP), (120 bytes).
    Removing stm32f0xx_flash.o(i.FLASH_OB_Erase), (152 bytes).
    Removing stm32f0xx_flash.o(i.FLASH_OB_GetRDP), (24 bytes).
    Removing stm32f0xx_flash.o(i.FLASH_OB_GetUser), (16 bytes).
    Removing stm32f0xx_flash.o(i.FLASH_OB_GetWRP), (12 bytes).
    Removing stm32f0xx_flash.o(i.FLASH_OB_Launch), (20 bytes).
    Removing stm32f0xx_flash.o(i.FLASH_OB_Lock), (20 bytes).
    Removing stm32f0xx_flash.o(i.FLASH_OB_RDPConfig), (144 bytes).
    Removing stm32f0xx_flash.o(i.FLASH_OB_SRAMParityConfig), (80 bytes).
    Removing stm32f0xx_flash.o(i.FLASH_OB_Unlock), (36 bytes).
    Removing stm32f0xx_flash.o(i.FLASH_OB_UserConfig), (88 bytes).
    Removing stm32f0xx_flash.o(i.FLASH_OB_VDDAConfig), (80 bytes).
    Removing stm32f0xx_flash.o(i.FLASH_OB_WriteUser), (80 bytes).
    Removing stm32f0xx_flash.o(i.FLASH_PrefetchBufferCmd), (36 bytes).
    Removing stm32f0xx_flash.o(i.FLASH_ProgramHalfWord), (68 bytes).
    Removing stm32f0xx_flash.o(i.FLASH_ProgramOptionByteData), (72 bytes).
    Removing stm32f0xx_flash.o(i.FLASH_ProgramWord), (108 bytes).
    Removing stm32f0xx_flash.o(i.FLASH_SetLatency), (28 bytes).
    Removing stm32f0xx_flash.o(i.FLASH_Unlock), (36 bytes).
    Removing stm32f0xx_flash.o(i.FLASH_WaitForLastOperation), (40 bytes).
    Removing stm32f0xx_gpio.o(.rev16_text), (4 bytes).
    Removing stm32f0xx_gpio.o(.revsh_text), (4 bytes).
    Removing stm32f0xx_gpio.o(i.GPIO_DeInit), (148 bytes).
    Removing stm32f0xx_gpio.o(i.GPIO_PinLockConfig), (34 bytes).
    Removing stm32f0xx_gpio.o(i.GPIO_ReadInputData), (6 bytes).
    Removing stm32f0xx_gpio.o(i.GPIO_ReadOutputData), (6 bytes).
    Removing stm32f0xx_gpio.o(i.GPIO_ReadOutputDataBit), (18 bytes).
    Removing stm32f0xx_gpio.o(i.GPIO_StructInit), (24 bytes).
    Removing stm32f0xx_gpio.o(i.GPIO_Write), (4 bytes).
    Removing stm32f0xx_gpio.o(i.GPIO_WriteBit), (12 bytes).
    Removing stm32f0xx_i2c.o(.rev16_text), (4 bytes).
    Removing stm32f0xx_i2c.o(.revsh_text), (4 bytes).
    Removing stm32f0xx_i2c.o(i.I2C_10BitAddressHeaderCmd), (28 bytes).
    Removing stm32f0xx_i2c.o(i.I2C_10BitAddressingModeCmd), (28 bytes).
    Removing stm32f0xx_i2c.o(i.I2C_AcknowledgeConfig), (28 bytes).
    Removing stm32f0xx_i2c.o(i.I2C_AutoEndCmd), (28 bytes).
    Removing stm32f0xx_i2c.o(i.I2C_CalculatePEC), (28 bytes).
    Removing stm32f0xx_i2c.o(i.I2C_ClearFlag), (4 bytes).
    Removing stm32f0xx_i2c.o(i.I2C_ClearITPendingBit), (4 bytes).
    Removing stm32f0xx_i2c.o(i.I2C_ClockTimeoutCmd), (28 bytes).
    Removing stm32f0xx_i2c.o(i.I2C_Cmd), (24 bytes).
    Removing stm32f0xx_i2c.o(i.I2C_DMACmd), (20 bytes).
    Removing stm32f0xx_i2c.o(i.I2C_DeInit), (56 bytes).
    Removing stm32f0xx_i2c.o(i.I2C_DualAddressCmd), (28 bytes).
    Removing stm32f0xx_i2c.o(i.I2C_ExtendedClockTimeoutCmd), (26 bytes).
    Removing stm32f0xx_i2c.o(i.I2C_GeneralCallCmd), (28 bytes).
    Removing stm32f0xx_i2c.o(i.I2C_GenerateSTART), (28 bytes).
    Removing stm32f0xx_i2c.o(i.I2C_GenerateSTOP), (28 bytes).
    Removing stm32f0xx_i2c.o(i.I2C_GetAddressMatched), (14 bytes).
    Removing stm32f0xx_i2c.o(i.I2C_GetFlagStatus), (28 bytes).
    Removing stm32f0xx_i2c.o(i.I2C_GetITStatus), (28 bytes).
    Removing stm32f0xx_i2c.o(i.I2C_GetPEC), (8 bytes).
    Removing stm32f0xx_i2c.o(i.I2C_GetTransferDirection), (30 bytes).
    Removing stm32f0xx_i2c.o(i.I2C_ITConfig), (20 bytes).
    Removing stm32f0xx_i2c.o(i.I2C_IdleClockTimeoutCmd), (28 bytes).
    Removing stm32f0xx_i2c.o(i.I2C_Init), (108 bytes).
    Removing stm32f0xx_i2c.o(i.I2C_MasterRequestConfig), (28 bytes).
    Removing stm32f0xx_i2c.o(i.I2C_NumberOfBytesConfig), (28 bytes).
    Removing stm32f0xx_i2c.o(i.I2C_OwnAddress2Config), (36 bytes).
    Removing stm32f0xx_i2c.o(i.I2C_PECRequestCmd), (28 bytes).
    Removing stm32f0xx_i2c.o(i.I2C_ReadRegister), (22 bytes).
    Removing stm32f0xx_i2c.o(i.I2C_ReceiveData), (8 bytes).
    Removing stm32f0xx_i2c.o(i.I2C_ReloadCmd), (28 bytes).
    Removing stm32f0xx_i2c.o(i.I2C_SMBusAlertCmd), (28 bytes).
    Removing stm32f0xx_i2c.o(i.I2C_SendData), (4 bytes).
    Removing stm32f0xx_i2c.o(i.I2C_SlaveAddressConfig), (20 bytes).
    Removing stm32f0xx_i2c.o(i.I2C_SlaveByteControlCmd), (28 bytes).
    Removing stm32f0xx_i2c.o(i.I2C_SoftwareResetCmd), (28 bytes).
    Removing stm32f0xx_i2c.o(i.I2C_StopModeCmd), (28 bytes).
    Removing stm32f0xx_i2c.o(i.I2C_StretchClockCmd), (28 bytes).
    Removing stm32f0xx_i2c.o(i.I2C_StructInit), (24 bytes).
    Removing stm32f0xx_i2c.o(i.I2C_TimeoutAConfig), (20 bytes).
    Removing stm32f0xx_i2c.o(i.I2C_TimeoutBConfig), (32 bytes).
    Removing stm32f0xx_i2c.o(i.I2C_TransferHandling), (44 bytes).
    Removing stm32f0xx_iwdg.o(.rev16_text), (4 bytes).
    Removing stm32f0xx_iwdg.o(.revsh_text), (4 bytes).
    Removing stm32f0xx_iwdg.o(i.IWDG_GetFlagStatus), (24 bytes).
    Removing stm32f0xx_iwdg.o(i.IWDG_SetWindowValue), (12 bytes).
    Removing stm32f0xx_misc.o(.rev16_text), (4 bytes).
    Removing stm32f0xx_misc.o(.revsh_text), (4 bytes).
    Removing stm32f0xx_misc.o(i.NVIC_SystemLPConfig), (32 bytes).
    Removing stm32f0xx_misc.o(i.SysTick_CLKSourceConfig), (36 bytes).
    Removing stm32f0xx_pwr.o(.rev16_text), (4 bytes).
    Removing stm32f0xx_pwr.o(.revsh_text), (4 bytes).
    Removing stm32f0xx_pwr.o(i.PWR_BackupAccessCmd), (40 bytes).
    Removing stm32f0xx_pwr.o(i.PWR_ClearFlag), (20 bytes).
    Removing stm32f0xx_pwr.o(i.PWR_DeInit), (22 bytes).
    Removing stm32f0xx_pwr.o(i.PWR_EnterSTANDBYMode), (48 bytes).
    Removing stm32f0xx_pwr.o(i.PWR_EnterSTOPMode), (68 bytes).
    Removing stm32f0xx_pwr.o(i.PWR_EnterSleepMode), (28 bytes).
    Removing stm32f0xx_pwr.o(i.PWR_GetFlagStatus), (24 bytes).
    Removing stm32f0xx_pwr.o(i.PWR_PVDCmd), (36 bytes).
    Removing stm32f0xx_pwr.o(i.PWR_PVDLevelConfig), (32 bytes).
    Removing stm32f0xx_pwr.o(i.PWR_WakeUpPinCmd), (32 bytes).
    Removing stm32f0xx_rcc.o(.rev16_text), (4 bytes).
    Removing stm32f0xx_rcc.o(.revsh_text), (4 bytes).
    Removing stm32f0xx_rcc.o(i.RCC_ADCCLKConfig), (56 bytes).
    Removing stm32f0xx_rcc.o(i.RCC_AHBPeriphResetCmd), (32 bytes).
    Removing stm32f0xx_rcc.o(i.RCC_APB1PeriphResetCmd), (32 bytes).
    Removing stm32f0xx_rcc.o(i.RCC_APB2PeriphClockCmd), (32 bytes).
    Removing stm32f0xx_rcc.o(i.RCC_APB2PeriphResetCmd), (32 bytes).
    Removing stm32f0xx_rcc.o(i.RCC_AdjustHSI14CalibrationValue), (32 bytes).
    Removing stm32f0xx_rcc.o(i.RCC_AdjustHSICalibrationValue), (32 bytes).
    Removing stm32f0xx_rcc.o(i.RCC_BackupResetCmd), (40 bytes).
    Removing stm32f0xx_rcc.o(i.RCC_CECCLKConfig), (28 bytes).
    Removing stm32f0xx_rcc.o(i.RCC_ClearFlag), (20 bytes).
    Removing stm32f0xx_rcc.o(i.RCC_ClearITPendingBit), (12 bytes).
    Removing stm32f0xx_rcc.o(i.RCC_ClockSecuritySystemCmd), (40 bytes).
    Removing stm32f0xx_rcc.o(i.RCC_DeInit), (116 bytes).
    Removing stm32f0xx_rcc.o(i.RCC_GetFlagStatus), (72 bytes).
    Removing stm32f0xx_rcc.o(i.RCC_GetITStatus), (24 bytes).
    Removing stm32f0xx_rcc.o(i.RCC_GetSYSCLKSource), (16 bytes).
    Removing stm32f0xx_rcc.o(i.RCC_HCLKConfig), (32 bytes).
    Removing stm32f0xx_rcc.o(i.RCC_HSEConfig), (16 bytes).
    Removing stm32f0xx_rcc.o(i.RCC_HSI14ADCRequestCmd), (36 bytes).
    Removing stm32f0xx_rcc.o(i.RCC_HSI14Cmd), (36 bytes).
    Removing stm32f0xx_rcc.o(i.RCC_HSICmd), (36 bytes).
    Removing stm32f0xx_rcc.o(i.RCC_I2CCLKConfig), (28 bytes).
    Removing stm32f0xx_rcc.o(i.RCC_ITConfig), (32 bytes).
    Removing stm32f0xx_rcc.o(i.RCC_LSEConfig), (40 bytes).
    Removing stm32f0xx_rcc.o(i.RCC_LSEDriveConfig), (28 bytes).
    Removing stm32f0xx_rcc.o(i.RCC_LSICmd), (36 bytes).
    Removing stm32f0xx_rcc.o(i.RCC_MCOConfig), (12 bytes).
    Removing stm32f0xx_rcc.o(i.RCC_PCLKConfig), (36 bytes).
    Removing stm32f0xx_rcc.o(i.RCC_PLLCmd), (40 bytes).
    Removing stm32f0xx_rcc.o(i.RCC_PLLConfig), (36 bytes).
    Removing stm32f0xx_rcc.o(i.RCC_PREDIV1Config), (28 bytes).
    Removing stm32f0xx_rcc.o(i.RCC_RTCCLKCmd), (40 bytes).
    Removing stm32f0xx_rcc.o(i.RCC_RTCCLKConfig), (16 bytes).
    Removing stm32f0xx_rcc.o(i.RCC_SYSCLKConfig), (28 bytes).
    Removing stm32f0xx_rcc.o(i.RCC_USARTCLKConfig), (28 bytes).
    Removing stm32f0xx_rcc.o(i.RCC_WaitForHSEStartUp), (60 bytes).
    Removing stm32f0xx_rtc.o(.rev16_text), (4 bytes).
    Removing stm32f0xx_rtc.o(.revsh_text), (4 bytes).
    Removing stm32f0xx_rtc.o(i.RTC_AlarmCmd), (108 bytes).
    Removing stm32f0xx_rtc.o(i.RTC_AlarmStructInit), (22 bytes).
    Removing stm32f0xx_rtc.o(i.RTC_AlarmSubSecondConfig), (40 bytes).
    Removing stm32f0xx_rtc.o(i.RTC_Bcd2ToByte), (26 bytes).
    Removing stm32f0xx_rtc.o(i.RTC_BypassShadowCmd), (52 bytes).
    Removing stm32f0xx_rtc.o(i.RTC_ByteToBcd2), (28 bytes).
    Removing stm32f0xx_rtc.o(i.RTC_CalibOutputCmd), (56 bytes).
    Removing stm32f0xx_rtc.o(i.RTC_CalibOutputConfig), (44 bytes).
    Removing stm32f0xx_rtc.o(i.RTC_ClearFlag), (32 bytes).
    Removing stm32f0xx_rtc.o(i.RTC_ClearITPendingBit), (36 bytes).
    Removing stm32f0xx_rtc.o(i.RTC_DateStructInit), (14 bytes).
    Removing stm32f0xx_rtc.o(i.RTC_DayLightSavingConfig), (48 bytes).
    Removing stm32f0xx_rtc.o(i.RTC_DeInit), (112 bytes).
    Removing stm32f0xx_rtc.o(i.RTC_EnterInitMode), (84 bytes).
    Removing stm32f0xx_rtc.o(i.RTC_ExitInitMode), (20 bytes).
    Removing stm32f0xx_rtc.o(i.RTC_GetAlarm), (120 bytes).
    Removing stm32f0xx_rtc.o(i.RTC_GetAlarmSubSecond), (20 bytes).
    Removing stm32f0xx_rtc.o(i.RTC_GetDate), (96 bytes).
    Removing stm32f0xx_rtc.o(i.RTC_GetFlagStatus), (40 bytes).
    Removing stm32f0xx_rtc.o(i.RTC_GetITStatus), (76 bytes).
    Removing stm32f0xx_rtc.o(i.RTC_GetStoreOperation), (16 bytes).
    Removing stm32f0xx_rtc.o(i.RTC_GetSubSecond), (16 bytes).
    Removing stm32f0xx_rtc.o(i.RTC_GetTime), (92 bytes).
    Removing stm32f0xx_rtc.o(i.RTC_GetTimeStamp), (164 bytes).
    Removing stm32f0xx_rtc.o(i.RTC_GetTimeStampSubSecond), (12 bytes).
    Removing stm32f0xx_rtc.o(i.RTC_ITConfig), (100 bytes).
    Removing stm32f0xx_rtc.o(i.RTC_Init), (88 bytes).
    Removing stm32f0xx_rtc.o(i.RTC_OutputConfig), (48 bytes).
    Removing stm32f0xx_rtc.o(i.RTC_OutputTypeConfig), (28 bytes).
    Removing stm32f0xx_rtc.o(i.RTC_ReadBackupRegister), (32 bytes).
    Removing stm32f0xx_rtc.o(i.RTC_RefClockCmd), (76 bytes).
    Removing stm32f0xx_rtc.o(i.RTC_SetAlarm), (212 bytes).
    Removing stm32f0xx_rtc.o(i.RTC_SetDate), (204 bytes).
    Removing stm32f0xx_rtc.o(i.RTC_SetTime), (212 bytes).
    Removing stm32f0xx_rtc.o(i.RTC_SmoothCalibConfig), (92 bytes).
    Removing stm32f0xx_rtc.o(i.RTC_StructInit), (14 bytes).
    Removing stm32f0xx_rtc.o(i.RTC_SynchroShiftConfig), (116 bytes).
    Removing stm32f0xx_rtc.o(i.RTC_TamperCmd), (32 bytes).
    Removing stm32f0xx_rtc.o(i.RTC_TamperFilterConfig), (28 bytes).
    Removing stm32f0xx_rtc.o(i.RTC_TamperPinsPrechargeDuration), (28 bytes).
    Removing stm32f0xx_rtc.o(i.RTC_TamperPullUpCmd), (40 bytes).
    Removing stm32f0xx_rtc.o(i.RTC_TamperSamplingFreqConfig), (28 bytes).
    Removing stm32f0xx_rtc.o(i.RTC_TamperTriggerConfig), (36 bytes).
    Removing stm32f0xx_rtc.o(i.RTC_TimeStampCmd), (64 bytes).
    Removing stm32f0xx_rtc.o(i.RTC_TimeStampOnTamperDetectionCmd), (36 bytes).
    Removing stm32f0xx_rtc.o(i.RTC_TimeStructInit), (12 bytes).
    Removing stm32f0xx_rtc.o(i.RTC_WaitForSynchro), (104 bytes).
    Removing stm32f0xx_rtc.o(i.RTC_WriteBackupRegister), (28 bytes).
    Removing stm32f0xx_rtc.o(i.RTC_WriteProtectionCmd), (28 bytes).
    Removing stm32f0xx_spi.o(.rev16_text), (4 bytes).
    Removing stm32f0xx_spi.o(.revsh_text), (4 bytes).
    Removing stm32f0xx_spi.o(i.I2S_Cmd), (32 bytes).
    Removing stm32f0xx_spi.o(i.I2S_Init), (232 bytes).
    Removing stm32f0xx_spi.o(i.I2S_StructInit), (20 bytes).
    Removing stm32f0xx_spi.o(i.SPI_BiDirectionalLineConfig), (32 bytes).
    Removing stm32f0xx_spi.o(i.SPI_CRCLengthConfig), (20 bytes).
    Removing stm32f0xx_spi.o(i.SPI_CalculateCRC), (32 bytes).
    Removing stm32f0xx_spi.o(i.SPI_Cmd), (28 bytes).
    Removing stm32f0xx_spi.o(i.SPI_DataSizeConfig), (24 bytes).
    Removing stm32f0xx_spi.o(i.SPI_GetCRC), (16 bytes).
    Removing stm32f0xx_spi.o(i.SPI_GetCRCPolynomial), (6 bytes).
    Removing stm32f0xx_spi.o(i.SPI_GetReceptionFIFOStatus), (12 bytes).
    Removing stm32f0xx_spi.o(i.SPI_GetTransmissionFIFOStatus), (12 bytes).
    Removing stm32f0xx_spi.o(i.SPI_I2S_ClearFlag), (6 bytes).
    Removing stm32f0xx_spi.o(i.SPI_I2S_DMACmd), (20 bytes).
    Removing stm32f0xx_spi.o(i.SPI_I2S_DeInit), (60 bytes).
    Removing stm32f0xx_spi.o(i.SPI_I2S_GetFlagStatus), (18 bytes).
    Removing stm32f0xx_spi.o(i.SPI_I2S_GetITStatus), (54 bytes).
    Removing stm32f0xx_spi.o(i.SPI_I2S_ITConfig), (34 bytes).
    Removing stm32f0xx_spi.o(i.SPI_I2S_ReceiveData16), (6 bytes).
    Removing stm32f0xx_spi.o(i.SPI_I2S_SendData16), (4 bytes).
    Removing stm32f0xx_spi.o(i.SPI_Init), (88 bytes).
    Removing stm32f0xx_spi.o(i.SPI_LastDMATransferCmd), (20 bytes).
    Removing stm32f0xx_spi.o(i.SPI_NSSInternalSoftwareConfig), (32 bytes).
    Removing stm32f0xx_spi.o(i.SPI_NSSPulseModeCmd), (28 bytes).
    Removing stm32f0xx_spi.o(i.SPI_ReceiveData8), (12 bytes).
    Removing stm32f0xx_spi.o(i.SPI_RxFIFOThresholdConfig), (20 bytes).
    Removing stm32f0xx_spi.o(i.SPI_SSOutputCmd), (28 bytes).
    Removing stm32f0xx_spi.o(i.SPI_SendData8), (10 bytes).
    Removing stm32f0xx_spi.o(i.SPI_StructInit), (30 bytes).
    Removing stm32f0xx_spi.o(i.SPI_TIModeCmd), (28 bytes).
    Removing stm32f0xx_spi.o(i.SPI_TransmitCRC), (12 bytes).
    Removing stm32f0xx_syscfg.o(.rev16_text), (4 bytes).
    Removing stm32f0xx_syscfg.o(.revsh_text), (4 bytes).
    Removing stm32f0xx_syscfg.o(i.SYSCFG_BreakConfig), (16 bytes).
    Removing stm32f0xx_syscfg.o(i.SYSCFG_ClearFlag), (16 bytes).
    Removing stm32f0xx_syscfg.o(i.SYSCFG_DMAChannelRemapConfig), (32 bytes).
    Removing stm32f0xx_syscfg.o(i.SYSCFG_DeInit), (44 bytes).
    Removing stm32f0xx_syscfg.o(i.SYSCFG_EXTILineConfig), (64 bytes).
    Removing stm32f0xx_syscfg.o(i.SYSCFG_GetFlagStatus), (28 bytes).
    Removing stm32f0xx_syscfg.o(i.SYSCFG_I2CFastModePlusConfig), (32 bytes).
    Removing stm32f0xx_syscfg.o(i.SYSCFG_MemoryRemapConfig), (28 bytes).
    Removing stm32f0xx_tim.o(.rev16_text), (4 bytes).
    Removing stm32f0xx_tim.o(.revsh_text), (4 bytes).
    Removing stm32f0xx_tim.o(i.TI1_Config), (56 bytes).
    Removing stm32f0xx_tim.o(i.TI2_Config), (76 bytes).
    Removing stm32f0xx_tim.o(i.TI3_Config), (72 bytes).
    Removing stm32f0xx_tim.o(i.TI4_Config), (80 bytes).
    Removing stm32f0xx_tim.o(i.TIM_ARRPreloadConfig), (28 bytes).
    Removing stm32f0xx_tim.o(i.TIM_BDTRConfig), (32 bytes).
    Removing stm32f0xx_tim.o(i.TIM_BDTRStructInit), (18 bytes).
    Removing stm32f0xx_tim.o(i.TIM_CCPreloadControl), (28 bytes).
    Removing stm32f0xx_tim.o(i.TIM_CCxCmd), (30 bytes).
    Removing stm32f0xx_tim.o(i.TIM_CCxNCmd), (30 bytes).
    Removing stm32f0xx_tim.o(i.TIM_ClearFlag), (6 bytes).
    Removing stm32f0xx_tim.o(i.TIM_ClearITPendingBit), (6 bytes).
    Removing stm32f0xx_tim.o(i.TIM_ClearOC1Ref), (24 bytes).
    Removing stm32f0xx_tim.o(i.TIM_ClearOC2Ref), (20 bytes).
    Removing stm32f0xx_tim.o(i.TIM_ClearOC3Ref), (24 bytes).
    Removing stm32f0xx_tim.o(i.TIM_ClearOC4Ref), (20 bytes).
    Removing stm32f0xx_tim.o(i.TIM_Cmd), (28 bytes).
    Removing stm32f0xx_tim.o(i.TIM_CounterModeConfig), (24 bytes).
    Removing stm32f0xx_tim.o(i.TIM_CtrlPWMOutputs), (34 bytes).
    Removing stm32f0xx_tim.o(i.TIM_DMACmd), (20 bytes).
    Removing stm32f0xx_tim.o(i.TIM_DMAConfig), (12 bytes).
    Removing stm32f0xx_tim.o(i.TIM_DeInit), (232 bytes).
    Removing stm32f0xx_tim.o(i.TIM_ETRClockMode1Config), (52 bytes).
    Removing stm32f0xx_tim.o(i.TIM_ETRClockMode2Config), (34 bytes).
    Removing stm32f0xx_tim.o(i.TIM_ETRConfig), (24 bytes).
    Removing stm32f0xx_tim.o(i.TIM_EncoderInterfaceConfig), (68 bytes).
    Removing stm32f0xx_tim.o(i.TIM_ForcedOC1Config), (24 bytes).
    Removing stm32f0xx_tim.o(i.TIM_ForcedOC2Config), (24 bytes).
    Removing stm32f0xx_tim.o(i.TIM_ForcedOC3Config), (24 bytes).
    Removing stm32f0xx_tim.o(i.TIM_ForcedOC4Config), (24 bytes).
    Removing stm32f0xx_tim.o(i.TIM_GenerateEvent), (4 bytes).
    Removing stm32f0xx_tim.o(i.TIM_GetCapture1), (6 bytes).
    Removing stm32f0xx_tim.o(i.TIM_GetCapture2), (6 bytes).
    Removing stm32f0xx_tim.o(i.TIM_GetCapture3), (6 bytes).
    Removing stm32f0xx_tim.o(i.TIM_GetCapture4), (6 bytes).
    Removing stm32f0xx_tim.o(i.TIM_GetCounter), (6 bytes).
    Removing stm32f0xx_tim.o(i.TIM_GetFlagStatus), (18 bytes).
    Removing stm32f0xx_tim.o(i.TIM_GetITStatus), (38 bytes).
    Removing stm32f0xx_tim.o(i.TIM_GetPrescaler), (6 bytes).
    Removing stm32f0xx_tim.o(i.TIM_ICInit), (112 bytes).
    Removing stm32f0xx_tim.o(i.TIM_ICStructInit), (18 bytes).
    Removing stm32f0xx_tim.o(i.TIM_ITConfig), (20 bytes).
    Removing stm32f0xx_tim.o(i.TIM_ITRxExternalClockConfig), (24 bytes).
    Removing stm32f0xx_tim.o(i.TIM_InternalClockConfig), (16 bytes).
    Removing stm32f0xx_tim.o(i.TIM_OC1FastConfig), (24 bytes).
    Removing stm32f0xx_tim.o(i.TIM_OC1Init), (148 bytes).
    Removing stm32f0xx_tim.o(i.TIM_OC1NPolarityConfig), (24 bytes).
    Removing stm32f0xx_tim.o(i.TIM_OC1PolarityConfig), (24 bytes).
    Removing stm32f0xx_tim.o(i.TIM_OC1PreloadConfig), (24 bytes).
    Removing stm32f0xx_tim.o(i.TIM_OC2FastConfig), (24 bytes).
    Removing stm32f0xx_tim.o(i.TIM_OC2Init), (156 bytes).
    Removing stm32f0xx_tim.o(i.TIM_OC2NPolarityConfig), (24 bytes).
    Removing stm32f0xx_tim.o(i.TIM_OC2PolarityConfig), (24 bytes).
    Removing stm32f0xx_tim.o(i.TIM_OC2PreloadConfig), (24 bytes).
    Removing stm32f0xx_tim.o(i.TIM_OC3FastConfig), (24 bytes).
    Removing stm32f0xx_tim.o(i.TIM_OC3Init), (152 bytes).
    Removing stm32f0xx_tim.o(i.TIM_OC3NPolarityConfig), (24 bytes).
    Removing stm32f0xx_tim.o(i.TIM_OC3PolarityConfig), (24 bytes).
    Removing stm32f0xx_tim.o(i.TIM_OC3PreloadConfig), (24 bytes).
    Removing stm32f0xx_tim.o(i.TIM_OC4FastConfig), (24 bytes).
    Removing stm32f0xx_tim.o(i.TIM_OC4Init), (112 bytes).
    Removing stm32f0xx_tim.o(i.TIM_OC4PolarityConfig), (24 bytes).
    Removing stm32f0xx_tim.o(i.TIM_OC4PreloadConfig), (24 bytes).
    Removing stm32f0xx_tim.o(i.TIM_OCStructInit), (20 bytes).
    Removing stm32f0xx_tim.o(i.TIM_PWMIConfig), (124 bytes).
    Removing stm32f0xx_tim.o(i.TIM_PrescalerConfig), (6 bytes).
    Removing stm32f0xx_tim.o(i.TIM_RemapConfig), (6 bytes).
    Removing stm32f0xx_tim.o(i.TIM_SelectCCDMA), (28 bytes).
    Removing stm32f0xx_tim.o(i.TIM_SelectCOM), (28 bytes).
    Removing stm32f0xx_tim.o(i.TIM_SelectHallSensor), (28 bytes).
    Removing stm32f0xx_tim.o(i.TIM_SelectInputTrigger), (24 bytes).
    Removing stm32f0xx_tim.o(i.TIM_SelectMasterSlaveMode), (20 bytes).
    Removing stm32f0xx_tim.o(i.TIM_SelectOCREFClear), (20 bytes).
    Removing stm32f0xx_tim.o(i.TIM_SelectOCxM), (82 bytes).
    Removing stm32f0xx_tim.o(i.TIM_SelectOnePulseMode), (20 bytes).
    Removing stm32f0xx_tim.o(i.TIM_SelectOutputTrigger), (20 bytes).
    Removing stm32f0xx_tim.o(i.TIM_SelectSlaveMode), (20 bytes).
    Removing stm32f0xx_tim.o(i.TIM_SetAutoreload), (4 bytes).
    Removing stm32f0xx_tim.o(i.TIM_SetClockDivision), (20 bytes).
    Removing stm32f0xx_tim.o(i.TIM_SetCompare1), (4 bytes).
    Removing stm32f0xx_tim.o(i.TIM_SetCompare2), (4 bytes).
    Removing stm32f0xx_tim.o(i.TIM_SetCompare3), (4 bytes).
    Removing stm32f0xx_tim.o(i.TIM_SetCompare4), (4 bytes).
    Removing stm32f0xx_tim.o(i.TIM_SetCounter), (4 bytes).
    Removing stm32f0xx_tim.o(i.TIM_SetIC1Prescaler), (20 bytes).
    Removing stm32f0xx_tim.o(i.TIM_SetIC2Prescaler), (24 bytes).
    Removing stm32f0xx_tim.o(i.TIM_SetIC3Prescaler), (20 bytes).
    Removing stm32f0xx_tim.o(i.TIM_SetIC4Prescaler), (24 bytes).
    Removing stm32f0xx_tim.o(i.TIM_TIxExternalClockConfig), (58 bytes).
    Removing stm32f0xx_tim.o(i.TIM_TimeBaseInit), (124 bytes).
    Removing stm32f0xx_tim.o(i.TIM_TimeBaseStructInit), (18 bytes).
    Removing stm32f0xx_tim.o(i.TIM_UpdateDisableConfig), (28 bytes).
    Removing stm32f0xx_tim.o(i.TIM_UpdateRequestConfig), (28 bytes).
    Removing stm32f0xx_usart.o(.rev16_text), (4 bytes).
    Removing stm32f0xx_usart.o(.revsh_text), (4 bytes).
    Removing stm32f0xx_usart.o(i.USART_AddressDetectionConfig), (16 bytes).
    Removing stm32f0xx_usart.o(i.USART_AutoBaudRateCmd), (28 bytes).
    Removing stm32f0xx_usart.o(i.USART_AutoBaudRateConfig), (18 bytes).
    Removing stm32f0xx_usart.o(i.USART_AutoBaudRateNewRequest), (12 bytes).
    Removing stm32f0xx_usart.o(i.USART_ClockInit), (36 bytes).
    Removing stm32f0xx_usart.o(i.USART_ClockStructInit), (12 bytes).
    Removing stm32f0xx_usart.o(i.USART_DECmd), (28 bytes).
    Removing stm32f0xx_usart.o(i.USART_DEPolarityConfig), (18 bytes).
    Removing stm32f0xx_usart.o(i.USART_DMACmd), (20 bytes).
    Removing stm32f0xx_usart.o(i.USART_DMAReceptionErrorConfig), (18 bytes).
    Removing stm32f0xx_usart.o(i.USART_DataInvCmd), (28 bytes).
    Removing stm32f0xx_usart.o(i.USART_DeInit), (64 bytes).
    Removing stm32f0xx_usart.o(i.USART_DirectionModeCmd), (20 bytes).
    Removing stm32f0xx_usart.o(i.USART_HalfDuplexCmd), (24 bytes).
    Removing stm32f0xx_usart.o(i.USART_InvPinCmd), (20 bytes).
    Removing stm32f0xx_usart.o(i.USART_IrDACmd), (24 bytes).
    Removing stm32f0xx_usart.o(i.USART_IrDAConfig), (16 bytes).
    Removing stm32f0xx_usart.o(i.USART_LINBreakDetectLengthConfig), (16 bytes).
    Removing stm32f0xx_usart.o(i.USART_LINCmd), (28 bytes).
    Removing stm32f0xx_usart.o(i.USART_MSBFirstCmd), (28 bytes).
    Removing stm32f0xx_usart.o(i.USART_MuteModeCmd), (28 bytes).
    Removing stm32f0xx_usart.o(i.USART_MuteModeWakeUpConfig), (18 bytes).
    Removing stm32f0xx_usart.o(i.USART_OneBitMethodCmd), (28 bytes).
    Removing stm32f0xx_usart.o(i.USART_OverSampling8Cmd), (28 bytes).
    Removing stm32f0xx_usart.o(i.USART_OverrunDetectionConfig), (18 bytes).
    Removing stm32f0xx_usart.o(i.USART_ReceiverTimeOutCmd), (28 bytes).
    Removing stm32f0xx_usart.o(i.USART_RequestCmd), (20 bytes).
    Removing stm32f0xx_usart.o(i.USART_STOPModeCmd), (24 bytes).
    Removing stm32f0xx_usart.o(i.USART_SWAPPinCmd), (28 bytes).
    Removing stm32f0xx_usart.o(i.USART_SetAddress), (18 bytes).
    Removing stm32f0xx_usart.o(i.USART_SetAutoRetryCount), (20 bytes).
    Removing stm32f0xx_usart.o(i.USART_SetBlockLength), (18 bytes).
    Removing stm32f0xx_usart.o(i.USART_SetDEAssertionTime), (20 bytes).
    Removing stm32f0xx_usart.o(i.USART_SetDEDeassertionTime), (20 bytes).
    Removing stm32f0xx_usart.o(i.USART_SetGuardTime), (16 bytes).
    Removing stm32f0xx_usart.o(i.USART_SetPrescaler), (18 bytes).
    Removing stm32f0xx_usart.o(i.USART_SetReceiverTimeOut), (16 bytes).
    Removing stm32f0xx_usart.o(i.USART_SmartCardCmd), (24 bytes).
    Removing stm32f0xx_usart.o(i.USART_SmartCardNACKCmd), (24 bytes).
    Removing stm32f0xx_usart.o(i.USART_StopModeWakeUpSourceConfig), (18 bytes).
    Removing stm32f0xx_usart.o(i.USART_StructInit), (24 bytes).
    Removing stm32f0xx_wwdg.o(.rev16_text), (4 bytes).
    Removing stm32f0xx_wwdg.o(.revsh_text), (4 bytes).
    Removing stm32f0xx_wwdg.o(i.WWDG_ClearFlag), (12 bytes).
    Removing stm32f0xx_wwdg.o(i.WWDG_DeInit), (22 bytes).
    Removing stm32f0xx_wwdg.o(i.WWDG_Enable), (16 bytes).
    Removing stm32f0xx_wwdg.o(i.WWDG_EnableIT), (20 bytes).
    Removing stm32f0xx_wwdg.o(i.WWDG_GetFlagStatus), (24 bytes).
    Removing stm32f0xx_wwdg.o(i.WWDG_SetCounter), (16 bytes).
    Removing stm32f0xx_wwdg.o(i.WWDG_SetPrescaler), (32 bytes).
    Removing stm32f0xx_wwdg.o(i.WWDG_SetWindowValue), (40 bytes).
    Removing a7139.o(.rev16_text), (4 bytes).
    Removing a7139.o(.revsh_text), (4 bytes).
    Removing a7139.o(i.A7139_Exti_Init), (58 bytes).
    Removing a7139.o(i.A7139_ReadPageB), (40 bytes).
    Removing a7139.o(i.RCOSC_Cal), (84 bytes).
    Removing a7139_api.o(.rev16_text), (4 bytes).
    Removing a7139_api.o(.revsh_text), (4 bytes).
    Removing a7139_api.o(i.A7139_GetRSSI), (60 bytes).
    Removing a7139_api.o(i.A7139_SetSleepTime), (20 bytes).
    Removing a7139_api.o(i.WOR_disable), (60 bytes).
    Removing a7139_api.o(i.WOR_enable), (28 bytes).
    Removing a7139_api.o(i.WOR_enable_by_sync), (104 bytes).
    Removing a7139_api.o(i.a7139_entry_sleep_mode), (34 bytes).
    Removing a7139_api.o(i.a7139_wake_up_from_sleep_mode), (28 bytes).
    Removing a7139_api.o(.data), (2 bytes).

534 unused section(s) (total 17758 bytes) removed from the image.

==============================================================================

Image Symbol Table

    Local Symbols

    Symbol Name                              Value     Ov Type        Size  Object(Section)

    ../clib/microlib/division.c              0x00000000   Number         0  uidiv.o ABSOLUTE
    ../clib/microlib/init/entry.s            0x00000000   Number         0  entry7b.o ABSOLUTE
    ../clib/microlib/init/entry.s            0x00000000   Number         0  entry8b.o ABSOLUTE
    ../clib/microlib/init/entry.s            0x00000000   Number         0  entry.o ABSOLUTE
    ../clib/microlib/init/entry.s            0x00000000   Number         0  entry8a.o ABSOLUTE
    ../clib/microlib/init/entry.s            0x00000000   Number         0  entry7a.o ABSOLUTE
    ../clib/microlib/init/entry.s            0x00000000   Number         0  entry5.o ABSOLUTE
    ../clib/microlib/init/entry.s            0x00000000   Number         0  entry11b.o ABSOLUTE
    ../clib/microlib/init/entry.s            0x00000000   Number         0  entry11a.o ABSOLUTE
    ../clib/microlib/init/entry.s            0x00000000   Number         0  entry2.o ABSOLUTE
    ../clib/microlib/init/entry.s            0x00000000   Number         0  entry10b.o ABSOLUTE
    ../clib/microlib/init/entry.s            0x00000000   Number         0  entry10a.o ABSOLUTE
    ../clib/microlib/init/entry.s            0x00000000   Number         0  entry9b.o ABSOLUTE
    ../clib/microlib/init/entry.s            0x00000000   Number         0  entry9a.o ABSOLUTE
    ../clib/microlib/string/memcpy.c         0x00000000   Number         0  memcpyb.o ABSOLUTE
    ../clib/microlib/string/memcpy.c         0x00000000   Number         0  memcpya.o ABSOLUTE
    ../clib/microlib/string/memset.c         0x00000000   Number         0  memseta.o ABSOLUTE
    ..\STM32F0xx_StdPeriph_Driver\src\stm32f0xx_adc.c 0x00000000   Number         0  stm32f0xx_adc.o ABSOLUTE
    ..\STM32F0xx_StdPeriph_Driver\src\stm32f0xx_cec.c 0x00000000   Number         0  stm32f0xx_cec.o ABSOLUTE
    ..\STM32F0xx_StdPeriph_Driver\src\stm32f0xx_comp.c 0x00000000   Number         0  stm32f0xx_comp.o ABSOLUTE
    ..\STM32F0xx_StdPeriph_Driver\src\stm32f0xx_crc.c 0x00000000   Number         0  stm32f0xx_crc.o ABSOLUTE
    ..\STM32F0xx_StdPeriph_Driver\src\stm32f0xx_dac.c 0x00000000   Number         0  stm32f0xx_dac.o ABSOLUTE
    ..\STM32F0xx_StdPeriph_Driver\src\stm32f0xx_dbgmcu.c 0x00000000   Number         0  stm32f0xx_dbgmcu.o ABSOLUTE
    ..\STM32F0xx_StdPeriph_Driver\src\stm32f0xx_dma.c 0x00000000   Number         0  stm32f0xx_dma.o ABSOLUTE
    ..\STM32F0xx_StdPeriph_Driver\src\stm32f0xx_exti.c 0x00000000   Number         0  stm32f0xx_exti.o ABSOLUTE
    ..\STM32F0xx_StdPeriph_Driver\src\stm32f0xx_flash.c 0x00000000   Number         0  stm32f0xx_flash.o ABSOLUTE
    ..\STM32F0xx_StdPeriph_Driver\src\stm32f0xx_gpio.c 0x00000000   Number         0  stm32f0xx_gpio.o ABSOLUTE
    ..\STM32F0xx_StdPeriph_Driver\src\stm32f0xx_i2c.c 0x00000000   Number         0  stm32f0xx_i2c.o ABSOLUTE
    ..\STM32F0xx_StdPeriph_Driver\src\stm32f0xx_iwdg.c 0x00000000   Number         0  stm32f0xx_iwdg.o ABSOLUTE
    ..\STM32F0xx_StdPeriph_Driver\src\stm32f0xx_misc.c 0x00000000   Number         0  stm32f0xx_misc.o ABSOLUTE
    ..\STM32F0xx_StdPeriph_Driver\src\stm32f0xx_pwr.c 0x00000000   Number         0  stm32f0xx_pwr.o ABSOLUTE
    ..\STM32F0xx_StdPeriph_Driver\src\stm32f0xx_rcc.c 0x00000000   Number         0  stm32f0xx_rcc.o ABSOLUTE
    ..\STM32F0xx_StdPeriph_Driver\src\stm32f0xx_rtc.c 0x00000000   Number         0  stm32f0xx_rtc.o ABSOLUTE
    ..\STM32F0xx_StdPeriph_Driver\src\stm32f0xx_spi.c 0x00000000   Number         0  stm32f0xx_spi.o ABSOLUTE
    ..\STM32F0xx_StdPeriph_Driver\src\stm32f0xx_syscfg.c 0x00000000   Number         0  stm32f0xx_syscfg.o ABSOLUTE
    ..\STM32F0xx_StdPeriph_Driver\src\stm32f0xx_tim.c 0x00000000   Number         0  stm32f0xx_tim.o ABSOLUTE
    ..\STM32F0xx_StdPeriph_Driver\src\stm32f0xx_usart.c 0x00000000   Number         0  stm32f0xx_usart.o ABSOLUTE
    ..\STM32F0xx_StdPeriph_Driver\src\stm32f0xx_wwdg.c 0x00000000   Number         0  stm32f0xx_wwdg.o ABSOLUTE
    ..\\STM32F0xx_StdPeriph_Driver\\src\\stm32f0xx_adc.c 0x00000000   Number         0  stm32f0xx_adc.o ABSOLUTE
    ..\\STM32F0xx_StdPeriph_Driver\\src\\stm32f0xx_cec.c 0x00000000   Number         0  stm32f0xx_cec.o ABSOLUTE
    ..\\STM32F0xx_StdPeriph_Driver\\src\\stm32f0xx_comp.c 0x00000000   Number         0  stm32f0xx_comp.o ABSOLUTE
    ..\\STM32F0xx_StdPeriph_Driver\\src\\stm32f0xx_crc.c 0x00000000   Number         0  stm32f0xx_crc.o ABSOLUTE
    ..\\STM32F0xx_StdPeriph_Driver\\src\\stm32f0xx_dac.c 0x00000000   Number         0  stm32f0xx_dac.o ABSOLUTE
    ..\\STM32F0xx_StdPeriph_Driver\\src\\stm32f0xx_dbgmcu.c 0x00000000   Number         0  stm32f0xx_dbgmcu.o ABSOLUTE
    ..\\STM32F0xx_StdPeriph_Driver\\src\\stm32f0xx_dma.c 0x00000000   Number         0  stm32f0xx_dma.o ABSOLUTE
    ..\\STM32F0xx_StdPeriph_Driver\\src\\stm32f0xx_exti.c 0x00000000   Number         0  stm32f0xx_exti.o ABSOLUTE
    ..\\STM32F0xx_StdPeriph_Driver\\src\\stm32f0xx_flash.c 0x00000000   Number         0  stm32f0xx_flash.o ABSOLUTE
    ..\\STM32F0xx_StdPeriph_Driver\\src\\stm32f0xx_gpio.c 0x00000000   Number         0  stm32f0xx_gpio.o ABSOLUTE
    ..\\STM32F0xx_StdPeriph_Driver\\src\\stm32f0xx_i2c.c 0x00000000   Number         0  stm32f0xx_i2c.o ABSOLUTE
    ..\\STM32F0xx_StdPeriph_Driver\\src\\stm32f0xx_iwdg.c 0x00000000   Number         0  stm32f0xx_iwdg.o ABSOLUTE
    ..\\STM32F0xx_StdPeriph_Driver\\src\\stm32f0xx_misc.c 0x00000000   Number         0  stm32f0xx_misc.o ABSOLUTE
    ..\\STM32F0xx_StdPeriph_Driver\\src\\stm32f0xx_pwr.c 0x00000000   Number         0  stm32f0xx_pwr.o ABSOLUTE
    ..\\STM32F0xx_StdPeriph_Driver\\src\\stm32f0xx_rcc.c 0x00000000   Number         0  stm32f0xx_rcc.o ABSOLUTE
    ..\\STM32F0xx_StdPeriph_Driver\\src\\stm32f0xx_rtc.c 0x00000000   Number         0  stm32f0xx_rtc.o ABSOLUTE
    ..\\STM32F0xx_StdPeriph_Driver\\src\\stm32f0xx_spi.c 0x00000000   Number         0  stm32f0xx_spi.o ABSOLUTE
    ..\\STM32F0xx_StdPeriph_Driver\\src\\stm32f0xx_syscfg.c 0x00000000   Number         0  stm32f0xx_syscfg.o ABSOLUTE
    ..\\STM32F0xx_StdPeriph_Driver\\src\\stm32f0xx_tim.c 0x00000000   Number         0  stm32f0xx_tim.o ABSOLUTE
    ..\\STM32F0xx_StdPeriph_Driver\\src\\stm32f0xx_usart.c 0x00000000   Number         0  stm32f0xx_usart.o ABSOLUTE
    ..\\STM32F0xx_StdPeriph_Driver\\src\\stm32f0xx_wwdg.c 0x00000000   Number         0  stm32f0xx_wwdg.o ABSOLUTE
    ..\\a7139\\a7139.c                       0x00000000   Number         0  a7139.o ABSOLUTE
    ..\\a7139\\a7139_api.c                   0x00000000   Number         0  a7139_api.o ABSOLUTE
    ..\\sleep_wake\\sleep_wake.c             0x00000000   Number         0  sleep_wake.o ABSOLUTE
    ..\\src\\BSP_USART2.c                    0x00000000   Number         0  bsp_usart2.o ABSOLUTE
    ..\\src\\app_msg.c                       0x00000000   Number         0  app_msg.o ABSOLUTE
    ..\\src\\crc16.c                         0x00000000   Number         0  crc16.o ABSOLUTE
    ..\\src\\main.c                          0x00000000   Number         0  main.o ABSOLUTE
    ..\\stm32f0xx_it.c                       0x00000000   Number         0  stm32f0xx_it.o ABSOLUTE
    ..\\system_stm32f0xx.c                   0x00000000   Number         0  system_stm32f0xx.o ABSOLUTE
    ..\a7139\a7139.c                         0x00000000   Number         0  a7139.o ABSOLUTE
    ..\a7139\a7139_api.c                     0x00000000   Number         0  a7139_api.o ABSOLUTE
    ..\sleep_wake\sleep_wake.c               0x00000000   Number         0  sleep_wake.o ABSOLUTE
    ..\src\BSP_USART2.c                      0x00000000   Number         0  bsp_usart2.o ABSOLUTE
    ..\src\app_msg.c                         0x00000000   Number         0  app_msg.o ABSOLUTE
    ..\src\crc16.c                           0x00000000   Number         0  crc16.o ABSOLUTE
    ..\src\main.c                            0x00000000   Number         0  main.o ABSOLUTE
    ..\startup_stm32f0xx.s                   0x00000000   Number         0  startup_stm32f0xx.o ABSOLUTE
    ..\stm32f0xx_it.c                        0x00000000   Number         0  stm32f0xx_it.o ABSOLUTE
    ..\system_stm32f0xx.c                    0x00000000   Number         0  system_stm32f0xx.o ABSOLUTE
    dc.s                                     0x00000000   Number         0  dc.o ABSOLUTE
    handlers.s                               0x00000000   Number         0  handlers.o ABSOLUTE
    init.s                                   0x00000000   Number         0  init.o ABSOLUTE
    RESET                                    0x08000000   Section      192  startup_stm32f0xx.o(RESET)
    .ARM.Collect$$$$00000000                 0x080000c0   Section        0  entry.o(.ARM.Collect$$$$00000000)
    .ARM.Collect$$$$00000001                 0x080000c0   Section        4  entry2.o(.ARM.Collect$$$$00000001)
    .ARM.Collect$$$$00000004                 0x080000c4   Section        4  entry5.o(.ARM.Collect$$$$00000004)
    .ARM.Collect$$$$00000008                 0x080000c8   Section        0  entry7b.o(.ARM.Collect$$$$00000008)
    .ARM.Collect$$$$0000000A                 0x080000c8   Section        0  entry8b.o(.ARM.Collect$$$$0000000A)
    .ARM.Collect$$$$0000000B                 0x080000c8   Section        8  entry9a.o(.ARM.Collect$$$$0000000B)
    .ARM.Collect$$$$0000000D                 0x080000d0   Section        0  entry10a.o(.ARM.Collect$$$$0000000D)
    .ARM.Collect$$$$0000000F                 0x080000d0   Section        0  entry11a.o(.ARM.Collect$$$$0000000F)
    .ARM.Collect$$$$00002712                 0x080000d0   Section        4  entry2.o(.ARM.Collect$$$$00002712)
    __lit__00000000                          0x080000d0   Data           4  entry2.o(.ARM.Collect$$$$00002712)
    .text                                    0x080000d4   Section       28  startup_stm32f0xx.o(.text)
    .text                                    0x080000f0   Section        0  uidiv.o(.text)
    .text                                    0x0800011c   Section        0  memcpya.o(.text)
    .text                                    0x08000140   Section        0  memseta.o(.text)
    .text                                    0x08000164   Section       36  init.o(.text)
    i.A7139_Cal                              0x08000188   Section        0  a7139.o(i.A7139_Cal)
    i.A7139_Config                           0x080002ac   Section        0  a7139.o(i.A7139_Config)
    i.A7139_Fill_FIFO                        0x08000330   Section        0  a7139_api.o(i.A7139_Fill_FIFO)
    i.A7139_IO_ReSetBit                      0x0800034c   Section        0  a7139.o(i.A7139_IO_ReSetBit)
    i.A7139_IO_Read_Bit                      0x0800036c   Section        0  a7139.o(i.A7139_IO_Read_Bit)
    i.A7139_IO_SetBit                        0x0800038c   Section        0  a7139.o(i.A7139_IO_SetBit)
    i.A7139_RX_Exti                          0x080003ac   Section        0  a7139.o(i.A7139_RX_Exti)
    i.A7139_ReadPageA                        0x080003c8   Section        0  a7139.o(i.A7139_ReadPageA)
    i.A7139_ReadReg                          0x080003f0   Section        0  a7139.o(i.A7139_ReadReg)
    i.A7139_Send_Msg                         0x08000480   Section        0  a7139_api.o(i.A7139_Send_Msg)
    i.A7139_SetChn                           0x0800049c   Section        0  a7139_api.o(i.A7139_SetChn)
    i.A7139_WriteID                          0x08000550   Section        0  a7139.o(i.A7139_WriteID)
    i.A7139_WritePageA                       0x080005dc   Section        0  a7139.o(i.A7139_WritePageA)
    i.A7139_WritePageB                       0x08000604   Section        0  a7139.o(i.A7139_WritePageB)
    i.A7139_WriteReg                         0x0800062c   Section        0  a7139.o(i.A7139_WriteReg)
    i.A7139_fillFifo                         0x080006aa   Section        0  a7139_api.o(i.A7139_fillFifo)
    A7139_fillFifo                           0x080006ab   Thumb Code    74  a7139_api.o(i.A7139_fillFifo)
    i.ByteRead                               0x080006f4   Section        0  a7139.o(i.ByteRead)
    i.ByteSend                               0x0800073c   Section        0  a7139.o(i.ByteSend)
    i.Delay_ms                               0x08000778   Section        0  main.o(i.Delay_ms)
    i.EXTI4_15_IRQHandler                    0x0800078c   Section        0  stm32f0xx_it.o(i.EXTI4_15_IRQHandler)
    i.EXTI_ClearITPendingBit                 0x080007a8   Section        0  stm32f0xx_exti.o(i.EXTI_ClearITPendingBit)
    i.EXTI_GetITStatus                       0x080007b4   Section        0  stm32f0xx_exti.o(i.EXTI_GetITStatus)
    i.Err_State                              0x080007dc   Section        0  a7139.o(i.Err_State)
    i.Feed_IWDG                              0x080007e0   Section        0  main.o(i.Feed_IWDG)
    i.GIO2_wait                              0x080007e8   Section        0  a7139_api.o(i.GIO2_wait)
    i.GPIO_Init                              0x08000830   Section        0  stm32f0xx_gpio.o(i.GPIO_Init)
    i.GPIO_PinAFConfig                       0x080008c0   Section        0  stm32f0xx_gpio.o(i.GPIO_PinAFConfig)
    i.GPIO_ReadInputDataBit                  0x08000904   Section        0  stm32f0xx_gpio.o(i.GPIO_ReadInputDataBit)
    i.GPIO_ResetBits                         0x08000916   Section        0  stm32f0xx_gpio.o(i.GPIO_ResetBits)
    i.GPIO_SetBits                           0x0800091a   Section        0  stm32f0xx_gpio.o(i.GPIO_SetBits)
    i.HardFault_Handler                      0x0800091e   Section        0  stm32f0xx_it.o(i.HardFault_Handler)
    i.IWDG_Enable                            0x08000924   Section        0  stm32f0xx_iwdg.o(i.IWDG_Enable)
    i.IWDG_Init                              0x08000934   Section        0  main.o(i.IWDG_Init)
    i.IWDG_ReloadCounter                     0x0800095c   Section        0  stm32f0xx_iwdg.o(i.IWDG_ReloadCounter)
    i.IWDG_SetPrescaler                      0x0800096c   Section        0  stm32f0xx_iwdg.o(i.IWDG_SetPrescaler)
    i.IWDG_SetReload                         0x08000978   Section        0  stm32f0xx_iwdg.o(i.IWDG_SetReload)
    i.IWDG_WriteAccessCmd                    0x08000984   Section        0  stm32f0xx_iwdg.o(i.IWDG_WriteAccessCmd)
    i.InitRF                                 0x08000990   Section        0  a7139_api.o(i.InitRF)
    i.NMI_Handler                            0x080009ce   Section        0  stm32f0xx_it.o(i.NMI_Handler)
    i.NVIC_Init                              0x080009d0   Section        0  stm32f0xx_misc.o(i.NVIC_Init)
    i.NVIC_SetPriority                       0x08000a40   Section        0  main.o(i.NVIC_SetPriority)
    NVIC_SetPriority                         0x08000a41   Thumb Code   110  main.o(i.NVIC_SetPriority)
    i.PendSV_Handler                         0x08000ab8   Section        0  stm32f0xx_it.o(i.PendSV_Handler)
    i.RCC_AHBPeriphClockCmd                  0x08000abc   Section        0  stm32f0xx_rcc.o(i.RCC_AHBPeriphClockCmd)
    i.RCC_APB1PeriphClockCmd                 0x08000adc   Section        0  stm32f0xx_rcc.o(i.RCC_APB1PeriphClockCmd)
    i.RCC_GetClocksFreq                      0x08000afc   Section        0  stm32f0xx_rcc.o(i.RCC_GetClocksFreq)
    i.RCC_Init                               0x08000c68   Section        0  main.o(i.RCC_Init)
    i.SVC_Handler                            0x08000c7c   Section        0  stm32f0xx_it.o(i.SVC_Handler)
    i.SendWakeMsg                            0x08000c80   Section        0  sleep_wake.o(i.SendWakeMsg)
    i.SetSDIO_Output                         0x08000cb0   Section        0  a7139.o(i.SetSDIO_Output)
    i.SetSysClock                            0x08000cf0   Section        0  system_stm32f0xx.o(i.SetSysClock)
    SetSysClock                              0x08000cf1   Thumb Code   202  system_stm32f0xx.o(i.SetSysClock)
    i.StrobeCMD                              0x08000dc4   Section        0  a7139.o(i.StrobeCMD)
    i.SysTick_Handler                        0x08000e0a   Section        0  stm32f0xx_it.o(i.SysTick_Handler)
    i.SysTick_Init                           0x08000e14   Section        0  main.o(i.SysTick_Init)
    i.SysTime_handle                         0x08000e60   Section        0  main.o(i.SysTime_handle)
    i.SystemInit                             0x08000eb0   Section        0  system_stm32f0xx.o(i.SystemInit)
    i.Tag_Init                               0x08000f2c   Section        0  sleep_wake.o(i.Tag_Init)
    i.Tag_state_check                        0x08000f5c   Section        0  sleep_wake.o(i.Tag_state_check)
    i.USART2_IRQHandler                      0x08001020   Section        0  bsp_usart2.o(i.USART2_IRQHandler)
    i.USART2_Init                            0x08001054   Section        0  bsp_usart2.o(i.USART2_Init)
    i.USART2_Send                            0x080010e4   Section        0  bsp_usart2.o(i.USART2_Send)
    i.USART_ClearFlag                        0x08001114   Section        0  stm32f0xx_usart.o(i.USART_ClearFlag)
    i.USART_ClearITPendingBit                0x08001118   Section        0  stm32f0xx_usart.o(i.USART_ClearITPendingBit)
    i.USART_Cmd                              0x0800112a   Section        0  stm32f0xx_usart.o(i.USART_Cmd)
    i.USART_GetFlagStatus                    0x08001142   Section        0  stm32f0xx_usart.o(i.USART_GetFlagStatus)
    i.USART_GetITStatus                      0x08001154   Section        0  stm32f0xx_usart.o(i.USART_GetITStatus)
    i.USART_ITConfig                         0x080011a2   Section        0  stm32f0xx_usart.o(i.USART_ITConfig)
    i.USART_Init                             0x080011e4   Section        0  stm32f0xx_usart.o(i.USART_Init)
    i.USART_ReceiveData                      0x080012d4   Section        0  stm32f0xx_usart.o(i.USART_ReceiveData)
    i.USART_SendData                         0x080012de   Section        0  stm32f0xx_usart.o(i.USART_SendData)
    i.__scatterload_copy                     0x080012e6   Section       14  handlers.o(i.__scatterload_copy)
    i.__scatterload_null                     0x080012f4   Section        2  handlers.o(i.__scatterload_null)
    i.__scatterload_zeroinit                 0x080012f6   Section       14  handlers.o(i.__scatterload_zeroinit)
    i.a7139_GPIO_Init                        0x08001304   Section        0  a7139.o(i.a7139_GPIO_Init)
    i.a7139_recv_handle                      0x08001360   Section        0  a7139_api.o(i.a7139_recv_handle)
    i.build_wakeup_msg                       0x08001364   Section        0  sleep_wake.o(i.build_wakeup_msg)
    i.cal_crc16                              0x0800142c   Section        0  crc16.o(i.cal_crc16)
    i.cmd_handle                             0x0800145c   Section        0  sleep_wake.o(i.cmd_handle)
    i.crc_finish                             0x08001540   Section        0  crc16.o(i.crc_finish)
    i.crc_step                               0x0800156c   Section        0  crc16.o(i.crc_step)
    i.data_clean                             0x080015a8   Section        0  sleep_wake.o(i.data_clean)
    i.data_into_buffer                       0x080015dc   Section        0  app_msg.o(i.data_into_buffer)
    i.get_usart_buffer_ops                   0x08001628   Section        0  app_msg.o(i.get_usart_buffer_ops)
    i.main                                   0x08001654   Section        0  main.o(i.main)
    i.report_timeout_to_master               0x080016a4   Section        0  sleep_wake.o(i.report_timeout_to_master)
    i.send_rf_cmd_to_master                  0x080016cc   Section        0  sleep_wake.o(i.send_rf_cmd_to_master)
    send_rf_cmd_to_master                    0x080016cd   Thumb Code    14  sleep_wake.o(i.send_rf_cmd_to_master)
    i.tag_send_list_add                      0x080016dc   Section        0  sleep_wake.o(i.tag_send_list_add)
    i.tag_send_list_remove                   0x08001768   Section        0  sleep_wake.o(i.tag_send_list_remove)
    i.tag_timeout_handler                    0x080017e0   Section        0  sleep_wake.o(i.tag_timeout_handler)
    i.uart_buffer_clean                      0x08001818   Section        0  app_msg.o(i.uart_buffer_clean)
    i.usart_data_handle                      0x08001840   Section        0  app_msg.o(i.usart_data_handle)
    i.usart_msg_handle                       0x080018c0   Section        0  app_msg.o(i.usart_msg_handle)
    .constdata                               0x080018f4   Section       24  a7139.o(.constdata)
    .data                                    0x20000000   Section       20  system_stm32f0xx.o(.data)
    .data                                    0x20000014   Section       12  main.o(.data)
    .data                                    0x20000020   Section        9  app_msg.o(.data)
    .data                                    0x20000029   Section        6  sleep_wake.o(.data)
    .data                                    0x2000002f   Section       16  stm32f0xx_rcc.o(.data)
    APBAHBPrescTable                         0x2000002f   Data          16  stm32f0xx_rcc.o(.data)
    .data                                    0x20000040   Section      100  a7139.o(.data)
    .bss                                     0x200000a4   Section       82  app_msg.o(.bss)
    .bss                                     0x200000f6   Section      170  sleep_wake.o(.bss)
    STACK                                    0x200001a0   Section     1024  startup_stm32f0xx.o(STACK)

    Global Symbols

    Symbol Name                              Value     Ov Type        Size  Object(Section)

    BuildAttributes$$THM_ISAv3M$S$PE$A:L22$X:L11$S22$IEEE1$IW$USESV6$~STKCKD$USESV7$~SHL$OSPACE$EBA8$MICROLIB$REQ8$PRES8$EABIv2 0x00000000   Number         0  anon$$obj.o ABSOLUTE
    __ARM_use_no_argv                        0x00000000   Number         0  main.o ABSOLUTE
    __cpp_initialize__aeabi_                  - Undefined Weak Reference
    __cxa_finalize                            - Undefined Weak Reference
    __decompress                              - Undefined Weak Reference
    _clock_init                               - Undefined Weak Reference
    _microlib_exit                            - Undefined Weak Reference
    __Vectors_Size                           0x000000c0   Number         0  startup_stm32f0xx.o ABSOLUTE
    __Vectors                                0x08000000   Data           4  startup_stm32f0xx.o(RESET)
    __Vectors_End                            0x080000c0   Data           0  startup_stm32f0xx.o(RESET)
    __main                                   0x080000c1   Thumb Code     0  entry.o(.ARM.Collect$$$$00000000)
    _main_stk                                0x080000c1   Thumb Code     0  entry2.o(.ARM.Collect$$$$00000001)
    _main_scatterload                        0x080000c5   Thumb Code     0  entry5.o(.ARM.Collect$$$$00000004)
    __main_after_scatterload                 0x080000c9   Thumb Code     0  entry5.o(.ARM.Collect$$$$00000004)
    _main_clock                              0x080000c9   Thumb Code     0  entry7b.o(.ARM.Collect$$$$00000008)
    _main_cpp_init                           0x080000c9   Thumb Code     0  entry8b.o(.ARM.Collect$$$$0000000A)
    _main_init                               0x080000c9   Thumb Code     0  entry9a.o(.ARM.Collect$$$$0000000B)
    __rt_final_cpp                           0x080000d1   Thumb Code     0  entry10a.o(.ARM.Collect$$$$0000000D)
    __rt_final_exit                          0x080000d1   Thumb Code     0  entry11a.o(.ARM.Collect$$$$0000000F)
    Reset_Handler                            0x080000d5   Thumb Code     8  startup_stm32f0xx.o(.text)
    ADC1_COMP_IRQHandler                     0x080000e7   Thumb Code     0  startup_stm32f0xx.o(.text)
    CEC_IRQHandler                           0x080000e7   Thumb Code     0  startup_stm32f0xx.o(.text)
    DMA1_Channel1_IRQHandler                 0x080000e7   Thumb Code     0  startup_stm32f0xx.o(.text)
    DMA1_Channel2_3_IRQHandler               0x080000e7   Thumb Code     0  startup_stm32f0xx.o(.text)
    DMA1_Channel4_5_IRQHandler               0x080000e7   Thumb Code     0  startup_stm32f0xx.o(.text)
    EXTI0_1_IRQHandler                       0x080000e7   Thumb Code     0  startup_stm32f0xx.o(.text)
    EXTI2_3_IRQHandler                       0x080000e7   Thumb Code     0  startup_stm32f0xx.o(.text)
    FLASH_IRQHandler                         0x080000e7   Thumb Code     0  startup_stm32f0xx.o(.text)
    I2C1_IRQHandler                          0x080000e7   Thumb Code     0  startup_stm32f0xx.o(.text)
    I2C2_IRQHandler                          0x080000e7   Thumb Code     0  startup_stm32f0xx.o(.text)
    PVD_IRQHandler                           0x080000e7   Thumb Code     0  startup_stm32f0xx.o(.text)
    RCC_IRQHandler                           0x080000e7   Thumb Code     0  startup_stm32f0xx.o(.text)
    RTC_IRQHandler                           0x080000e7   Thumb Code     0  startup_stm32f0xx.o(.text)
    SPI1_IRQHandler                          0x080000e7   Thumb Code     0  startup_stm32f0xx.o(.text)
    SPI2_IRQHandler                          0x080000e7   Thumb Code     0  startup_stm32f0xx.o(.text)
    TIM14_IRQHandler                         0x080000e7   Thumb Code     0  startup_stm32f0xx.o(.text)
    TIM15_IRQHandler                         0x080000e7   Thumb Code     0  startup_stm32f0xx.o(.text)
    TIM16_IRQHandler                         0x080000e7   Thumb Code     0  startup_stm32f0xx.o(.text)
    TIM17_IRQHandler                         0x080000e7   Thumb Code     0  startup_stm32f0xx.o(.text)
    TIM1_BRK_UP_TRG_COM_IRQHandler           0x080000e7   Thumb Code     0  startup_stm32f0xx.o(.text)
    TIM1_CC_IRQHandler                       0x080000e7   Thumb Code     0  startup_stm32f0xx.o(.text)
    TIM2_IRQHandler                          0x080000e7   Thumb Code     0  startup_stm32f0xx.o(.text)
    TIM3_IRQHandler                          0x080000e7   Thumb Code     0  startup_stm32f0xx.o(.text)
    TIM6_DAC_IRQHandler                      0x080000e7   Thumb Code     0  startup_stm32f0xx.o(.text)
    TS_IRQHandler                            0x080000e7   Thumb Code     0  startup_stm32f0xx.o(.text)
    USART1_IRQHandler                        0x080000e7   Thumb Code     0  startup_stm32f0xx.o(.text)
    WWDG_IRQHandler                          0x080000e7   Thumb Code     0  startup_stm32f0xx.o(.text)
    __aeabi_uidiv                            0x080000f1   Thumb Code     0  uidiv.o(.text)
    __aeabi_uidivmod                         0x080000f1   Thumb Code    44  uidiv.o(.text)
    __aeabi_memcpy                           0x0800011d   Thumb Code    36  memcpya.o(.text)
    __aeabi_memcpy4                          0x0800011d   Thumb Code     0  memcpya.o(.text)
    __aeabi_memcpy8                          0x0800011d   Thumb Code     0  memcpya.o(.text)
    __aeabi_memset                           0x08000141   Thumb Code    14  memseta.o(.text)
    __aeabi_memset4                          0x08000141   Thumb Code     0  memseta.o(.text)
    __aeabi_memset8                          0x08000141   Thumb Code     0  memseta.o(.text)
    __aeabi_memclr                           0x0800014f   Thumb Code     4  memseta.o(.text)
    __aeabi_memclr4                          0x0800014f   Thumb Code     0  memseta.o(.text)
    __aeabi_memclr8                          0x0800014f   Thumb Code     0  memseta.o(.text)
    _memset$wrapper                          0x08000153   Thumb Code    18  memseta.o(.text)
    __scatterload                            0x08000165   Thumb Code    28  init.o(.text)
    __scatterload_rt2                        0x08000165   Thumb Code     0  init.o(.text)
    A7139_Cal                                0x08000189   Thumb Code   280  a7139.o(i.A7139_Cal)
    A7139_Config                             0x080002ad   Thumb Code   120  a7139.o(i.A7139_Config)
    A7139_Fill_FIFO                          0x08000331   Thumb Code    28  a7139_api.o(i.A7139_Fill_FIFO)
    A7139_IO_ReSetBit                        0x0800034d   Thumb Code    24  a7139.o(i.A7139_IO_ReSetBit)
    A7139_IO_Read_Bit                        0x0800036d   Thumb Code    24  a7139.o(i.A7139_IO_Read_Bit)
    A7139_IO_SetBit                          0x0800038d   Thumb Code    24  a7139.o(i.A7139_IO_SetBit)
    A7139_RX_Exti                            0x080003ad   Thumb Code    28  a7139.o(i.A7139_RX_Exti)
    A7139_ReadPageA                          0x080003c9   Thumb Code    36  a7139.o(i.A7139_ReadPageA)
    A7139_ReadReg                            0x080003f1   Thumb Code   144  a7139.o(i.A7139_ReadReg)
    A7139_Send_Msg                           0x08000481   Thumb Code    28  a7139_api.o(i.A7139_Send_Msg)
    A7139_SetChn                             0x0800049d   Thumb Code   158  a7139_api.o(i.A7139_SetChn)
    A7139_WriteID                            0x08000551   Thumb Code   130  a7139.o(i.A7139_WriteID)
    A7139_WritePageA                         0x080005dd   Thumb Code    36  a7139.o(i.A7139_WritePageA)
    A7139_WritePageB                         0x08000605   Thumb Code    36  a7139.o(i.A7139_WritePageB)
    A7139_WriteReg                           0x0800062d   Thumb Code   126  a7139.o(i.A7139_WriteReg)
    ByteRead                                 0x080006f5   Thumb Code    72  a7139.o(i.ByteRead)
    ByteSend                                 0x0800073d   Thumb Code    58  a7139.o(i.ByteSend)
    Delay_ms                                 0x08000779   Thumb Code    16  main.o(i.Delay_ms)
    EXTI4_15_IRQHandler                      0x0800078d   Thumb Code    28  stm32f0xx_it.o(i.EXTI4_15_IRQHandler)
    EXTI_ClearITPendingBit                   0x080007a9   Thumb Code     6  stm32f0xx_exti.o(i.EXTI_ClearITPendingBit)
    EXTI_GetITStatus                         0x080007b5   Thumb Code    34  stm32f0xx_exti.o(i.EXTI_GetITStatus)
    Err_State                                0x080007dd   Thumb Code     4  a7139.o(i.Err_State)
    Feed_IWDG                                0x080007e1   Thumb Code     8  main.o(i.Feed_IWDG)
    GIO2_wait                                0x080007e9   Thumb Code    68  a7139_api.o(i.GIO2_wait)
    GPIO_Init                                0x08000831   Thumb Code   144  stm32f0xx_gpio.o(i.GPIO_Init)
    GPIO_PinAFConfig                         0x080008c1   Thumb Code    68  stm32f0xx_gpio.o(i.GPIO_PinAFConfig)
    GPIO_ReadInputDataBit                    0x08000905   Thumb Code    18  stm32f0xx_gpio.o(i.GPIO_ReadInputDataBit)
    GPIO_ResetBits                           0x08000917   Thumb Code     4  stm32f0xx_gpio.o(i.GPIO_ResetBits)
    GPIO_SetBits                             0x0800091b   Thumb Code     4  stm32f0xx_gpio.o(i.GPIO_SetBits)
    HardFault_Handler                        0x0800091f   Thumb Code     4  stm32f0xx_it.o(i.HardFault_Handler)
    IWDG_Enable                              0x08000925   Thumb Code     8  stm32f0xx_iwdg.o(i.IWDG_Enable)
    IWDG_Init                                0x08000935   Thumb Code    30  main.o(i.IWDG_Init)
    IWDG_ReloadCounter                       0x0800095d   Thumb Code     8  stm32f0xx_iwdg.o(i.IWDG_ReloadCounter)
    IWDG_SetPrescaler                        0x0800096d   Thumb Code     6  stm32f0xx_iwdg.o(i.IWDG_SetPrescaler)
    IWDG_SetReload                           0x08000979   Thumb Code     6  stm32f0xx_iwdg.o(i.IWDG_SetReload)
    IWDG_WriteAccessCmd                      0x08000985   Thumb Code     6  stm32f0xx_iwdg.o(i.IWDG_WriteAccessCmd)
    InitRF                                   0x08000991   Thumb Code    62  a7139_api.o(i.InitRF)
    NMI_Handler                              0x080009cf   Thumb Code     2  stm32f0xx_it.o(i.NMI_Handler)
    NVIC_Init                                0x080009d1   Thumb Code   106  stm32f0xx_misc.o(i.NVIC_Init)
    PendSV_Handler                           0x08000ab9   Thumb Code     2  stm32f0xx_it.o(i.PendSV_Handler)
    RCC_AHBPeriphClockCmd                    0x08000abd   Thumb Code    28  stm32f0xx_rcc.o(i.RCC_AHBPeriphClockCmd)
    RCC_APB1PeriphClockCmd                   0x08000add   Thumb Code    28  stm32f0xx_rcc.o(i.RCC_APB1PeriphClockCmd)
    RCC_GetClocksFreq                        0x08000afd   Thumb Code   338  stm32f0xx_rcc.o(i.RCC_GetClocksFreq)
    RCC_Init                                 0x08000c69   Thumb Code    20  main.o(i.RCC_Init)
    SVC_Handler                              0x08000c7d   Thumb Code     2  stm32f0xx_it.o(i.SVC_Handler)
    SendWakeMsg                              0x08000c81   Thumb Code    38  sleep_wake.o(i.SendWakeMsg)
    SetSDIO_Output                           0x08000cb1   Thumb Code    64  a7139.o(i.SetSDIO_Output)
    StrobeCMD                                0x08000dc5   Thumb Code    70  a7139.o(i.StrobeCMD)
    SysTick_Handler                          0x08000e0b   Thumb Code     8  stm32f0xx_it.o(i.SysTick_Handler)
    SysTick_Init                             0x08000e15   Thumb Code    64  main.o(i.SysTick_Init)
    SysTime_handle                           0x08000e61   Thumb Code    68  main.o(i.SysTime_handle)
    SystemInit                               0x08000eb1   Thumb Code   110  system_stm32f0xx.o(i.SystemInit)
    Tag_Init                                 0x08000f2d   Thumb Code    36  sleep_wake.o(i.Tag_Init)
    Tag_state_check                          0x08000f5d   Thumb Code   190  sleep_wake.o(i.Tag_state_check)
    USART2_IRQHandler                        0x08001021   Thumb Code    44  bsp_usart2.o(i.USART2_IRQHandler)
    USART2_Init                              0x08001055   Thumb Code   134  bsp_usart2.o(i.USART2_Init)
    USART2_Send                              0x080010e5   Thumb Code    42  bsp_usart2.o(i.USART2_Send)
    USART_ClearFlag                          0x08001115   Thumb Code     4  stm32f0xx_usart.o(i.USART_ClearFlag)
    USART_ClearITPendingBit                  0x08001119   Thumb Code    18  stm32f0xx_usart.o(i.USART_ClearITPendingBit)
    USART_Cmd                                0x0800112b   Thumb Code    24  stm32f0xx_usart.o(i.USART_Cmd)
    USART_GetFlagStatus                      0x08001143   Thumb Code    18  stm32f0xx_usart.o(i.USART_GetFlagStatus)
    USART_GetITStatus                        0x08001155   Thumb Code    78  stm32f0xx_usart.o(i.USART_GetITStatus)
    USART_ITConfig                           0x080011a3   Thumb Code    66  stm32f0xx_usart.o(i.USART_ITConfig)
    USART_Init                               0x080011e5   Thumb Code   230  stm32f0xx_usart.o(i.USART_Init)
    USART_ReceiveData                        0x080012d5   Thumb Code    10  stm32f0xx_usart.o(i.USART_ReceiveData)
    USART_SendData                           0x080012df   Thumb Code     8  stm32f0xx_usart.o(i.USART_SendData)
    __scatterload_copy                       0x080012e7   Thumb Code    14  handlers.o(i.__scatterload_copy)
    __scatterload_null                       0x080012f5   Thumb Code     2  handlers.o(i.__scatterload_null)
    __scatterload_zeroinit                   0x080012f7   Thumb Code    14  handlers.o(i.__scatterload_zeroinit)
    a7139_GPIO_Init                          0x08001305   Thumb Code    88  a7139.o(i.a7139_GPIO_Init)
    a7139_recv_handle                        0x08001361   Thumb Code     2  a7139_api.o(i.a7139_recv_handle)
    build_wakeup_msg                         0x08001365   Thumb Code   182  sleep_wake.o(i.build_wakeup_msg)
    cal_crc16                                0x0800142d   Thumb Code    42  crc16.o(i.cal_crc16)
    cmd_handle                               0x0800145d   Thumb Code   224  sleep_wake.o(i.cmd_handle)
    crc_finish                               0x08001541   Thumb Code    40  crc16.o(i.crc_finish)
    crc_step                                 0x0800156d   Thumb Code    56  crc16.o(i.crc_step)
    data_clean                               0x080015a9   Thumb Code    34  sleep_wake.o(i.data_clean)
    data_into_buffer                         0x080015dd   Thumb Code    72  app_msg.o(i.data_into_buffer)
    get_usart_buffer_ops                     0x08001629   Thumb Code    40  app_msg.o(i.get_usart_buffer_ops)
    main                                     0x08001655   Thumb Code    72  main.o(i.main)
    report_timeout_to_master                 0x080016a5   Thumb Code    40  sleep_wake.o(i.report_timeout_to_master)
    tag_send_list_add                        0x080016dd   Thumb Code   136  sleep_wake.o(i.tag_send_list_add)
    tag_send_list_remove                     0x08001769   Thumb Code   114  sleep_wake.o(i.tag_send_list_remove)
    tag_timeout_handler                      0x080017e1   Thumb Code    44  sleep_wake.o(i.tag_timeout_handler)
    uart_buffer_clean                        0x08001819   Thumb Code    32  app_msg.o(i.uart_buffer_clean)
    usart_data_handle                        0x08001841   Thumb Code   118  app_msg.o(i.usart_data_handle)
    usart_msg_handle                         0x080018c1   Thumb Code    46  app_msg.o(i.usart_msg_handle)
    A7139_GPIO_PIN                           0x080018f4   Data          24  a7139.o(.constdata)
    Region$$Table$$Base                      0x0800190c   Number         0  anon$$obj.o(Region$$Table)
    Region$$Table$$Limit                     0x0800192c   Number         0  anon$$obj.o(Region$$Table)
    SystemCoreClock                          0x20000000   Data           4  system_stm32f0xx.o(.data)
    AHBPrescTable                            0x20000004   Data          16  system_stm32f0xx.o(.data)
    sysTimeDelay                             0x20000014   Data           4  main.o(.data)
    sysTime1ms                               0x20000018   Data           4  main.o(.data)
    tag_check_flag                           0x2000001c   Data           1  main.o(.data)
    uart_buff_clean_delay                    0x2000001e   Data           2  main.o(.data)
    uart_recv_temp                           0x20000020   Data           8  app_msg.o(.data)
    uart_recv_count                          0x20000028   Data           1  app_msg.o(.data)
    RfConfig                                 0x20000029   Data           5  sleep_wake.o(.data)
    send_state                               0x2000002e   Data           1  sleep_wake.o(.data)
    A7139Config                              0x20000040   Data          32  a7139.o(.data)
    A7139Config_PageA                        0x20000060   Data          32  a7139.o(.data)
    A7139Config_PageB                        0x20000080   Data          10  a7139.o(.data)
    A7139_GPIO_PORT                          0x2000008c   Data          24  a7139.o(.data)
    Data_from_Uart_buffer                    0x200000a4   Data          82  app_msg.o(.bss)
    wake_tag_list                            0x200000f6   Data         106  sleep_wake.o(.bss)
    send_msg_buf                             0x20000160   Data          64  sleep_wake.o(.bss)
    __initial_sp                             0x200005a0   Data           0  startup_stm32f0xx.o(STACK)



==============================================================================

Memory Map of the image

  Image Entry point : 0x080000c1

  Load Region LR_IROM1 (Base: 0x08000000, Size: 0x000019d0, Max: 0x00010000, ABSOLUTE)

    Execution Region ER_IROM1 (Base: 0x08000000, Size: 0x0000192c, Max: 0x00010000, ABSOLUTE)

    Base Addr    Size         Type   Attr      Idx    E Section Name        Object

    0x08000000   0x000000c0   Data   RO          602    RESET               startup_stm32f0xx.o
    0x080000c0   0x00000000   Code   RO         4039  * .ARM.Collect$$$$00000000  mc_p.l(entry.o)
    0x080000c0   0x00000004   Code   RO         4050    .ARM.Collect$$$$00000001  mc_p.l(entry2.o)
    0x080000c4   0x00000004   Code   RO         4053    .ARM.Collect$$$$00000004  mc_p.l(entry5.o)
    0x080000c8   0x00000000   Code   RO         4055    .ARM.Collect$$$$00000008  mc_p.l(entry7b.o)
    0x080000c8   0x00000000   Code   RO         4057    .ARM.Collect$$$$0000000A  mc_p.l(entry8b.o)
    0x080000c8   0x00000008   Code   RO         4058    .ARM.Collect$$$$0000000B  mc_p.l(entry9a.o)
    0x080000d0   0x00000000   Code   RO         4060    .ARM.Collect$$$$0000000D  mc_p.l(entry10a.o)
    0x080000d0   0x00000000   Code   RO         4062    .ARM.Collect$$$$0000000F  mc_p.l(entry11a.o)
    0x080000d0   0x00000004   Code   RO         4051    .ARM.Collect$$$$00002712  mc_p.l(entry2.o)
    0x080000d4   0x0000001c   Code   RO          603    .text               startup_stm32f0xx.o
    0x080000f0   0x0000002c   Code   RO         4042    .text               mc_p.l(uidiv.o)
    0x0800011c   0x00000024   Code   RO         4044    .text               mc_p.l(memcpya.o)
    0x08000140   0x00000024   Code   RO         4046    .text               mc_p.l(memseta.o)
    0x08000164   0x00000024   Code   RO         4064    .text               mc_p.l(init.o)
    0x08000188   0x00000124   Code   RO         3791    i.A7139_Cal         a7139.o
    0x080002ac   0x00000084   Code   RO         3792    i.A7139_Config      a7139.o
    0x08000330   0x0000001c   Code   RO         3941    i.A7139_Fill_FIFO   a7139_api.o
    0x0800034c   0x00000020   Code   RO         3794    i.A7139_IO_ReSetBit  a7139.o
    0x0800036c   0x00000020   Code   RO         3795    i.A7139_IO_Read_Bit  a7139.o
    0x0800038c   0x00000020   Code   RO         3796    i.A7139_IO_SetBit   a7139.o
    0x080003ac   0x0000001c   Code   RO         3797    i.A7139_RX_Exti     a7139.o
    0x080003c8   0x00000028   Code   RO         3798    i.A7139_ReadPageA   a7139.o
    0x080003f0   0x00000090   Code   RO         3800    i.A7139_ReadReg     a7139.o
    0x08000480   0x0000001c   Code   RO         3943    i.A7139_Send_Msg    a7139_api.o
    0x0800049c   0x000000b4   Code   RO         3944    i.A7139_SetChn      a7139_api.o
    0x08000550   0x0000008c   Code   RO         3801    i.A7139_WriteID     a7139.o
    0x080005dc   0x00000028   Code   RO         3802    i.A7139_WritePageA  a7139.o
    0x08000604   0x00000028   Code   RO         3803    i.A7139_WritePageB  a7139.o
    0x0800062c   0x0000007e   Code   RO         3804    i.A7139_WriteReg    a7139.o
    0x080006aa   0x0000004a   Code   RO         3946    i.A7139_fillFifo    a7139_api.o
    0x080006f4   0x00000048   Code   RO         3805    i.ByteRead          a7139.o
    0x0800073c   0x0000003a   Code   RO         3806    i.ByteSend          a7139.o
    0x08000776   0x00000002   PAD
    0x08000778   0x00000014   Code   RO          191    i.Delay_ms          main.o
    0x0800078c   0x0000001c   Code   RO            3    i.EXTI4_15_IRQHandler  stm32f0xx_it.o
    0x080007a8   0x0000000c   Code   RO         1260    i.EXTI_ClearITPendingBit  stm32f0xx_exti.o
    0x080007b4   0x00000028   Code   RO         1264    i.EXTI_GetITStatus  stm32f0xx_exti.o
    0x080007dc   0x00000004   Code   RO         3807    i.Err_State         a7139.o
    0x080007e0   0x00000008   Code   RO          192    i.Feed_IWDG         main.o
    0x080007e8   0x00000048   Code   RO         3947    i.GIO2_wait         a7139_api.o
    0x08000830   0x00000090   Code   RO         1510    i.GPIO_Init         stm32f0xx_gpio.o
    0x080008c0   0x00000044   Code   RO         1511    i.GPIO_PinAFConfig  stm32f0xx_gpio.o
    0x08000904   0x00000012   Code   RO         1514    i.GPIO_ReadInputDataBit  stm32f0xx_gpio.o
    0x08000916   0x00000004   Code   RO         1517    i.GPIO_ResetBits    stm32f0xx_gpio.o
    0x0800091a   0x00000004   Code   RO         1518    i.GPIO_SetBits      stm32f0xx_gpio.o
    0x0800091e   0x00000004   Code   RO            4    i.HardFault_Handler  stm32f0xx_it.o
    0x08000922   0x00000002   PAD
    0x08000924   0x00000010   Code   RO         1867    i.IWDG_Enable       stm32f0xx_iwdg.o
    0x08000934   0x00000028   Code   RO          193    i.IWDG_Init         main.o
    0x0800095c   0x00000010   Code   RO         1869    i.IWDG_ReloadCounter  stm32f0xx_iwdg.o
    0x0800096c   0x0000000c   Code   RO         1870    i.IWDG_SetPrescaler  stm32f0xx_iwdg.o
    0x08000978   0x0000000c   Code   RO         1871    i.IWDG_SetReload    stm32f0xx_iwdg.o
    0x08000984   0x0000000c   Code   RO         1873    i.IWDG_WriteAccessCmd  stm32f0xx_iwdg.o
    0x08000990   0x0000003e   Code   RO         3948    i.InitRF            a7139_api.o
    0x080009ce   0x00000002   Code   RO            5    i.NMI_Handler       stm32f0xx_it.o
    0x080009d0   0x00000070   Code   RO         1923    i.NVIC_Init         stm32f0xx_misc.o
    0x08000a40   0x00000078   Code   RO          194    i.NVIC_SetPriority  main.o
    0x08000ab8   0x00000002   Code   RO            6    i.PendSV_Handler    stm32f0xx_it.o
    0x08000aba   0x00000002   PAD
    0x08000abc   0x00000020   Code   RO         2030    i.RCC_AHBPeriphClockCmd  stm32f0xx_rcc.o
    0x08000adc   0x00000020   Code   RO         2032    i.RCC_APB1PeriphClockCmd  stm32f0xx_rcc.o
    0x08000afc   0x0000016c   Code   RO         2044    i.RCC_GetClocksFreq  stm32f0xx_rcc.o
    0x08000c68   0x00000014   Code   RO          195    i.RCC_Init          main.o
    0x08000c7c   0x00000002   Code   RO            7    i.SVC_Handler       stm32f0xx_it.o
    0x08000c7e   0x00000002   PAD
    0x08000c80   0x00000030   Code   RO          433    i.SendWakeMsg       sleep_wake.o
    0x08000cb0   0x00000040   Code   RO         3809    i.SetSDIO_Output    a7139.o
    0x08000cf0   0x000000d4   Code   RO          152    i.SetSysClock       system_stm32f0xx.o
    0x08000dc4   0x00000046   Code   RO         3810    i.StrobeCMD         a7139.o
    0x08000e0a   0x00000008   Code   RO            8    i.SysTick_Handler   stm32f0xx_it.o
    0x08000e12   0x00000002   PAD
    0x08000e14   0x0000004c   Code   RO          196    i.SysTick_Init      main.o
    0x08000e60   0x00000050   Code   RO          197    i.SysTime_handle    main.o
    0x08000eb0   0x0000007c   Code   RO          154    i.SystemInit        system_stm32f0xx.o
    0x08000f2c   0x00000030   Code   RO          434    i.Tag_Init          sleep_wake.o
    0x08000f5c   0x000000c4   Code   RO          435    i.Tag_state_check   sleep_wake.o
    0x08001020   0x00000034   Code   RO          561    i.USART2_IRQHandler  bsp_usart2.o
    0x08001054   0x00000090   Code   RO          562    i.USART2_Init       bsp_usart2.o
    0x080010e4   0x00000030   Code   RO          563    i.USART2_Send       bsp_usart2.o
    0x08001114   0x00000004   Code   RO         3419    i.USART_ClearFlag   stm32f0xx_usart.o
    0x08001118   0x00000012   Code   RO         3420    i.USART_ClearITPendingBit  stm32f0xx_usart.o
    0x0800112a   0x00000018   Code   RO         3423    i.USART_Cmd         stm32f0xx_usart.o
    0x08001142   0x00000012   Code   RO         3431    i.USART_GetFlagStatus  stm32f0xx_usart.o
    0x08001154   0x0000004e   Code   RO         3432    i.USART_GetITStatus  stm32f0xx_usart.o
    0x080011a2   0x00000042   Code   RO         3434    i.USART_ITConfig    stm32f0xx_usart.o
    0x080011e4   0x000000f0   Code   RO         3435    i.USART_Init        stm32f0xx_usart.o
    0x080012d4   0x0000000a   Code   RO         3447    i.USART_ReceiveData  stm32f0xx_usart.o
    0x080012de   0x00000008   Code   RO         3452    i.USART_SendData    stm32f0xx_usart.o
    0x080012e6   0x0000000e   Code   RO         4068    i.__scatterload_copy  mc_p.l(handlers.o)
    0x080012f4   0x00000002   Code   RO         4069    i.__scatterload_null  mc_p.l(handlers.o)
    0x080012f6   0x0000000e   Code   RO         4070    i.__scatterload_zeroinit  mc_p.l(handlers.o)
    0x08001304   0x0000005c   Code   RO         3811    i.a7139_GPIO_Init   a7139.o
    0x08001360   0x00000002   Code   RO         3953    i.a7139_recv_handle  a7139_api.o
    0x08001362   0x00000002   PAD
    0x08001364   0x000000c8   Code   RO          436    i.build_wakeup_msg  sleep_wake.o
    0x0800142c   0x00000030   Code   RO          526    i.cal_crc16         crc16.o
    0x0800145c   0x000000e4   Code   RO          437    i.cmd_handle        sleep_wake.o
    0x08001540   0x0000002c   Code   RO          527    i.crc_finish        crc16.o
    0x0800156c   0x0000003c   Code   RO          528    i.crc_step          crc16.o
    0x080015a8   0x00000034   Code   RO          438    i.data_clean        sleep_wake.o
    0x080015dc   0x0000004c   Code   RO          356    i.data_into_buffer  app_msg.o
    0x08001628   0x0000002c   Code   RO          357    i.get_usart_buffer_ops  app_msg.o
    0x08001654   0x00000050   Code   RO          198    i.main              main.o
    0x080016a4   0x00000028   Code   RO          439    i.report_timeout_to_master  sleep_wake.o
    0x080016cc   0x0000000e   Code   RO          441    i.send_rf_cmd_to_master  sleep_wake.o
    0x080016da   0x00000002   PAD
    0x080016dc   0x0000008c   Code   RO          442    i.tag_send_list_add  sleep_wake.o
    0x08001768   0x00000078   Code   RO          443    i.tag_send_list_remove  sleep_wake.o
    0x080017e0   0x00000038   Code   RO          444    i.tag_timeout_handler  sleep_wake.o
    0x08001818   0x00000028   Code   RO          358    i.uart_buffer_clean  app_msg.o
    0x08001840   0x00000080   Code   RO          359    i.usart_data_handle  app_msg.o
    0x080018c0   0x00000034   Code   RO          360    i.usart_msg_handle  app_msg.o
    0x080018f4   0x00000018   Data   RO         3812    .constdata          a7139.o
    0x0800190c   0x00000020   Data   RO         4066    Region$$Table       anon$$obj.o


    Execution Region RW_IRAM1 (Base: 0x20000000, Size: 0x000005a0, Max: 0x00002000, ABSOLUTE)

    Base Addr    Size         Type   Attr      Idx    E Section Name        Object

    0x20000000   0x00000014   Data   RW          155    .data               system_stm32f0xx.o
    0x20000014   0x0000000c   Data   RW          199    .data               main.o
    0x20000020   0x00000009   Data   RW          362    .data               app_msg.o
    0x20000029   0x00000006   Data   RW          446    .data               sleep_wake.o
    0x2000002f   0x00000010   Data   RW         2068    .data               stm32f0xx_rcc.o
    0x2000003f   0x00000001   PAD
    0x20000040   0x00000064   Data   RW         3813    .data               a7139.o
    0x200000a4   0x00000052   Zero   RW          361    .bss                app_msg.o
    0x200000f6   0x000000aa   Zero   RW          445    .bss                sleep_wake.o
    0x200001a0   0x00000400   Zero   RW          600    STACK               startup_stm32f0xx.o


==============================================================================

Image component sizes


      Code (inc. data)   RO Data    RW Data    ZI Data      Debug   Object Name

      1438         74         24        100          0      11284   a7139.o
       446         26          0          0          0       3859   a7139_api.o
       340         32          0          9         82      89200   app_msg.o
       244         24          0          0          0       1732   bsp_usart2.o
       152         14          0          0          0       1800   crc16.o
       444         56          0         12          0      93560   main.o
      1142         90          0          6        170       7533   sleep_wake.o
        28          8        192          0       1024        560   startup_stm32f0xx.o
        52         12          0          0          0       1052   stm32f0xx_exti.o
       238          0          0          0          0       3251   stm32f0xx_gpio.o
        46          0          0          0          0      31381   stm32f0xx_it.o
        68         34          0          0          0       2290   stm32f0xx_iwdg.o
       112          6          0          0          0        868   stm32f0xx_misc.o
       428         34          0         16          0       2717   stm32f0xx_rcc.o
       466         10          0          0          0       6181   stm32f0xx_usart.o
       336         24          0         20          0       1441   system_stm32f0xx.o

    ----------------------------------------------------------------------
      5994        444        248        164       1276     258709   Object Totals
         0          0         32          0          0          0   (incl. Generated)
        14          0          0          1          0          0   (incl. Padding)

    ----------------------------------------------------------------------

      Code (inc. data)   RO Data    RW Data    ZI Data      Debug   Library Member Name

         0          0          0          0          0          0   entry.o
         0          0          0          0          0          0   entry10a.o
         0          0          0          0          0          0   entry11a.o
         8          4          0          0          0          0   entry2.o
         4          0          0          0          0          0   entry5.o
         0          0          0          0          0          0   entry7b.o
         0          0          0          0          0          0   entry8b.o
         8          4          0          0          0          0   entry9a.o
        30          0          0          0          0          0   handlers.o
        36          8          0          0          0         68   init.o
        36          0          0          0          0         60   memcpya.o
        36          0          0          0          0        100   memseta.o
        44          0          0          0          0         72   uidiv.o

    ----------------------------------------------------------------------
       202         16          0          0          0        300   Library Totals
         0          0          0          0          0          0   (incl. Padding)

    ----------------------------------------------------------------------

      Code (inc. data)   RO Data    RW Data    ZI Data      Debug   Library Name

       202         16          0          0          0        300   mc_p.l

    ----------------------------------------------------------------------
       202         16          0          0          0        300   Library Totals

    ----------------------------------------------------------------------

==============================================================================


      Code (inc. data)   RO Data    RW Data    ZI Data      Debug   

      6196        460        248        164       1276     255173   Grand Totals
      6196        460        248        164       1276     255173   ELF Image Totals
      6196        460        248        164          0          0   ROM Totals

==============================================================================

    Total RO  Size (Code + RO Data)                 6444 (   6.29kB)
    Total RW  Size (RW Data + ZI Data)              1440 (   1.41kB)
    Total ROM Size (Code + RO Data + RW Data)       6608 (   6.45kB)

==============================================================================

