<html>
<body>
<pre>
<h1>µVision Build Log</h1>
<h2>Project:</h2>
E:\My WorkPlace\app_smart_tag_a7139\a7139_IAP\MDK-ARM\STM32F051R8_Demo.uvproj
Project File Date:  07/27/2015

<h2>Output:</h2>
Build target 'a7139_touchuan'
linking...
Program Size: Code=1596 RO-data=3500 RW-data=24 ZI-data=1320  
FromELF: creating hex file...
".\out\IO_Toggle.axf" - 0 Errors, 0 Warning(s).
Clean started: Project: 'STM32F051R8_Demo'
   deleting intermediate output files for target 'a7139_touchuan'
Build target 'a7139_touchuan'
compiling stm32f0xx_it.c...
compiling system_stm32f0xx.c...
compiling main.c...
..\src\main.c(27): warning:  #223-D: function "cal_crc16" declared implicitly
..\src\main.c(18): warning:  #177-D: variable "cmp" was declared but never referenced
..\src\main.c(19): warning:  #177-D: variable "t" was declared but never referenced
..\src\main.c(38): warning:  #223-D: function "memcpy" declared implicitly
..\src\main.c(41): warning:  #223-D: function "cal_crc16" declared implicitly
compiling flash_if.c...
compiling crc16.c...
assembling startup_stm32f0xx.s...
compiling stm32f0xx_rcc.c...
compiling stm32f0xx_syscfg.c...
compiling stm32f0xx_flash.c...
linking...
Program Size: Code=1596 RO-data=3500 RW-data=24 ZI-data=1320  
FromELF: creating hex file...
".\out\bootloadr_smart_tag.axf" - 0 Errors, 5 Warning(s).
Build target 'a7139_touchuan'
linking...
Program Size: Code=1596 RO-data=3500 RW-data=24 ZI-data=1320  
FromELF: creating hex file...
".\out\bootloadr_smart_tag.axf" - 0 Errors, 0 Warning(s).
Build target 'a7139_touchuan'
linking...
Program Size: Code=1596 RO-data=3500 RW-data=24 ZI-data=1320  
FromELF: creating hex file...
After Build - User command #1: D:\Keil\ARM\ARMCC\bin\fromelf.exe --bin --output ../bootloadr_smart_tag.bin ../obj/bootloadr_smart_tag.axf
"../obj/bootloadr_smart_tag.axf": Error: Q0122E: Could not open file '../obj/bootloadr_smart_tag.axf': No such file or directory
Finished: 0 information, 0 warning and 1 error messages.
".\out\bootloadr_smart_tag.axf" - 0 Errors, 0 Warning(s).
Build target 'a7139_touchuan'
linking...
Program Size: Code=1596 RO-data=3500 RW-data=24 ZI-data=1320  
FromELF: creating hex file...
After Build - User command #1: D:\Keil\ARM\ARMCC\bin\fromelf.exe --bin --output ../bootloadr_smart_tag.bin ../out/bootloadr_smart_tag.axf
"../out/bootloadr_smart_tag.axf": Error: Q0122E: Could not open file '../out/bootloadr_smart_tag.axf': No such file or directory
Finished: 0 information, 0 warning and 1 error messages.
".\out\bootloadr_smart_tag.axf" - 0 Errors, 0 Warning(s).
Build target 'a7139_touchuan'
linking...
Program Size: Code=1596 RO-data=3500 RW-data=24 ZI-data=1320  
FromELF: creating hex file...
After Build - User command #1: D:\Keil\ARM\ARMCC\bin\fromelf.exe --bin --output ../bootloadr_smart_tag.bin ./out/bootloadr_smart_tag.axf
".\out\bootloadr_smart_tag.axf" - 0 Errors, 0 Warning(s).
Build target 'a7139_touchuan'
linking...
Program Size: Code=1596 RO-data=3500 RW-data=24 ZI-data=1320  
FromELF: creating hex file...
After Build - User command #1: D:\Keil\ARM\ARMCC\bin\fromelf.exe --bin --output ../bootloadr_smart_tag.bin ./out/bootloadr_smart_tag.axf
".\out\bootloadr_smart_tag.axf" - 0 Errors, 0 Warning(s).
